Archive member included to satisfy reference by file (symbol)

/usr/local/Cellar/arm-none-eabi-gcc/10.3-2021.07/gcc/bin/../lib/gcc/arm-none-eabi/10.3.1/thumb/v6-m/nofp/libgcc.a(_dvmd_tls.o)
                              CMakeFiles/lab09.dir/Users/abhinavsinha/pico/pico-sdk/src/rp2_common/pico_divider/divider.S.obj (__aeabi_idiv0)
/usr/local/Cellar/arm-none-eabi-gcc/10.3-2021.07/gcc/bin/../lib/gcc/arm-none-eabi/10.3.1/../../../../arm-none-eabi/lib/thumb/v6-m/nofp/libg.a(lib_a-calloc.o)
                              CMakeFiles/lab09.dir/Users/abhinavsinha/pico/pico-sdk/src/rp2_common/pico_malloc/pico_malloc.c.obj (calloc)
/usr/local/Cellar/arm-none-eabi-gcc/10.3-2021.07/gcc/bin/../lib/gcc/arm-none-eabi/10.3.1/../../../../arm-none-eabi/lib/thumb/v6-m/nofp/libg.a(lib_a-callocr.o)
                              /usr/local/Cellar/arm-none-eabi-gcc/10.3-2021.07/gcc/bin/../lib/gcc/arm-none-eabi/10.3.1/../../../../arm-none-eabi/lib/thumb/v6-m/nofp/libg.a(lib_a-calloc.o) (_calloc_r)
/usr/local/Cellar/arm-none-eabi-gcc/10.3-2021.07/gcc/bin/../lib/gcc/arm-none-eabi/10.3.1/../../../../arm-none-eabi/lib/thumb/v6-m/nofp/libg.a(lib_a-errno.o)
                              /usr/local/Cellar/arm-none-eabi-gcc/10.3-2021.07/gcc/bin/../lib/gcc/arm-none-eabi/10.3.1/../../../../arm-none-eabi/lib/thumb/v6-m/nofp/libg.a(lib_a-callocr.o) (__errno)
/usr/local/Cellar/arm-none-eabi-gcc/10.3-2021.07/gcc/bin/../lib/gcc/arm-none-eabi/10.3.1/../../../../arm-none-eabi/lib/thumb/v6-m/nofp/libg.a(lib_a-impure.o)
                              /usr/local/Cellar/arm-none-eabi-gcc/10.3-2021.07/gcc/bin/../lib/gcc/arm-none-eabi/10.3.1/../../../../arm-none-eabi/lib/thumb/v6-m/nofp/libg.a(lib_a-calloc.o) (_impure_ptr)
/usr/local/Cellar/arm-none-eabi-gcc/10.3-2021.07/gcc/bin/../lib/gcc/arm-none-eabi/10.3.1/../../../../arm-none-eabi/lib/thumb/v6-m/nofp/libg.a(lib_a-init.o)
                              /usr/local/Cellar/arm-none-eabi-gcc/10.3-2021.07/gcc/bin/../lib/gcc/arm-none-eabi/10.3.1/../../../../arm-none-eabi/lib/thumb/v6-m/nofp/crt0.o (__libc_init_array)
/usr/local/Cellar/arm-none-eabi-gcc/10.3-2021.07/gcc/bin/../lib/gcc/arm-none-eabi/10.3.1/../../../../arm-none-eabi/lib/thumb/v6-m/nofp/libg.a(lib_a-malloc.o)
                              CMakeFiles/lab09.dir/Users/abhinavsinha/pico/pico-sdk/src/rp2_common/pico_malloc/pico_malloc.c.obj (malloc)
/usr/local/Cellar/arm-none-eabi-gcc/10.3-2021.07/gcc/bin/../lib/gcc/arm-none-eabi/10.3.1/../../../../arm-none-eabi/lib/thumb/v6-m/nofp/libg.a(lib_a-mallocr.o)
                              /usr/local/Cellar/arm-none-eabi-gcc/10.3-2021.07/gcc/bin/../lib/gcc/arm-none-eabi/10.3.1/../../../../arm-none-eabi/lib/thumb/v6-m/nofp/libg.a(lib_a-callocr.o) (_malloc_r)
/usr/local/Cellar/arm-none-eabi-gcc/10.3-2021.07/gcc/bin/../lib/gcc/arm-none-eabi/10.3.1/../../../../arm-none-eabi/lib/thumb/v6-m/nofp/libg.a(lib_a-mlock.o)
                              /usr/local/Cellar/arm-none-eabi-gcc/10.3-2021.07/gcc/bin/../lib/gcc/arm-none-eabi/10.3.1/../../../../arm-none-eabi/lib/thumb/v6-m/nofp/libg.a(lib_a-mallocr.o) (__malloc_lock)
/usr/local/Cellar/arm-none-eabi-gcc/10.3-2021.07/gcc/bin/../lib/gcc/arm-none-eabi/10.3.1/../../../../arm-none-eabi/lib/thumb/v6-m/nofp/libg.a(lib_a-sbrkr.o)
                              /usr/local/Cellar/arm-none-eabi-gcc/10.3-2021.07/gcc/bin/../lib/gcc/arm-none-eabi/10.3.1/../../../../arm-none-eabi/lib/thumb/v6-m/nofp/libg.a(lib_a-mallocr.o) (_sbrk_r)
/usr/local/Cellar/arm-none-eabi-gcc/10.3-2021.07/gcc/bin/../lib/gcc/arm-none-eabi/10.3.1/../../../../arm-none-eabi/lib/thumb/v6-m/nofp/libg.a(lib_a-strlen-stub.o)
                              CMakeFiles/lab09.dir/Users/abhinavsinha/pico/pico-sdk/src/rp2_common/pico_stdio/stdio.c.obj (strlen)
/usr/local/Cellar/arm-none-eabi-gcc/10.3-2021.07/gcc/bin/../lib/gcc/arm-none-eabi/10.3.1/../../../../arm-none-eabi/lib/thumb/v6-m/nofp/libg.a(lib_a-freer.o)
                              /usr/local/Cellar/arm-none-eabi-gcc/10.3-2021.07/gcc/bin/../lib/gcc/arm-none-eabi/10.3.1/../../../../arm-none-eabi/lib/thumb/v6-m/nofp/libg.a(lib_a-malloc.o) (_free_r)
/usr/local/Cellar/arm-none-eabi-gcc/10.3-2021.07/gcc/bin/../lib/gcc/arm-none-eabi/10.3.1/../../../../arm-none-eabi/lib/thumb/v6-m/nofp/libg.a(lib_a-lock.o)
                              /usr/local/Cellar/arm-none-eabi-gcc/10.3-2021.07/gcc/bin/../lib/gcc/arm-none-eabi/10.3.1/../../../../arm-none-eabi/lib/thumb/v6-m/nofp/libg.a(lib_a-mlock.o) (__retarget_lock_acquire_recursive)
/usr/local/Cellar/arm-none-eabi-gcc/10.3-2021.07/gcc/bin/../lib/gcc/arm-none-eabi/10.3.1/../../../../arm-none-eabi/lib/thumb/v6-m/nofp/libg.a(lib_a-reent.o)
                              /usr/local/Cellar/arm-none-eabi-gcc/10.3-2021.07/gcc/bin/../lib/gcc/arm-none-eabi/10.3.1/../../../../arm-none-eabi/lib/thumb/v6-m/nofp/libg.a(lib_a-sbrkr.o) (errno)

Discarded input sections

 .text          0x0000000000000000        0x0 /usr/local/Cellar/arm-none-eabi-gcc/10.3-2021.07/gcc/bin/../lib/gcc/arm-none-eabi/10.3.1/thumb/v6-m/nofp/crti.o
[...]
Memory Configuration

Name             Origin             Length             Attributes
FLASH            0x0000000010000000 0x0000000000200000 xr
RAM              0x0000000020000000 0x0000000000040000 xrw
SCRATCH_X        0x0000000020040000 0x0000000000001000 xrw
SCRATCH_Y        0x0000000020041000 0x0000000000001000 xrw
*default*        0x0000000000000000 0xffffffffffffffff

Linker script and memory map

LOAD /usr/local/Cellar/arm-none-eabi-gcc/10.3-2021.07/gcc/bin/../lib/gcc/arm-none-eabi/10.3.1/thumb/v6-m/nofp/crti.o
LOAD /usr/local/Cellar/arm-none-eabi-gcc/10.3-2021.07/gcc/bin/../lib/gcc/arm-none-eabi/10.3.1/thumb/v6-m/nofp/crtbegin.o
LOAD /usr/local/Cellar/arm-none-eabi-gcc/10.3-2021.07/gcc/bin/../lib/gcc/arm-none-eabi/10.3.1/../../../../arm-none-eabi/lib/thumb/v6-m/nofp/crt0.o

.flash_begin    0x0000000010000000        0x0
                0x0000000010000000                __flash_binary_start = .

.boot2          0x0000000010000000      0x100
                0x0000000010000000                __boot2_start__ = .
 *(.boot2)
 .boot2         0x0000000010000000      0x100 /var/folders/lz/hcc81f1d27g1pv9918wtrd6m0000gn/T//ccjmd2Zg.o
                0x0000000010000100                __boot2_end__ = .
                0x0000000000000001                ASSERT (((__boot2_end__ - __boot2_start__) == 0x100), ERROR: Pico second stage bootloader must be 256 bytes in size)

.text           0x0000000010000100     0x45d0
                0x0000000010000100                __logical_binary_start = .
 *(.vectors)
 .vectors       0x0000000010000100       0xd4 CMakeFiles/lab09.dir/Users/abhinavsinha/pico/pico-sdk/src/rp2_common/pico_standard_link/crt0.S.obj
                0x0000000010000100                __VECTOR_TABLE
                0x0000000010000100                __vectors
                0x00000000100001c0                __default_isrs_start
                0x00000000100001c0                isr_invalid
                0x00000000100001c2                isr_nmi
                0x00000000100001c4                isr_hardfault
                0x00000000100001c6                isr_svcall
                0x00000000100001c8                isr_pendsv
                0x00000000100001ca                isr_systick
                0x00000000100001cc                isr_irq28
                0x00000000100001cc                isr_irq19
                0x00000000100001cc                isr_irq0
                0x00000000100001cc                isr_irq6
                0x00000000100001cc                isr_irq22
                0x00000000100001cc                isr_irq17
                0x00000000100001cc                isr_irq14
                0x00000000100001cc                isr_irq2
                0x00000000100001cc                isr_irq10
                0x00000000100001cc                isr_irq8
                0x00000000100001cc                isr_irq24
                0x00000000100001cc                isr_irq1
                0x00000000100001cc                isr_irq7
                0x00000000100001cc                isr_irq21
                0x00000000100001cc                isr_irq20
                0x00000000100001cc                isr_irq15
                0x00000000100001cc                isr_irq25
                0x00000000100001cc                isr_irq4
                0x00000000100001cc                isr_irq16
                0x00000000100001cc                isr_irq29
                0x00000000100001cc                isr_irq26
                0x00000000100001cc                __default_isrs_end
                0x00000000100001cc                isr_irq3
                0x00000000100001cc                isr_irq9
                0x00000000100001cc                __unhandled_user_irq
                0x00000000100001cc                isr_irq13
                0x00000000100001cc                isr_irq27
                0x00000000100001cc                isr_irq31
                0x00000000100001cc                isr_irq5
                0x00000000100001cc                isr_irq11
                0x00000000100001cc                isr_irq23
                0x00000000100001cc                isr_irq18
                0x00000000100001cc                isr_irq30
                0x00000000100001cc                isr_irq12
                0x00000000100001d2                unhandled_user_irq_num_in_r0
 *(.binary_info_header)
 .binary_info_header
                0x00000000100001d4       0x14 CMakeFiles/lab09.dir/Users/abhinavsinha/pico/pico-sdk/src/rp2_common/pico_standard_link/crt0.S.obj
                0x00000000100001e8                __binary_info_header_end = .
 *(.reset)
 .reset         0x00000000100001e8       0xa8 CMakeFiles/lab09.dir/Users/abhinavsinha/pico/pico-sdk/src/rp2_common/pico_standard_link/crt0.S.obj
                0x00000000100001e8                _entry_point
                0x0000000010000266                __get_current_exception
 .reset         0x0000000010000290       0x30 CMakeFiles/lab09.dir/Users/abhinavsinha/pico/pico-sdk/src/rp2_common/pico_standard_link/binary_info.c.obj
 *(.init)
 .init          0x00000000100002c0        0x4 /usr/local/Cellar/arm-none-eabi-gcc/10.3-2021.07/gcc/bin/../lib/gcc/arm-none-eabi/10.3.1/thumb/v6-m/nofp/crti.o
                0x00000000100002c0                _init
 *(EXCLUDE_FILE(*libm.a: *libc.a:*lib_a-mem*.o *libgcc.a:) .text*)
 .text          0x00000000100002c4       0x48 /usr/local/Cellar/arm-none-eabi-gcc/10.3-2021.07/gcc/bin/../lib/gcc/arm-none-eabi/10.3.1/thumb/v6-m/nofp/crtbegin.o
 .text.read_adc
                0x000000001000030c       0xcc CMakeFiles/lab09.dir/lab09.c.obj
                0x000000001000030c                read_adc
 .text.main     0x00000000100003d8      0x140 CMakeFiles/lab09.dir/lab09.c.obj
                0x00000000100003d8                main
 *fill*         0x0000000010000518        0x8 
 .text          0x0000000010000520       0x88 CMakeFiles/lab09.dir/lab09.S.obj
                0x0000000010000520                main_asm
 .text.gpio_set_function
                0x00000000100005a8       0x30 CMakeFiles/lab09.dir/Users/abhinavsinha/pico/pico-sdk/src/rp2_common/hardware_gpio/gpio.c.obj
                0x00000000100005a8                gpio_set_function
 .text.hw_claim_lock
                0x00000000100005d8       0x18 CMakeFiles/lab09.dir/Users/abhinavsinha/pico/pico-sdk/src/rp2_common/hardware_claim/claim.c.obj
                0x00000000100005d8                hw_claim_lock
 .text.hw_claim_unlock
                0x00000000100005f0       0x14 CMakeFiles/lab09.dir/Users/abhinavsinha/pico/pico-sdk/src/rp2_common/hardware_claim/claim.c.obj
                0x00000000100005f0                hw_claim_unlock
 .text.hw_claim_or_assert
                0x0000000010000604       0x32 CMakeFiles/lab09.dir/Users/abhinavsinha/pico/pico-sdk/src/rp2_common/hardware_claim/claim.c.obj
                0x0000000010000604                hw_claim_or_assert
 *fill*         0x0000000010000636        0x2 
 .text.running_on_fpga
                0x0000000010000638       0x14 CMakeFiles/lab09.dir/Users/abhinavsinha/pico/pico-sdk/src/rp2_common/pico_platform/platform.c.obj
                0x0000000010000638                running_on_fpga
 .text.spin_locks_reset
                0x000000001000064c       0x20 CMakeFiles/lab09.dir/Users/abhinavsinha/pico/pico-sdk/src/rp2_common/hardware_sync/sync.c.obj
                0x000000001000064c                spin_locks_reset
 .text.next_striped_spin_lock_num
                0x000000001000066c       0x1c CMakeFiles/lab09.dir/Users/abhinavsinha/pico/pico-sdk/src/rp2_common/hardware_sync/sync.c.obj
                0x000000001000066c                next_striped_spin_lock_num
 .text.uart_set_baudrate
                0x0000000010000688       0x5c CMakeFiles/lab09.dir/Users/abhinavsinha/pico/pico-sdk/src/rp2_common/hardware_uart/uart.c.obj
                0x0000000010000688                uart_set_baudrate
 .text.uart_set_translate_crlf
                0x00000000100006e4       0x28 CMakeFiles/lab09.dir/Users/abhinavsinha/pico/pico-sdk/src/rp2_common/hardware_uart/uart.c.obj
                0x00000000100006e4                uart_set_translate_crlf
 .text.uart_init
                0x000000001000070c       0x80 CMakeFiles/lab09.dir/Users/abhinavsinha/pico/pico-sdk/src/rp2_common/hardware_uart/uart.c.obj
                0x000000001000070c                uart_init
 .text.alarm_pool_post_alloc_init
                0x000000001000078c       0x40 CMakeFiles/lab09.dir/Users/abhinavsinha/pico/pico-sdk/src/common/pico_time/time.c.obj
 .text.timer_pool_entry_comparator
                0x00000000100007cc       0x7c CMakeFiles/lab09.dir/Users/abhinavsinha/pico/pico-sdk/src/common/pico_time/time.c.obj
                0x00000000100007cc                timer_pool_entry_comparator
 .text.ph_add_child_node
                0x0000000010000848       0xa4 CMakeFiles/lab09.dir/Users/abhinavsinha/pico/pico-sdk/src/common/pico_time/time.c.obj
 .text.ph_merge_nodes
                0x00000000100008ec       0x3e CMakeFiles/lab09.dir/Users/abhinavsinha/pico/pico-sdk/src/common/pico_time/time.c.obj
 *fill*         0x000000001000092a        0x2 
 .text.add_alarm_under_lock
                0x000000001000092c      0x174 CMakeFiles/lab09.dir/Users/abhinavsinha/pico/pico-sdk/src/common/pico_time/time.c.obj
 .text.alarm_pool_alarm_callback
                0x0000000010000aa0      0x328 CMakeFiles/lab09.dir/Users/abhinavsinha/pico/pico-sdk/src/common/pico_time/time.c.obj
 .text.alarm_pool_init_default
                0x0000000010000dc8       0x38 CMakeFiles/lab09.dir/Users/abhinavsinha/pico/pico-sdk/src/common/pico_time/time.c.obj
                0x0000000010000dc8                alarm_pool_init_default
 .text.hardware_alarm_irq_handler
                0x0000000010000e00       0x8c CMakeFiles/lab09.dir/Users/abhinavsinha/pico/pico-sdk/src/rp2_common/hardware_timer/timer.c.obj
 .text.hardware_alarm_claim
                0x0000000010000e8c       0x18 CMakeFiles/lab09.dir/Users/abhinavsinha/pico/pico-sdk/src/rp2_common/hardware_timer/timer.c.obj
                0x0000000010000e8c                hardware_alarm_claim
 .text.time_us_64
                0x0000000010000ea4       0x18 CMakeFiles/lab09.dir/Users/abhinavsinha/pico/pico-sdk/src/rp2_common/hardware_timer/timer.c.obj
                0x0000000010000ea4                time_us_64
 .text.hardware_alarm_set_callback
                0x0000000010000ebc       0x90 CMakeFiles/lab09.dir/Users/abhinavsinha/pico/pico-sdk/src/rp2_common/hardware_timer/timer.c.obj
                0x0000000010000ebc                hardware_alarm_set_callback
 .text.hardware_alarm_set_target
                0x0000000010000f4c       0xe8 CMakeFiles/lab09.dir/Users/abhinavsinha/pico/pico-sdk/src/rp2_common/hardware_timer/timer.c.obj
                0x0000000010000f4c                hardware_alarm_set_target
 .text.hardware_alarm_cancel
                0x0000000010001034       0x40 CMakeFiles/lab09.dir/Users/abhinavsinha/pico/pico-sdk/src/rp2_common/hardware_timer/timer.c.obj
                0x0000000010001034                hardware_alarm_cancel
 .text.lock_init
                0x0000000010001074       0x10 CMakeFiles/lab09.dir/Users/abhinavsinha/pico/pico-sdk/src/common/pico_sync/lock_core.c.obj
                0x0000000010001074                lock_init
 .text.mutex_init
                0x0000000010001084       0x1a CMakeFiles/lab09.dir/Users/abhinavsinha/pico/pico-sdk/src/common/pico_sync/mutex.c.obj
                0x0000000010001084                mutex_init
 .text.recursive_mutex_init
                0x000000001000109e       0x1e CMakeFiles/lab09.dir/Users/abhinavsinha/pico/pico-sdk/src/common/pico_sync/mutex.c.obj
                0x000000001000109e                recursive_mutex_init
 .text.ph_add_child_node
                0x00000000100010bc       0xa4 CMakeFiles/lab09.dir/Users/abhinavsinha/pico/pico-sdk/src/common/pico_util/pheap.c.obj
 .text.ph_merge_nodes
                0x0000000010001160       0x3e CMakeFiles/lab09.dir/Users/abhinavsinha/pico/pico-sdk/src/common/pico_util/pheap.c.obj
 *fill*         0x000000001000119e        0x2 
 .text.ph_clear
                0x00000000100011a0       0x70 CMakeFiles/lab09.dir/Users/abhinavsinha/pico/pico-sdk/src/common/pico_util/pheap.c.obj
                0x00000000100011a0                ph_clear
 .text.ph_post_alloc_init
                0x0000000010001210        0xe CMakeFiles/lab09.dir/Users/abhinavsinha/pico/pico-sdk/src/common/pico_util/pheap.c.obj
                0x0000000010001210                ph_post_alloc_init
 *fill*         0x000000001000121e        0x2 
 .text.ph_merge_two_pass
                0x0000000010001220       0xa8 CMakeFiles/lab09.dir/Users/abhinavsinha/pico/pico-sdk/src/common/pico_util/pheap.c.obj
                0x0000000010001220                ph_merge_two_pass
 .text.ph_remove_any_head
                0x00000000100012c8      0x108 CMakeFiles/lab09.dir/Users/abhinavsinha/pico/pico-sdk/src/common/pico_util/pheap.c.obj
 .text.ph_remove_head
                0x00000000100013d0       0x14 CMakeFiles/lab09.dir/Users/abhinavsinha/pico/pico-sdk/src/common/pico_util/pheap.c.obj
                0x00000000100013d0                ph_remove_head
 .text.ph_remove_and_free_node
                0x00000000100013e4       0xf8 CMakeFiles/lab09.dir/Users/abhinavsinha/pico/pico-sdk/src/common/pico_util/pheap.c.obj
                0x00000000100013e4                ph_remove_and_free_node
 .text._exit    0x00000000100014dc        0x4 CMakeFiles/lab09.dir/Users/abhinavsinha/pico/pico-sdk/src/rp2_common/pico_runtime/runtime.c.obj
                0x00000000100014dc                _exit
 .text.exit     0x00000000100014e0        0x6 CMakeFiles/lab09.dir/Users/abhinavsinha/pico/pico-sdk/src/rp2_common/pico_runtime/runtime.c.obj
                0x00000000100014e0                exit
 *fill*         0x00000000100014e6        0x2 
 .text.__assert_func
                0x00000000100014e8       0x3c CMakeFiles/lab09.dir/Users/abhinavsinha/pico/pico-sdk/src/rp2_common/pico_runtime/runtime.c.obj
                0x00000000100014e8                __assert_func
 .text.runtime_init
                0x0000000010001524       0xf8 CMakeFiles/lab09.dir/Users/abhinavsinha/pico/pico-sdk/src/rp2_common/pico_runtime/runtime.c.obj
                0x0000000010001524                runtime_init
 .text.panic    0x000000001000161c       0x30 CMakeFiles/lab09.dir/Users/abhinavsinha/pico/pico-sdk/src/rp2_common/pico_runtime/runtime.c.obj
                0x000000001000161c                panic
 .text.clock_configure
                0x000000001000164c      0x104 CMakeFiles/lab09.dir/Users/abhinavsinha/pico/pico-sdk/src/rp2_common/hardware_clocks/clocks.c.obj
                0x000000001000164c                clock_configure
 .text.clocks_init
                0x0000000010001750      0x100 CMakeFiles/lab09.dir/Users/abhinavsinha/pico/pico-sdk/src/rp2_common/hardware_clocks/clocks.c.obj
                0x0000000010001750                clocks_init
 .text.clock_get_hz
                0x0000000010001850        0xc CMakeFiles/lab09.dir/Users/abhinavsinha/pico/pico-sdk/src/rp2_common/hardware_clocks/clocks.c.obj
                0x0000000010001850                clock_get_hz
 .text.set_raw_irq_handler_and_unlock
                0x000000001000185c       0x28 CMakeFiles/lab09.dir/Users/abhinavsinha/pico/pico-sdk/src/rp2_common/hardware_irq/irq.c.obj
 .text.make_branch
                0x0000000010001884       0x34 CMakeFiles/lab09.dir/Users/abhinavsinha/pico/pico-sdk/src/rp2_common/hardware_irq/irq.c.obj
 .text.insert_branch_and_link
                0x00000000100018b8       0x40 CMakeFiles/lab09.dir/Users/abhinavsinha/pico/pico-sdk/src/rp2_common/hardware_irq/irq.c.obj
 .text.irq_is_enabled
                0x00000000100018f8       0x18 CMakeFiles/lab09.dir/Users/abhinavsinha/pico/pico-sdk/src/rp2_common/hardware_irq/irq.c.obj
                0x00000000100018f8                irq_is_enabled
 .text.irq_set_mask_enabled
                0x0000000010001910       0x20 CMakeFiles/lab09.dir/Users/abhinavsinha/pico/pico-sdk/src/rp2_common/hardware_irq/irq.c.obj
                0x0000000010001910                irq_set_mask_enabled
 .text.irq_set_enabled
                0x0000000010001930        0xe CMakeFiles/lab09.dir/Users/abhinavsinha/pico/pico-sdk/src/rp2_common/hardware_irq/irq.c.obj
                0x0000000010001930                irq_set_enabled
 *fill*         0x000000001000193e        0x2 
 .text.irq_get_vtable_handler
                0x0000000010001940       0x10 CMakeFiles/lab09.dir/Users/abhinavsinha/pico/pico-sdk/src/rp2_common/hardware_irq/irq.c.obj
                0x0000000010001940                irq_get_vtable_handler
 .text.irq_set_exclusive_handler
                0x0000000010001950       0x54 CMakeFiles/lab09.dir/Users/abhinavsinha/pico/pico-sdk/src/rp2_common/hardware_irq/irq.c.obj
                0x0000000010001950                irq_set_exclusive_handler
 .text.irq_remove_handler
                0x00000000100019a4      0x1ac CMakeFiles/lab09.dir/Users/abhinavsinha/pico/pico-sdk/src/rp2_common/hardware_irq/irq.c.obj
                0x00000000100019a4                irq_remove_handler
 .text.irq_add_tail_to_free_list
                0x0000000010001b50       0xf0 CMakeFiles/lab09.dir/Users/abhinavsinha/pico/pico-sdk/src/rp2_common/hardware_irq/irq.c.obj
                0x0000000010001b50                irq_add_tail_to_free_list
 .text.irq_init_priorities
                0x0000000010001c40       0x1c CMakeFiles/lab09.dir/Users/abhinavsinha/pico/pico-sdk/src/rp2_common/hardware_irq/irq.c.obj
                0x0000000010001c40                irq_init_priorities
 .text.pll_init
                0x0000000010001c5c      0x118 CMakeFiles/lab09.dir/Users/abhinavsinha/pico/pico-sdk/src/rp2_common/hardware_pll/pll.c.obj
                0x0000000010001c5c                pll_init
 .text.watchdog_start_tick
                0x0000000010001d74       0x10 CMakeFiles/lab09.dir/Users/abhinavsinha/pico/pico-sdk/src/rp2_common/hardware_watchdog/watchdog.c.obj
                0x0000000010001d74                watchdog_start_tick
 .text.xosc_init
                0x0000000010001d84       0x28 CMakeFiles/lab09.dir/Users/abhinavsinha/pico/pico-sdk/src/rp2_common/hardware_xosc/xosc.c.obj
                0x0000000010001d84                xosc_init
 .text._out_null
                0x0000000010001dac        0x2 CMakeFiles/lab09.dir/Users/abhinavsinha/pico/pico-sdk/src/rp2_common/pico_printf/printf.c.obj
 .text._out_fct
                0x0000000010001dae        0xe CMakeFiles/lab09.dir/Users/abhinavsinha/pico/pico-sdk/src/rp2_common/pico_printf/printf.c.obj
 .text._atoi    0x0000000010001dbc       0x24 CMakeFiles/lab09.dir/Users/abhinavsinha/pico/pico-sdk/src/rp2_common/pico_printf/printf.c.obj
 .text._out_rev
                0x0000000010001de0       0xae CMakeFiles/lab09.dir/Users/abhinavsinha/pico/pico-sdk/src/rp2_common/pico_printf/printf.c.obj
 .text._ntoa_format
                0x0000000010001e8e      0x112 CMakeFiles/lab09.dir/Users/abhinavsinha/pico/pico-sdk/src/rp2_common/pico_printf/printf.c.obj
 .text._ntoa_long
                0x0000000010001fa0       0xbc CMakeFiles/lab09.dir/Users/abhinavsinha/pico/pico-sdk/src/rp2_common/pico_printf/printf.c.obj
 .text._ntoa_long_long
                0x000000001000205c       0xe2 CMakeFiles/lab09.dir/Users/abhinavsinha/pico/pico-sdk/src/rp2_common/pico_printf/printf.c.obj
 *fill*         0x000000001000213e        0x2 
 .text._etoa    0x0000000010002140      0x414 CMakeFiles/lab09.dir/Users/abhinavsinha/pico/pico-sdk/src/rp2_common/pico_printf/printf.c.obj
 .text._ftoa    0x0000000010002554      0x354 CMakeFiles/lab09.dir/Users/abhinavsinha/pico/pico-sdk/src/rp2_common/pico_printf/printf.c.obj
 .text._vsnprintf
                0x00000000100028a8      0x624 CMakeFiles/lab09.dir/Users/abhinavsinha/pico/pico-sdk/src/rp2_common/pico_printf/printf.c.obj
 .text.vfctprintf
                0x0000000010002ecc       0x20 CMakeFiles/lab09.dir/Users/abhinavsinha/pico/pico-sdk/src/rp2_common/pico_printf/printf.c.obj
                0x0000000010002ecc                vfctprintf
 .text          0x0000000010002eec       0x10 CMakeFiles/lab09.dir/Users/abhinavsinha/pico/pico-sdk/src/rp2_common/pico_bit_ops/bit_ops_aeabi.S.obj
 .text.rom_func_lookup
                0x0000000010002efc       0x10 CMakeFiles/lab09.dir/Users/abhinavsinha/pico/pico-sdk/src/rp2_common/pico_bootrom/bootrom.c.obj
                0x0000000010002efc                rom_func_lookup
 .text.rom_data_lookup
                0x0000000010002f0c       0x10 CMakeFiles/lab09.dir/Users/abhinavsinha/pico/pico-sdk/src/rp2_common/pico_bootrom/bootrom.c.obj
                0x0000000010002f0c                rom_data_lookup
 .text.rom_funcs_lookup
                0x0000000010002f1c       0x36 CMakeFiles/lab09.dir/Users/abhinavsinha/pico/pico-sdk/src/rp2_common/pico_bootrom/bootrom.c.obj
                0x0000000010002f1c                rom_funcs_lookup
 *fill*         0x0000000010002f52        0x2 
 .text.__wrap___aeabi_idiv
                0x0000000010002f54       0x50 CMakeFiles/lab09.dir/Users/abhinavsinha/pico/pico-sdk/src/rp2_common/pico_divider/divider.S.obj
                0x0000000010002f54                __wrap___aeabi_idivmod
                0x0000000010002f54                divmod_s32s32
                0x0000000010002f54                div_s32s32
                0x0000000010002f54                __wrap___aeabi_idiv
                0x0000000010002f5c                divmod_s32s32_unsafe
                0x0000000010002f88                divmod_s32s32_savestate
 .text.__wrap___aeabi_uidiv
                0x0000000010002fa4       0x4c CMakeFiles/lab09.dir/Users/abhinavsinha/pico/pico-sdk/src/rp2_common/pico_divider/divider.S.obj
                0x0000000010002fa4                __wrap___aeabi_uidiv
                0x0000000010002fa4                __wrap___aeabi_uidivmod
                0x0000000010002fa4                div_u32u32
                0x0000000010002fa4                divmod_u32u32
                0x0000000010002fac                divmod_u32u32_unsafe
                0x0000000010002fd4                divmod_u32u32_savestate
 .text.__wrap___aeabi_ldiv
                0x0000000010002ff0      0x434 CMakeFiles/lab09.dir/Users/abhinavsinha/pico/pico-sdk/src/rp2_common/pico_divider/divider.S.obj
                0x0000000010002ff0                __wrap___aeabi_ldivmod
                0x0000000010002ff0                div_s64s64
                0x0000000010002ff0                divmod_s64s64
                0x0000000010003028                divmod_u64u64
                0x0000000010003028                div_u64u64
                0x0000000010003028                __wrap___aeabi_uldivmod
                0x0000000010003038                divmod_u64u64_savestate
                0x0000000010003060                divmod_s64s64_unsafe
                0x00000000100030e8                divmod_u64u64_unsafe
 .text.__wrap___aeabi_darithmetic
                0x0000000010003424       0x80 CMakeFiles/lab09.dir/Users/abhinavsinha/pico/pico-sdk/src/rp2_common/pico_double/double_aeabi.S.obj
                0x0000000010003424                __wrap___aeabi_drsub
                0x000000001000342a                __wrap___aeabi_dsub
                0x000000001000343c                __wrap___aeabi_dadd
                0x000000001000344e                __wrap___aeabi_ddiv
                0x000000001000348a                __wrap___aeabi_dmul
 .text.__wrap___aeabi_cdcmple
                0x00000000100034a4       0x6c CMakeFiles/lab09.dir/Users/abhinavsinha/pico/pico-sdk/src/rp2_common/pico_double/double_aeabi.S.obj
                0x00000000100034a4                __wrap___aeabi_cdrcmple
                0x00000000100034b4                __wrap___aeabi_cdcmple
                0x00000000100034b4                __wrap___aeabi_cdcmpeq
 .text.__wrap___aeabi_dcmplt
                0x0000000010003510        0xc CMakeFiles/lab09.dir/Users/abhinavsinha/pico/pico-sdk/src/rp2_common/pico_double/double_aeabi.S.obj
                0x0000000010003510                __wrap___aeabi_dcmplt
 .text.__wrap___aeabi_dcmple
                0x000000001000351c       0x10 CMakeFiles/lab09.dir/Users/abhinavsinha/pico/pico-sdk/src/rp2_common/pico_double/double_aeabi.S.obj
                0x000000001000351c                __wrap___aeabi_dcmple
 .text.__wrap___aeabi_dcmpge
                0x000000001000352c       0x10 CMakeFiles/lab09.dir/Users/abhinavsinha/pico/pico-sdk/src/rp2_common/pico_double/double_aeabi.S.obj
                0x000000001000352c                __wrap___aeabi_dcmpge
 .text.__wrap___aeabi_dcmpgt
                0x000000001000353c        0xa CMakeFiles/lab09.dir/Users/abhinavsinha/pico/pico-sdk/src/rp2_common/pico_double/double_aeabi.S.obj
                0x000000001000353c                __wrap___aeabi_dcmpgt
 .text.__wrap___aeabi_dcmpun
                0x0000000010003546       0x1c CMakeFiles/lab09.dir/Users/abhinavsinha/pico/pico-sdk/src/rp2_common/pico_double/double_aeabi.S.obj
                0x0000000010003546                __wrap___aeabi_dcmpun
 *fill*         0x0000000010003562        0x2 
 .text.__wrap___aeabi_i2d
                0x0000000010003564       0x38 CMakeFiles/lab09.dir/Users/abhinavsinha/pico/pico-sdk/src/rp2_common/pico_double/double_aeabi.S.obj
                0x0000000010003564                __wrap___aeabi_ui2d
                0x000000001000356c                __wrap___aeabi_i2d
 .text.__wrap___aeabi_d2iz
                0x000000001000359c       0x48 CMakeFiles/lab09.dir/Users/abhinavsinha/pico/pico-sdk/src/rp2_common/pico_double/double_aeabi.S.obj
                0x000000001000359c                __wrap___aeabi_d2iz
                0x000000001000359c                double2int_z
 .text.__wrap___aeabi_d2uiz
                0x00000000100035e4       0x18 CMakeFiles/lab09.dir/Users/abhinavsinha/pico/pico-sdk/src/rp2_common/pico_double/double_aeabi.S.obj
                0x00000000100035e4                double2uint
                0x00000000100035e4                __wrap___aeabi_d2uiz
 .text.__wrap___aeabi_d2f
                0x00000000100035fc       0x18 CMakeFiles/lab09.dir/Users/abhinavsinha/pico/pico-sdk/src/rp2_common/pico_double/double_aeabi.S.obj
                0x00000000100035fc                __wrap___aeabi_d2f
 .text.__aeabi_double_init
                0x0000000010003614       0xc8 CMakeFiles/lab09.dir/Users/abhinavsinha/pico/pico-sdk/src/rp2_common/pico_double/double_init_rom.c.obj
                0x0000000010003614                __aeabi_double_init
 .text.double_table_shim_on_use_helper
                0x00000000100036dc       0x34 CMakeFiles/lab09.dir/Users/abhinavsinha/pico/pico-sdk/src/rp2_common/pico_double/double_v1_rom_shim.S.obj
                0x00000000100036dc                double_table_shim_on_use_helper
 .text.__wrap___aeabi_dsub
                0x0000000010003710       0x10 CMakeFiles/lab09.dir/Users/abhinavsinha/pico/pico-sdk/src/rp2_common/pico_double/double_v1_rom_shim.S.obj
                0x0000000010003710                drsub_shim
                0x0000000010003716                dsub_shim
 .text.dadd_shim
                0x0000000010003720      0x15c CMakeFiles/lab09.dir/Users/abhinavsinha/pico/pico-sdk/src/rp2_common/pico_double/double_v1_rom_shim.S.obj
                0x0000000010003720                dadd_shim
 .text.dmul_shim
                0x000000001000387c      0x15c CMakeFiles/lab09.dir/Users/abhinavsinha/pico/pico-sdk/src/rp2_common/pico_double/double_v1_rom_shim.S.obj
                0x000000001000387c                dmul_shim
 .text.ddiv_shim
                0x00000000100039d8      0x1b0 CMakeFiles/lab09.dir/Users/abhinavsinha/pico/pico-sdk/src/rp2_common/pico_double/double_v1_rom_shim.S.obj
                0x00000000100039d8                ddiv_shim
 .text.double2uint_shim
                0x0000000010003b88        0xe CMakeFiles/lab09.dir/Users/abhinavsinha/pico/pico-sdk/src/rp2_common/pico_double/double_v1_rom_shim.S.obj
                0x0000000010003b88                double2uint_shim
                0x0000000010003b8a                double2ufix_shim
 *fill*         0x0000000010003b96        0x2 
 .text.double2uint64_shim
                0x0000000010003b98       0x70 CMakeFiles/lab09.dir/Users/abhinavsinha/pico/pico-sdk/src/rp2_common/pico_double/double_v1_rom_shim.S.obj
                0x0000000010003b98                double2uint64_shim
                0x0000000010003b9a                double2ufix64_shim
                0x0000000010003bba                d2fix_a
 .text.double2float_shim
                0x0000000010003c08       0x5c CMakeFiles/lab09.dir/Users/abhinavsinha/pico/pico-sdk/src/rp2_common/pico_double/double_v1_rom_shim.S.obj
                0x0000000010003c08                double2float_shim
 .text.dunpacks
                0x0000000010003c64       0x3c CMakeFiles/lab09.dir/Users/abhinavsinha/pico/pico-sdk/src/rp2_common/pico_double/double_v1_rom_shim.S.obj
                0x0000000010003c64                dunpacks
 .text.__wrap___aeabi_farithmetic
                0x0000000010003ca0       0x58 CMakeFiles/lab09.dir/Users/abhinavsinha/pico/pico-sdk/src/rp2_common/pico_float/float_aeabi.S.obj
                0x0000000010003ca0                __wrap___aeabi_frsub
                0x0000000010003ca6                __wrap___aeabi_fsub
                0x0000000010003cb0                __wrap___aeabi_fadd
                0x0000000010003cba                __wrap___aeabi_fdiv
                0x0000000010003ce6                __wrap___aeabi_fmul
 .text.__wrap___aeabi_cfcmple
                0x0000000010003cf8       0x50 CMakeFiles/lab09.dir/Users/abhinavsinha/pico/pico-sdk/src/rp2_common/pico_float/float_aeabi.S.obj
                0x0000000010003cf8                __wrap___aeabi_cfrcmple
                0x0000000010003d04                __wrap___aeabi_cfcmpeq
                0x0000000010003d04                __wrap___aeabi_cfcmple
 .text.__wrap___aeabi_fcmplt
                0x0000000010003d48        0xc CMakeFiles/lab09.dir/Users/abhinavsinha/pico/pico-sdk/src/rp2_common/pico_float/float_aeabi.S.obj
                0x0000000010003d48                __wrap___aeabi_fcmplt
 .text.__wrap___aeabi_fcmpgt
                0x0000000010003d54        0xa CMakeFiles/lab09.dir/Users/abhinavsinha/pico/pico-sdk/src/rp2_common/pico_float/float_aeabi.S.obj
                0x0000000010003d54                __wrap___aeabi_fcmpgt
 .text.__wrap___aeabi_ui2f
                0x0000000010003d5e        0xa CMakeFiles/lab09.dir/Users/abhinavsinha/pico/pico-sdk/src/rp2_common/pico_float/float_aeabi.S.obj
                0x0000000010003d5e                __wrap___aeabi_ui2f
 .text.__wrap___aeabi_i2f
                0x0000000010003d68       0x44 CMakeFiles/lab09.dir/Users/abhinavsinha/pico/pico-sdk/src/rp2_common/pico_float/float_aeabi.S.obj
                0x0000000010003d68                __wrap___aeabi_i2f
 .text.__wrap___aeabi_f2uiz
                0x0000000010003dac       0x10 CMakeFiles/lab09.dir/Users/abhinavsinha/pico/pico-sdk/src/rp2_common/pico_float/float_aeabi.S.obj
                0x0000000010003dac                __wrap___aeabi_f2uiz
 .text.__wrap___aeabi_f2d
                0x0000000010003dbc       0x14 CMakeFiles/lab09.dir/Users/abhinavsinha/pico/pico-sdk/src/rp2_common/pico_float/float_aeabi.S.obj
                0x0000000010003dbc                __wrap___aeabi_f2d
 .text.__aeabi_float_init
                0x0000000010003dd0       0xfc CMakeFiles/lab09.dir/Users/abhinavsinha/pico/pico-sdk/src/rp2_common/pico_float/float_init_rom.c.obj
                0x0000000010003dd0                __aeabi_float_init
 .text.float_table_shim_on_use_helper
                0x0000000010003ecc       0x34 CMakeFiles/lab09.dir/Users/abhinavsinha/pico/pico-sdk/src/rp2_common/pico_float/float_v1_rom_shim.S.obj
                0x0000000010003ecc                float_table_shim_on_use_helper
 .text.float2double_shim
                0x0000000010003f00       0x30 CMakeFiles/lab09.dir/Users/abhinavsinha/pico/pico-sdk/src/rp2_common/pico_float/float_v1_rom_shim.S.obj
                0x0000000010003f00                float2double_shim
 .text          0x0000000010003f30       0x10 CMakeFiles/lab09.dir/Users/abhinavsinha/pico/pico-sdk/src/rp2_common/pico_mem_ops/mem_ops_aeabi.S.obj
                0x0000000010003f30                __aeabi_mem_init
 .text.memset   0x0000000010003f40        0xc CMakeFiles/lab09.dir/Users/abhinavsinha/pico/pico-sdk/src/rp2_common/pico_mem_ops/mem_ops_aeabi.S.obj
                0x0000000010003f40                __wrap_memset
 .text.memcpy   0x0000000010003f4c        0xc CMakeFiles/lab09.dir/Users/abhinavsinha/pico/pico-sdk/src/rp2_common/pico_mem_ops/mem_ops_aeabi.S.obj
                0x0000000010003f4c                __wrap___aeabi_memcpy
                0x0000000010003f4c                __wrap_memcpy
 .text.stdio_out_chars_no_crlf
                0x0000000010003f58        0xe CMakeFiles/lab09.dir/Users/abhinavsinha/pico/pico-sdk/src/rp2_common/pico_stdio/stdio.c.obj
 *fill*         0x0000000010003f66        0x2 
 .text.stdio_out_chars_crlf
                0x0000000010003f68       0x80 CMakeFiles/lab09.dir/Users/abhinavsinha/pico/pico-sdk/src/rp2_common/pico_stdio/stdio.c.obj
 .text.stdio_stack_buffer_flush
                0x0000000010003fe8       0x44 CMakeFiles/lab09.dir/Users/abhinavsinha/pico/pico-sdk/src/rp2_common/pico_stdio/stdio.c.obj
 .text.stdio_buffered_printer
                0x000000001000402c       0x20 CMakeFiles/lab09.dir/Users/abhinavsinha/pico/pico-sdk/src/rp2_common/pico_stdio/stdio.c.obj
 .text.stdout_serialize_begin
                0x000000001000404c       0x30 CMakeFiles/lab09.dir/Users/abhinavsinha/pico/pico-sdk/src/rp2_common/pico_stdio/stdio.c.obj
                0x000000001000404c                stdout_serialize_begin
 .text.stdout_serialize_end
                0x000000001000407c       0x10 CMakeFiles/lab09.dir/Users/abhinavsinha/pico/pico-sdk/src/rp2_common/pico_stdio/stdio.c.obj
                0x000000001000407c                stdout_serialize_end
 .text.stdio_put_string
                0x000000001000408c       0x98 CMakeFiles/lab09.dir/Users/abhinavsinha/pico/pico-sdk/src/rp2_common/pico_stdio/stdio.c.obj
 .text.stdio_set_driver_enabled
                0x0000000010004124       0x38 CMakeFiles/lab09.dir/Users/abhinavsinha/pico/pico-sdk/src/rp2_common/pico_stdio/stdio.c.obj
                0x0000000010004124                stdio_set_driver_enabled
 .text.stdio_flush
                0x000000001000415c       0x20 CMakeFiles/lab09.dir/Users/abhinavsinha/pico/pico-sdk/src/rp2_common/pico_stdio/stdio.c.obj
                0x000000001000415c                stdio_flush
 .text.__wrap_puts
                0x000000001000417c       0x1e CMakeFiles/lab09.dir/Users/abhinavsinha/pico/pico-sdk/src/rp2_common/pico_stdio/stdio.c.obj
                0x000000001000417c                __wrap_puts
 *fill*         0x000000001000419a        0x2 
 .text.__wrap_vprintf
                0x000000001000419c       0x44 CMakeFiles/lab09.dir/Users/abhinavsinha/pico/pico-sdk/src/rp2_common/pico_stdio/stdio.c.obj
                0x000000001000419c                __wrap_vprintf
 .text.__wrap_printf
                0x00000000100041e0       0x18 CMakeFiles/lab09.dir/Users/abhinavsinha/pico/pico-sdk/src/rp2_common/pico_stdio/stdio.c.obj
                0x00000000100041e0                __wrap_printf
 .text.stdio_init_all
                0x00000000100041f8        0x8 CMakeFiles/lab09.dir/Users/abhinavsinha/pico/pico-sdk/src/rp2_common/pico_stdio/stdio.c.obj
                0x00000000100041f8                stdio_init_all
 .text.stdio_uart_out_chars
                0x0000000010004200       0x74 CMakeFiles/lab09.dir/Users/abhinavsinha/pico/pico-sdk/src/rp2_common/pico_stdio_uart/stdio_uart.c.obj
 .text.stdio_uart_in_chars
                0x0000000010004274       0x58 CMakeFiles/lab09.dir/Users/abhinavsinha/pico/pico-sdk/src/rp2_common/pico_stdio_uart/stdio_uart.c.obj
                0x0000000010004274                stdio_uart_in_chars
 .text.stdio_uart_init_full
                0x00000000100042cc       0x3c CMakeFiles/lab09.dir/Users/abhinavsinha/pico/pico-sdk/src/rp2_common/pico_stdio_uart/stdio_uart.c.obj
                0x00000000100042cc                stdio_uart_init_full
 .text.stdio_uart_init
                0x0000000010004308       0x28 CMakeFiles/lab09.dir/Users/abhinavsinha/pico/pico-sdk/src/rp2_common/pico_stdio_uart/stdio_uart.c.obj
                0x0000000010004308                stdio_uart_init
 .text._pio_can_add_program_at_offset
                0x0000000010004330       0x3c CMakeFiles/lab09.dir/Users/abhinavsinha/pico/pico-sdk/src/rp2_common/hardware_pio/pio.c.obj
 .text._pio_find_offset_for_program
                0x000000001000436c       0x7c CMakeFiles/lab09.dir/Users/abhinavsinha/pico/pico-sdk/src/rp2_common/hardware_pio/pio.c.obj
 .text._pio_add_program_at_offset
                0x00000000100043e8       0x78 CMakeFiles/lab09.dir/Users/abhinavsinha/pico/pico-sdk/src/rp2_common/hardware_pio/pio.c.obj
 .text.pio_add_program
                0x0000000010004460       0x38 CMakeFiles/lab09.dir/Users/abhinavsinha/pico/pico-sdk/src/rp2_common/hardware_pio/pio.c.obj
                0x0000000010004460                pio_add_program
 .text.pio_sm_set_consecutive_pindirs
                0x0000000010004498       0x70 CMakeFiles/lab09.dir/Users/abhinavsinha/pico/pico-sdk/src/rp2_common/hardware_pio/pio.c.obj
                0x0000000010004498                pio_sm_set_consecutive_pindirs
 .text.pio_sm_init
                0x0000000010004508       0xe4 CMakeFiles/lab09.dir/Users/abhinavsinha/pico/pico-sdk/src/rp2_common/hardware_pio/pio.c.obj
                0x0000000010004508                pio_sm_init
 .text.adc_init
                0x00000000100045ec       0x34 CMakeFiles/lab09.dir/Users/abhinavsinha/pico/pico-sdk/src/rp2_common/hardware_adc/adc.c.obj
                0x00000000100045ec                adc_init
 .text.strlen   0x0000000010004620       0x5c /usr/local/Cellar/arm-none-eabi-gcc/10.3-2021.07/gcc/bin/../lib/gcc/arm-none-eabi/10.3.1/../../../../arm-none-eabi/lib/thumb/v6-m/nofp/libg.a(lib_a-strlen-stub.o)
                0x0000000010004620                strlen
 *(.fini)
 .fini          0x000000001000467c        0x4 /usr/local/Cellar/arm-none-eabi-gcc/10.3-2021.07/gcc/bin/../lib/gcc/arm-none-eabi/10.3.1/thumb/v6-m/nofp/crti.o
                0x000000001000467c                _fini
 .fini.__stub   0x0000000010004680       0x50 linker stubs
 *crtbegin.o(.ctors)
 *crtbegin?.o(.ctors)
 *(EXCLUDE_FILE(*crtend.o *crtend?.o) .ctors)
 *(SORT_BY_NAME(.ctors.*))
 *(.ctors)
 *crtbegin.o(.dtors)
 *crtbegin?.o(.dtors)
 *(EXCLUDE_FILE(*crtend.o *crtend?.o) .dtors)
 *(SORT_BY_NAME(.dtors.*))
 *(.dtors)
 *(.eh_frame*)
 .eh_frame      0x00000000100046d0        0x0 /usr/local/Cellar/arm-none-eabi-gcc/10.3-2021.07/gcc/bin/../lib/gcc/arm-none-eabi/10.3.1/thumb/v6-m/nofp/crtbegin.o
                0x00000000100046d0                . = ALIGN (0x4)

.glue_7         0x00000000100046d0        0x0
 .glue_7        0x00000000100046d0        0x0 linker stubs

.glue_7t        0x00000000100046d0        0x0
 .glue_7t       0x00000000100046d0        0x0 linker stubs

.vfp11_veneer   0x00000000100046d0        0x0
 .vfp11_veneer  0x00000000100046d0        0x0 linker stubs

.v4_bx          0x00000000100046d0        0x0
 .v4_bx         0x00000000100046d0        0x0 linker stubs

.iplt           0x00000000100046d0        0x0
 .iplt          0x00000000100046d0        0x0 /usr/local/Cellar/arm-none-eabi-gcc/10.3-2021.07/gcc/bin/../lib/gcc/arm-none-eabi/10.3.1/thumb/v6-m/nofp/crtbegin.o

.rodata         0x00000000100046d0      0xf00
 *(EXCLUDE_FILE(*libm.a: *libc.a:*lib_a-mem*.o *libgcc.a:) .rodata*)
 .rodata.read_adc.str1.4
                0x00000000100046d0       0x13 CMakeFiles/lab09.dir/lab09.c.obj
 *fill*         0x00000000100046e3        0x1 
 .rodata.lab09_program
                0x00000000100046e4        0x6 CMakeFiles/lab09.dir/lab09.c.obj
 *fill*         0x00000000100046ea        0x2 
 .rodata.lab09_program_instructions
                0x00000000100046ec        0x8 CMakeFiles/lab09.dir/lab09.c.obj
 .rodata.repeating_timer_callback.str1.4
                0x00000000100046f4       0x52 CMakeFiles/lab09.dir/Users/abhinavsinha/pico/pico-sdk/src/common/pico_time/time.c.obj
 *fill*         0x0000000010004746        0x2 
 .rodata.alarm_pool_dump_key.str1.4
                0x0000000010004748       0x33 CMakeFiles/lab09.dir/Users/abhinavsinha/pico/pico-sdk/src/common/pico_time/time.c.obj
 *fill*         0x000000001000477b        0x1 
 .rodata.ph_add_child_node.str1.4
                0x000000001000477c       0x9e CMakeFiles/lab09.dir/Users/abhinavsinha/pico/pico-sdk/src/common/pico_time/time.c.obj
 *fill*         0x000000001000481a        0x2 
 .rodata.add_alarm_under_lock.str1.4
                0x000000001000481c       0x28 CMakeFiles/lab09.dir/Users/abhinavsinha/pico/pico-sdk/src/common/pico_time/time.c.obj
                                         0x2b (size before relaxing)
 .rodata.alarm_pool_alarm_callback.str1.4
                0x0000000010004844       0xea CMakeFiles/lab09.dir/Users/abhinavsinha/pico/pico-sdk/src/common/pico_time/time.c.obj
 *fill*         0x000000001000492e        0x2 
 .rodata.__func__.10
                0x0000000010004930       0x15 CMakeFiles/lab09.dir/Users/abhinavsinha/pico/pico-sdk/src/common/pico_time/time.c.obj
 *fill*         0x0000000010004945        0x3 
 .rodata.__func__.11
                0x0000000010004948       0x1a CMakeFiles/lab09.dir/Users/abhinavsinha/pico/pico-sdk/src/common/pico_time/time.c.obj
 *fill*         0x0000000010004962        0x2 
 .rodata.__func__.12
                0x0000000010004964        0xa CMakeFiles/lab09.dir/Users/abhinavsinha/pico/pico-sdk/src/common/pico_time/time.c.obj
 *fill*         0x000000001000496e        0x2 
 .rodata.__func__.4
                0x0000000010004970       0x12 CMakeFiles/lab09.dir/Users/abhinavsinha/pico/pico-sdk/src/common/pico_time/time.c.obj
 *fill*         0x0000000010004982        0x2 
 .rodata.__func__.5
                0x0000000010004984        0xd CMakeFiles/lab09.dir/Users/abhinavsinha/pico/pico-sdk/src/common/pico_time/time.c.obj
 *fill*         0x0000000010004991        0x3 
 .rodata.__func__.6
                0x0000000010004994       0x12 CMakeFiles/lab09.dir/Users/abhinavsinha/pico/pico-sdk/src/common/pico_time/time.c.obj
 *fill*         0x00000000100049a6        0x2 
 .rodata.__func__.7
                0x00000000100049a8        0xf CMakeFiles/lab09.dir/Users/abhinavsinha/pico/pico-sdk/src/common/pico_time/time.c.obj
 *fill*         0x00000000100049b7        0x1 
 .rodata.__func__.8
                0x00000000100049b8        0xc CMakeFiles/lab09.dir/Users/abhinavsinha/pico/pico-sdk/src/common/pico_time/time.c.obj
 .rodata.__func__.9
                0x00000000100049c4       0x15 CMakeFiles/lab09.dir/Users/abhinavsinha/pico/pico-sdk/src/common/pico_time/time.c.obj
 *fill*         0x00000000100049d9        0x3 
 .rodata.hardware_alarm_claim.str1.4
                0x00000000100049dc       0x22 CMakeFiles/lab09.dir/Users/abhinavsinha/pico/pico-sdk/src/rp2_common/hardware_timer/timer.c.obj
 *fill*         0x00000000100049fe        0x2 
 .rodata.hardware_alarm_set_target.str1.4
                0x0000000010004a00       0x6c CMakeFiles/lab09.dir/Users/abhinavsinha/pico/pico-sdk/src/rp2_common/hardware_timer/timer.c.obj
 .rodata.__func__.0
                0x0000000010004a6c       0x1a CMakeFiles/lab09.dir/Users/abhinavsinha/pico/pico-sdk/src/rp2_common/hardware_timer/timer.c.obj
 *fill*         0x0000000010004a86        0x2 
 .rodata.str1.4
                0x0000000010004a88       0x91 CMakeFiles/lab09.dir/Users/abhinavsinha/pico/pico-sdk/src/common/pico_sync/mutex.c.obj
                                         0xf9 (size before relaxing)
 *fill*         0x0000000010004b19        0x3 
 .rodata.__func__.1
                0x0000000010004b1c        0xb CMakeFiles/lab09.dir/Users/abhinavsinha/pico/pico-sdk/src/common/pico_sync/mutex.c.obj
 .rodata.ph_add_child_node.str1.4
                0x0000000010004b27       0x9e CMakeFiles/lab09.dir/Users/abhinavsinha/pico/pico-sdk/src/common/pico_util/pheap.c.obj
 *fill*         0x0000000010004b27        0x1 
 .rodata.ph_remove_any_head.str1.4
                0x0000000010004b28       0x94 CMakeFiles/lab09.dir/Users/abhinavsinha/pico/pico-sdk/src/common/pico_util/pheap.c.obj
 .rodata.ph_remove_and_free_node.str1.4
                0x0000000010004bbc       0x26 CMakeFiles/lab09.dir/Users/abhinavsinha/pico/pico-sdk/src/common/pico_util/pheap.c.obj
 *fill*         0x0000000010004be2        0x2 
 .rodata.__func__.0
                0x0000000010004be4       0x18 CMakeFiles/lab09.dir/Users/abhinavsinha/pico/pico-sdk/src/common/pico_util/pheap.c.obj
 .rodata.__func__.1
                0x0000000010004bfc       0x13 CMakeFiles/lab09.dir/Users/abhinavsinha/pico/pico-sdk/src/common/pico_util/pheap.c.obj
 *fill*         0x0000000010004c0f        0x1 
 .rodata.__func__.2
                0x0000000010004c10       0x12 CMakeFiles/lab09.dir/Users/abhinavsinha/pico/pico-sdk/src/common/pico_util/pheap.c.obj
 *fill*         0x0000000010004c22        0x2 
 .rodata.__func__.3
                0x0000000010004c24        0xc CMakeFiles/lab09.dir/Users/abhinavsinha/pico/pico-sdk/src/common/pico_util/pheap.c.obj
 .rodata.__assert_func.str1.4
                0x0000000010004c30       0x3f CMakeFiles/lab09.dir/Users/abhinavsinha/pico/pico-sdk/src/rp2_common/pico_runtime/runtime.c.obj
                                         0x43 (size before relaxing)
 *fill*         0x0000000010004c6f        0x1 
 .rodata.runtime_init.str1.4
                0x0000000010004c70       0x68 CMakeFiles/lab09.dir/Users/abhinavsinha/pico/pico-sdk/src/rp2_common/pico_runtime/runtime.c.obj
 .rodata.panic.str1.4
                0x0000000010004cd8       0x12 CMakeFiles/lab09.dir/Users/abhinavsinha/pico/pico-sdk/src/rp2_common/pico_runtime/runtime.c.obj
 *fill*         0x0000000010004cea        0x2 
 .rodata.__func__.1
                0x0000000010004cec        0xd CMakeFiles/lab09.dir/Users/abhinavsinha/pico/pico-sdk/src/rp2_common/pico_runtime/runtime.c.obj
 *fill*         0x0000000010004cf9        0x3 
 .rodata.clock_configure.str1.4
                0x0000000010004cfc       0x5e CMakeFiles/lab09.dir/Users/abhinavsinha/pico/pico-sdk/src/rp2_common/hardware_clocks/clocks.c.obj
 *fill*         0x0000000010004d5a        0x2 
 .rodata.__func__.1
                0x0000000010004d5c       0x10 CMakeFiles/lab09.dir/Users/abhinavsinha/pico/pico-sdk/src/rp2_common/hardware_clocks/clocks.c.obj
 .rodata.make_branch.str1.4
                0x0000000010004d6c       0x54 CMakeFiles/lab09.dir/Users/abhinavsinha/pico/pico-sdk/src/rp2_common/hardware_irq/irq.c.obj
 .rodata.irq_set_exclusive_handler.str1.4
                0x0000000010004dc0       0x36 CMakeFiles/lab09.dir/Users/abhinavsinha/pico/pico-sdk/src/rp2_common/hardware_irq/irq.c.obj
 *fill*         0x0000000010004df6        0x2 
 .rodata.irq_add_shared_handler.str1.4
                0x0000000010004df8       0xd9 CMakeFiles/lab09.dir/Users/abhinavsinha/pico/pico-sdk/src/rp2_common/hardware_irq/irq.c.obj
 *fill*         0x0000000010004ed1        0x3 
 .rodata.irq_remove_handler.str1.4
                0x0000000010004ed4       0x2a CMakeFiles/lab09.dir/Users/abhinavsinha/pico/pico-sdk/src/rp2_common/hardware_irq/irq.c.obj
 *fill*         0x0000000010004efe        0x2 
 .rodata.irq_add_tail_to_free_list.str1.4
                0x0000000010004f00       0x32 CMakeFiles/lab09.dir/Users/abhinavsinha/pico/pico-sdk/src/rp2_common/hardware_irq/irq.c.obj
                                         0x3a (size before relaxing)
 *fill*         0x0000000010004f32        0x2 
 .rodata.__func__.0
                0x0000000010004f34       0x1a CMakeFiles/lab09.dir/Users/abhinavsinha/pico/pico-sdk/src/rp2_common/hardware_irq/irq.c.obj
 *fill*         0x0000000010004f4e        0x2 
 .rodata.__func__.1
                0x0000000010004f50       0x17 CMakeFiles/lab09.dir/Users/abhinavsinha/pico/pico-sdk/src/rp2_common/hardware_irq/irq.c.obj
 *fill*         0x0000000010004f67        0x1 
 .rodata.__func__.2
                0x0000000010004f68       0x13 CMakeFiles/lab09.dir/Users/abhinavsinha/pico/pico-sdk/src/rp2_common/hardware_irq/irq.c.obj
 *fill*         0x0000000010004f7b        0x1 
 .rodata.__func__.3
                0x0000000010004f7c        0xc CMakeFiles/lab09.dir/Users/abhinavsinha/pico/pico-sdk/src/rp2_common/hardware_irq/irq.c.obj
 .rodata.__func__.4
                0x0000000010004f88        0xf CMakeFiles/lab09.dir/Users/abhinavsinha/pico/pico-sdk/src/rp2_common/hardware_irq/irq.c.obj
 *fill*         0x0000000010004f97        0x1 
 .rodata.__func__.6
                0x0000000010004f98       0x1a CMakeFiles/lab09.dir/Users/abhinavsinha/pico/pico-sdk/src/rp2_common/hardware_irq/irq.c.obj
 *fill*         0x0000000010004fb2        0x2 
 .rodata.pll_init.str1.4
                0x0000000010004fb4       0xdf CMakeFiles/lab09.dir/Users/abhinavsinha/pico/pico-sdk/src/rp2_common/hardware_pll/pll.c.obj
 *fill*         0x0000000010005093        0x1 
 .rodata.__func__.0
                0x0000000010005094        0x9 CMakeFiles/lab09.dir/Users/abhinavsinha/pico/pico-sdk/src/rp2_common/hardware_pll/pll.c.obj
 *fill*         0x000000001000509d        0x3 
 .rodata._ftoa.str1.4
                0x00000000100050a0       0x15 CMakeFiles/lab09.dir/Users/abhinavsinha/pico/pico-sdk/src/rp2_common/pico_printf/printf.c.obj
 *fill*         0x00000000100050b5        0x3 
 .rodata._vsnprintf
                0x00000000100050b8      0x1e0 CMakeFiles/lab09.dir/Users/abhinavsinha/pico/pico-sdk/src/rp2_common/pico_printf/printf.c.obj
 .rodata.pow10.0
                0x0000000010005298       0x50 CMakeFiles/lab09.dir/Users/abhinavsinha/pico/pico-sdk/src/rp2_common/pico_printf/printf.c.obj
 .rodata.__aeabi_double_init.str1.4
                0x00000000100052e8       0xaf CMakeFiles/lab09.dir/Users/abhinavsinha/pico/pico-sdk/src/rp2_common/pico_double/double_init_rom.c.obj
 *fill*         0x0000000010005397        0x1 
 .rodata.__func__.0
                0x0000000010005398       0x14 CMakeFiles/lab09.dir/Users/abhinavsinha/pico/pico-sdk/src/rp2_common/pico_double/double_init_rom.c.obj
 .rodata.__aeabi_float_init.str1.4
                0x00000000100053ac       0x81 CMakeFiles/lab09.dir/Users/abhinavsinha/pico/pico-sdk/src/rp2_common/pico_float/float_init_rom.c.obj
                                         0x85 (size before relaxing)
 *fill*         0x000000001000542d        0x3 
 .rodata.__func__.0
                0x0000000010005430       0x13 CMakeFiles/lab09.dir/Users/abhinavsinha/pico/pico-sdk/src/rp2_common/pico_float/float_init_rom.c.obj
 *fill*         0x0000000010005443        0x1 
 .rodata.str1.4
                0x0000000010005444       0x74 CMakeFiles/lab09.dir/Users/abhinavsinha/pico/pico-sdk/src/rp2_common/pico_standard_link/binary_info.c.obj
                                         0x7c (size before relaxing)
 .rodata.__bi_44
                0x00000000100054b8        0xc CMakeFiles/lab09.dir/Users/abhinavsinha/pico/pico-sdk/src/rp2_common/pico_standard_link/binary_info.c.obj
 .rodata.__bi_69
                0x00000000100054c4        0xc CMakeFiles/lab09.dir/Users/abhinavsinha/pico/pico-sdk/src/rp2_common/pico_standard_link/binary_info.c.obj
 .rodata.__bi_75
                0x00000000100054d0        0xc CMakeFiles/lab09.dir/Users/abhinavsinha/pico/pico-sdk/src/rp2_common/pico_standard_link/binary_info.c.obj
 .rodata.__bi_81
                0x00000000100054dc        0xc CMakeFiles/lab09.dir/Users/abhinavsinha/pico/pico-sdk/src/rp2_common/pico_standard_link/binary_info.c.obj
 .rodata.crlf_str.3
                0x00000000100054e8        0x2 CMakeFiles/lab09.dir/Users/abhinavsinha/pico/pico-sdk/src/rp2_common/pico_stdio/stdio.c.obj
 *fill*         0x00000000100054ea        0x2 
 .rodata.str1.4
                0x00000000100054ec       0x2c CMakeFiles/lab09.dir/Users/abhinavsinha/pico/pico-sdk/src/rp2_common/pico_stdio_uart/stdio_uart.c.obj
 .rodata.__bi_28.4
                0x0000000010005518        0xc CMakeFiles/lab09.dir/Users/abhinavsinha/pico/pico-sdk/src/rp2_common/pico_stdio_uart/stdio_uart.c.obj
 .rodata.__bi_29.5
                0x0000000010005524        0x8 CMakeFiles/lab09.dir/Users/abhinavsinha/pico/pico-sdk/src/rp2_common/pico_stdio_uart/stdio_uart.c.obj
 .rodata._pio_find_offset_for_program.str1.4
                0x000000001000552c       0x70 CMakeFiles/lab09.dir/Users/abhinavsinha/pico/pico-sdk/src/rp2_common/hardware_pio/pio.c.obj
 .rodata._pio_add_program_at_offset.str1.4
                0x000000001000559c       0x11 CMakeFiles/lab09.dir/Users/abhinavsinha/pico/pico-sdk/src/rp2_common/hardware_pio/pio.c.obj
 *fill*         0x00000000100055ad        0x3 
 .rodata.__func__.1
                0x00000000100055b0       0x1d CMakeFiles/lab09.dir/Users/abhinavsinha/pico/pico-sdk/src/rp2_common/hardware_pio/pio.c.obj
                0x00000000100055d0                . = ALIGN (0x4)
 *fill*         0x00000000100055cd        0x3 
 *(SORT_BY_ALIGNMENT(SORT_BY_NAME(.flashdata*)))
                0x00000000100055d0                . = ALIGN (0x4)

.rel.dyn        0x00000000100055d0        0x0
 .rel.iplt      0x00000000100055d0        0x0 /usr/local/Cellar/arm-none-eabi-gcc/10.3-2021.07/gcc/bin/../lib/gcc/arm-none-eabi/10.3.1/thumb/v6-m/nofp/crtbegin.o

.ARM.extab
 *(.ARM.extab* .gnu.linkonce.armextab.*)
                0x00000000100055d0                __exidx_start = .

.ARM.exidx
 *(.ARM.exidx* .gnu.linkonce.armexidx.*)
                0x00000000100055d0                __exidx_end = .
                0x00000000100055d0                . = ALIGN (0x4)
                0x00000000100055d0                __binary_info_start = .

.binary_info    0x00000000100055d0       0x28
 *(.binary_info.keep.*)
 .binary_info.keep.__bi_ptr22
                0x00000000100055d0        0x4 CMakeFiles/lab09.dir/Users/abhinavsinha/pico/pico-sdk/src/rp2_common/pico_standard_link/binary_info.c.obj
 .binary_info.keep.__bi_ptr30
                0x00000000100055d4        0x4 CMakeFiles/lab09.dir/Users/abhinavsinha/pico/pico-sdk/src/rp2_common/pico_standard_link/binary_info.c.obj
 .binary_info.keep.__bi_ptr38
                0x00000000100055d8        0x4 CMakeFiles/lab09.dir/Users/abhinavsinha/pico/pico-sdk/src/rp2_common/pico_standard_link/binary_info.c.obj
 .binary_info.keep.__bi_ptr44
                0x00000000100055dc        0x4 CMakeFiles/lab09.dir/Users/abhinavsinha/pico/pico-sdk/src/rp2_common/pico_standard_link/binary_info.c.obj
 .binary_info.keep.__bi_ptr50
                0x00000000100055e0        0x4 CMakeFiles/lab09.dir/Users/abhinavsinha/pico/pico-sdk/src/rp2_common/pico_standard_link/binary_info.c.obj
 .binary_info.keep.__bi_ptr69
                0x00000000100055e4        0x4 CMakeFiles/lab09.dir/Users/abhinavsinha/pico/pico-sdk/src/rp2_common/pico_standard_link/binary_info.c.obj
 .binary_info.keep.__bi_ptr75
                0x00000000100055e8        0x4 CMakeFiles/lab09.dir/Users/abhinavsinha/pico/pico-sdk/src/rp2_common/pico_standard_link/binary_info.c.obj
 .binary_info.keep.__bi_ptr81
                0x00000000100055ec        0x4 CMakeFiles/lab09.dir/Users/abhinavsinha/pico/pico-sdk/src/rp2_common/pico_standard_link/binary_info.c.obj
 *(.binary_info.*)
 .binary_info.__bi_ptr28
                0x00000000100055f0        0x4 CMakeFiles/lab09.dir/Users/abhinavsinha/pico/pico-sdk/src/rp2_common/pico_stdio_uart/stdio_uart.c.obj
 .binary_info.__bi_ptr29
                0x00000000100055f4        0x4 CMakeFiles/lab09.dir/Users/abhinavsinha/pico/pico-sdk/src/rp2_common/pico_stdio_uart/stdio_uart.c.obj
                0x00000000100055f8                __binary_info_end = .
                0x00000000100055f8                . = ALIGN (0x4)
                0x00000000100055f8                __etext = .

.ram_vector_table
                0x0000000020000000       0xc0
 *(.ram_vector_table)
 .ram_vector_table
                0x0000000020000000       0xc0 CMakeFiles/lab09.dir/Users/abhinavsinha/pico/pico-sdk/src/rp2_common/pico_runtime/runtime.c.obj
                0x0000000020000000                ram_vector_table

.data           0x00000000200000c0      0x1c0 load address 0x00000000100055f8
                0x00000000200000c0                __data_start__ = .
 *(vtable)
 *(.time_critical*)
 .time_critical.mutex_enter_blocking
                0x00000000200000c0       0x48 CMakeFiles/lab09.dir/Users/abhinavsinha/pico/pico-sdk/src/common/pico_sync/mutex.c.obj
                0x00000000200000c0                mutex_enter_blocking
 .time_critical.mutex_try_enter
                0x0000000020000108       0x46 CMakeFiles/lab09.dir/Users/abhinavsinha/pico/pico-sdk/src/common/pico_sync/mutex.c.obj
                0x0000000020000108                mutex_try_enter
 *fill*         0x000000002000014e        0x2 
 .time_critical.mutex_exit
                0x0000000020000150       0x4c CMakeFiles/lab09.dir/Users/abhinavsinha/pico/pico-sdk/src/common/pico_sync/mutex.c.obj
                0x0000000020000150                mutex_exit
 *(.text*)
 .text          0x000000002000019c        0x4 /usr/local/Cellar/arm-none-eabi-gcc/10.3-2021.07/gcc/bin/../lib/gcc/arm-none-eabi/10.3.1/thumb/v6-m/nofp/libgcc.a(_dvmd_tls.o)
                0x000000002000019c                __aeabi_ldiv0
                0x000000002000019c                __aeabi_idiv0
 .text.__stub   0x00000000200001a0       0x10 linker stubs
                0x00000000200001b0                . = ALIGN (0x4)
 *(.rodata*)
                0x00000000200001b0                . = ALIGN (0x4)
 *(.data*)
 .data.striped_spin_lock_num
                0x00000000200001b0        0x1 CMakeFiles/lab09.dir/Users/abhinavsinha/pico/pico-sdk/src/rp2_common/hardware_sync/sync.c.obj
 *fill*         0x00000000200001b1        0x3 
 .data.default_alarm_pool
                0x00000000200001b4       0x18 CMakeFiles/lab09.dir/Users/abhinavsinha/pico/pico-sdk/src/common/pico_time/time.c.obj
 .data.default_alarm_pool_heap
                0x00000000200001cc       0x10 CMakeFiles/lab09.dir/Users/abhinavsinha/pico/pico-sdk/src/common/pico_time/time.c.obj
 .data          0x00000000200001dc       0x48 CMakeFiles/lab09.dir/Users/abhinavsinha/pico/pico-sdk/src/rp2_common/hardware_irq/irq_handler_chain.S.obj
                0x00000000200001dc                irq_handler_chain_slots
                0x000000002000020c                irq_handler_chain_first_slot
                0x0000000020000216                irq_handler_chain_remove_tail
 *fill*         0x0000000020000224        0xc 
 .data.aeabi_bits_funcs
                0x0000000020000230       0x10 CMakeFiles/lab09.dir/Users/abhinavsinha/pico/pico-sdk/src/rp2_common/pico_bit_ops/bit_ops_aeabi.S.obj
                0x0000000020000230                aeabi_bits_funcs
                0x0000000020000240                aeabi_bits_funcs_end
 .data.aeabi_mem_funcs
                0x0000000020000240       0x10 CMakeFiles/lab09.dir/Users/abhinavsinha/pico/pico-sdk/src/rp2_common/pico_mem_ops/mem_ops_aeabi.S.obj
                0x0000000020000240                aeabi_mem_funcs
                0x0000000020000250                aeabi_mem_funcs_end
 .data.stdio_uart
                0x0000000020000250       0x14 CMakeFiles/lab09.dir/Users/abhinavsinha/pico/pico-sdk/src/rp2_common/pico_stdio_uart/stdio_uart.c.obj
                0x0000000020000250                stdio_uart
                0x0000000020000264                . = ALIGN (0x4)
 *(.after_data.*)
                0x0000000020000264                . = ALIGN (0x4)
                0x0000000020000264                PROVIDE (__mutex_array_start = .)
 *(SORT_BY_NAME(.mutex_array.*))
 *(.mutex_array)
 .mutex_array   0x0000000020000264        0x8 CMakeFiles/lab09.dir/Users/abhinavsinha/pico/pico-sdk/src/rp2_common/pico_stdio/stdio.c.obj
                0x000000002000026c                PROVIDE (__mutex_array_end = .)
                0x000000002000026c                . = ALIGN (0x4)
                0x000000002000026c                PROVIDE (__preinit_array_start = .)
 *(SORT_BY_NAME(.preinit_array.*))
 .preinit_array.00001
                0x000000002000026c        0x4 CMakeFiles/lab09.dir/Users/abhinavsinha/pico/pico-sdk/src/rp2_common/pico_mem_ops/mem_ops_aeabi.S.obj
 .preinit_array.00010
                0x0000000020000270        0x4 CMakeFiles/lab09.dir/Users/abhinavsinha/pico/pico-sdk/src/rp2_common/pico_bit_ops/bit_ops_aeabi.S.obj
 .preinit_array.00020
                0x0000000020000274        0x4 CMakeFiles/lab09.dir/Users/abhinavsinha/pico/pico-sdk/src/rp2_common/pico_double/double_aeabi.S.obj
 .preinit_array.00020
                0x0000000020000278        0x4 CMakeFiles/lab09.dir/Users/abhinavsinha/pico/pico-sdk/src/rp2_common/pico_float/float_aeabi.S.obj
 *(.preinit_array)
                0x000000002000027c                PROVIDE (__preinit_array_end = .)
                0x000000002000027c                . = ALIGN (0x4)
                0x000000002000027c                PROVIDE (__init_array_start = .)
 *(SORT_BY_NAME(.init_array.*))
 *(.init_array)
 .init_array    0x000000002000027c        0x4 /usr/local/Cellar/arm-none-eabi-gcc/10.3-2021.07/gcc/bin/../lib/gcc/arm-none-eabi/10.3.1/thumb/v6-m/nofp/crtbegin.o
                0x0000000020000280                PROVIDE (__init_array_end = .)
                0x0000000020000280                . = ALIGN (0x4)
                [!provide]                        PROVIDE (__fini_array_start = .)
 *(SORT_BY_NAME(.fini_array.*))
 *(.fini_array)
                [!provide]                        PROVIDE (__fini_array_end = .)
 *(.jcr)
                0x0000000020000280                . = ALIGN (0x4)
                0x0000000020000280                __data_end__ = .

.igot.plt       0x0000000020000280        0x0 load address 0x00000000100057b8
 .igot.plt      0x0000000020000280        0x0 /usr/local/Cellar/arm-none-eabi-gcc/10.3-2021.07/gcc/bin/../lib/gcc/arm-none-eabi/10.3.1/thumb/v6-m/nofp/crtbegin.o

.uninitialized_data
                0x0000000020000280        0x0 load address 0x00000000100057b8
                0x0000000020000280                . = ALIGN (0x4)
 *(.uninitialized_data*)

.scratch_x      0x0000000020040000        0x0 load address 0x00000000100057b8
                0x0000000020040000                __scratch_x_start__ = .
 *(.scratch_x.*)
                0x0000000020040000                . = ALIGN (0x4)
                0x0000000020040000                __scratch_x_end__ = .
                0x00000000100057b8                __scratch_x_source__ = LOADADDR (.scratch_x)

.scratch_y      0x0000000020041000        0x0 load address 0x00000000100057b8
                0x0000000020041000                __scratch_y_start__ = .
 *(.scratch_y.*)
                0x0000000020041000                . = ALIGN (0x4)
                0x0000000020041000                __scratch_y_end__ = .
                0x00000000100057b8                __scratch_y_source__ = LOADADDR (.scratch_y)

.bss            0x0000000020000280      0x3d8
                0x0000000020000280                . = ALIGN (0x4)
                0x0000000020000280                __bss_start__ = .
 *(SORT_BY_ALIGNMENT(SORT_BY_NAME(.bss*)))
 .bss.default_alarm_pool_entries
                0x0000000020000280      0x100 CMakeFiles/lab09.dir/Users/abhinavsinha/pico/pico-sdk/src/common/pico_time/time.c.obj
 .bss           0x0000000020000380       0x1c /usr/local/Cellar/arm-none-eabi-gcc/10.3-2021.07/gcc/bin/../lib/gcc/arm-none-eabi/10.3.1/thumb/v6-m/nofp/crtbegin.o
 .bss._used_instruction_space
                0x000000002000039c        0x8 CMakeFiles/lab09.dir/Users/abhinavsinha/pico/pico-sdk/src/rp2_common/hardware_pio/pio.c.obj
 .bss.alarm_callbacks
                0x00000000200003a4       0x10 CMakeFiles/lab09.dir/Users/abhinavsinha/pico/pico-sdk/src/rp2_common/hardware_timer/timer.c.obj
 .bss.configured_freq
                0x00000000200003b4       0x28 CMakeFiles/lab09.dir/Users/abhinavsinha/pico/pico-sdk/src/rp2_common/hardware_clocks/clocks.c.obj
 .bss.default_alarm_pool_entry_ids_high
                0x00000000200003dc       0x10 CMakeFiles/lab09.dir/Users/abhinavsinha/pico/pico-sdk/src/common/pico_time/time.c.obj
 .bss.default_alarm_pool_heap_nodes
                0x00000000200003ec       0x30 CMakeFiles/lab09.dir/Users/abhinavsinha/pico/pico-sdk/src/common/pico_time/time.c.obj
 .bss.drivers   0x000000002000041c        0x4 CMakeFiles/lab09.dir/Users/abhinavsinha/pico/pico-sdk/src/rp2_common/pico_stdio/stdio.c.obj
 .bss.filter    0x0000000020000420        0x4 CMakeFiles/lab09.dir/Users/abhinavsinha/pico/pico-sdk/src/rp2_common/pico_stdio/stdio.c.obj
 .bss.pools     0x0000000020000424       0x10 CMakeFiles/lab09.dir/Users/abhinavsinha/pico/pico-sdk/src/common/pico_time/time.c.obj
 .bss.sd_table  0x0000000020000434      0x100 CMakeFiles/lab09.dir/Users/abhinavsinha/pico/pico-sdk/src/rp2_common/pico_double/double_init_rom.c.obj
                0x0000000020000434                sd_table
 .bss.sf_clz_func
                0x0000000020000534        0x4 CMakeFiles/lab09.dir/Users/abhinavsinha/pico/pico-sdk/src/rp2_common/pico_double/double_init_rom.c.obj
                0x0000000020000534                sf_clz_func
 .bss.sf_table  0x0000000020000538      0x100 CMakeFiles/lab09.dir/Users/abhinavsinha/pico/pico-sdk/src/rp2_common/pico_float/float_init_rom.c.obj
                0x0000000020000538                sf_table
 .bss.sleep_notifier
                0x0000000020000638        0x4 CMakeFiles/lab09.dir/Users/abhinavsinha/pico/pico-sdk/src/common/pico_time/time.c.obj
 .bss.target_hi
                0x000000002000063c       0x10 CMakeFiles/lab09.dir/Users/abhinavsinha/pico/pico-sdk/src/rp2_common/hardware_timer/timer.c.obj
 .bss.uart_char_to_line_feed
                0x000000002000064c        0x4 CMakeFiles/lab09.dir/Users/abhinavsinha/pico/pico-sdk/src/rp2_common/hardware_uart/uart.c.obj
                0x000000002000064c                uart_char_to_line_feed
 .bss.uart_instance
                0x0000000020000650        0x4 CMakeFiles/lab09.dir/Users/abhinavsinha/pico/pico-sdk/src/rp2_common/pico_stdio_uart/stdio_uart.c.obj
 .bss.claimed   0x0000000020000654        0x1 CMakeFiles/lab09.dir/Users/abhinavsinha/pico/pico-sdk/src/rp2_common/hardware_timer/timer.c.obj
 .bss.irq_hander_chain_free_slot_head
                0x0000000020000655        0x1 CMakeFiles/lab09.dir/Users/abhinavsinha/pico/pico-sdk/src/rp2_common/hardware_irq/irq.c.obj
 .bss.timer_callbacks_pending
                0x0000000020000656        0x1 CMakeFiles/lab09.dir/Users/abhinavsinha/pico/pico-sdk/src/rp2_common/hardware_timer/timer.c.obj
 *(COMMON)
                0x0000000020000658                . = ALIGN (0x4)
 *fill*         0x0000000020000657        0x1 
                0x0000000020000658                __bss_end__ = .

.heap           0x0000000020000658      0x800
                0x0000000020000658                __end__ = .
                0x0000000020000658                end = __end__
 *(.heap*)
 .heap          0x0000000020000658      0x800 CMakeFiles/lab09.dir/Users/abhinavsinha/pico/pico-sdk/src/rp2_common/pico_standard_link/crt0.S.obj
                0x0000000020000e58                __HeapLimit = .

.stack1_dummy   0x0000000020040000        0x0
 *(.stack1*)

.stack_dummy    0x0000000020041000      0x800
 *(.stack*)
 .stack         0x0000000020041000      0x800 CMakeFiles/lab09.dir/Users/abhinavsinha/pico/pico-sdk/src/rp2_common/pico_standard_link/crt0.S.obj

.flash_end      0x00000000100057b8        0x0
                0x00000000100057b8                __flash_binary_end = .
                0x0000000020040000                __StackLimit = (ORIGIN (RAM) + LENGTH (RAM))
                0x0000000020041000                __StackOneTop = (ORIGIN (SCRATCH_X) + LENGTH (SCRATCH_X))
                0x0000000020042000                __StackTop = (ORIGIN (SCRATCH_Y) + LENGTH (SCRATCH_Y))
                0x0000000020041000                __StackOneBottom = (__StackOneTop - SIZEOF (.stack1_dummy))
                0x0000000020041800                __StackBottom = (__StackTop - SIZEOF (.stack_dummy))
                0x0000000020042000                PROVIDE (__stack = __StackTop)
                0x0000000000000001                ASSERT ((__StackLimit >= __HeapLimit), region RAM overflowed)
                0x0000000000000001                ASSERT (((__binary_info_header_end - __logical_binary_start) <= 0x100), Binary info must be in first 256 bytes of the binary)
LOAD CMakeFiles/lab09.dir/lab09.c.obj
LOAD CMakeFiles/lab09.dir/lab09.S.obj
LOAD CMakeFiles/lab09.dir/Users/abhinavsinha/pico/pico-sdk/src/rp2_common/pico_stdlib/stdlib.c.obj
LOAD CMakeFiles/lab09.dir/Users/abhinavsinha/pico/pico-sdk/src/rp2_common/hardware_gpio/gpio.c.obj
LOAD CMakeFiles/lab09.dir/Users/abhinavsinha/pico/pico-sdk/src/rp2_common/hardware_claim/claim.c.obj
LOAD CMakeFiles/lab09.dir/Users/abhinavsinha/pico/pico-sdk/src/rp2_common/pico_platform/platform.c.obj
LOAD CMakeFiles/lab09.dir/Users/abhinavsinha/pico/pico-sdk/src/rp2_common/hardware_sync/sync.c.obj
LOAD CMakeFiles/lab09.dir/Users/abhinavsinha/pico/pico-sdk/src/rp2_common/hardware_uart/uart.c.obj
LOAD CMakeFiles/lab09.dir/Users/abhinavsinha/pico/pico-sdk/src/rp2_common/hardware_divider/divider.S.obj
LOAD CMakeFiles/lab09.dir/Users/abhinavsinha/pico/pico-sdk/src/common/pico_time/time.c.obj
LOAD CMakeFiles/lab09.dir/Users/abhinavsinha/pico/pico-sdk/src/common/pico_time/timeout_helper.c.obj
LOAD CMakeFiles/lab09.dir/Users/abhinavsinha/pico/pico-sdk/src/rp2_common/hardware_timer/timer.c.obj
LOAD CMakeFiles/lab09.dir/Users/abhinavsinha/pico/pico-sdk/src/common/pico_sync/sem.c.obj
LOAD CMakeFiles/lab09.dir/Users/abhinavsinha/pico/pico-sdk/src/common/pico_sync/lock_core.c.obj
LOAD CMakeFiles/lab09.dir/Users/abhinavsinha/pico/pico-sdk/src/common/pico_sync/mutex.c.obj
LOAD CMakeFiles/lab09.dir/Users/abhinavsinha/pico/pico-sdk/src/common/pico_sync/critical_section.c.obj
LOAD CMakeFiles/lab09.dir/Users/abhinavsinha/pico/pico-sdk/src/common/pico_util/datetime.c.obj
LOAD CMakeFiles/lab09.dir/Users/abhinavsinha/pico/pico-sdk/src/common/pico_util/pheap.c.obj
LOAD CMakeFiles/lab09.dir/Users/abhinavsinha/pico/pico-sdk/src/common/pico_util/queue.c.obj
LOAD CMakeFiles/lab09.dir/Users/abhinavsinha/pico/pico-sdk/src/rp2_common/pico_runtime/runtime.c.obj
LOAD CMakeFiles/lab09.dir/Users/abhinavsinha/pico/pico-sdk/src/rp2_common/hardware_clocks/clocks.c.obj
LOAD CMakeFiles/lab09.dir/Users/abhinavsinha/pico/pico-sdk/src/rp2_common/hardware_irq/irq.c.obj
LOAD CMakeFiles/lab09.dir/Users/abhinavsinha/pico/pico-sdk/src/rp2_common/hardware_irq/irq_handler_chain.S.obj
LOAD CMakeFiles/lab09.dir/Users/abhinavsinha/pico/pico-sdk/src/rp2_common/hardware_pll/pll.c.obj
LOAD CMakeFiles/lab09.dir/Users/abhinavsinha/pico/pico-sdk/src/rp2_common/hardware_vreg/vreg.c.obj
LOAD CMakeFiles/lab09.dir/Users/abhinavsinha/pico/pico-sdk/src/rp2_common/hardware_watchdog/watchdog.c.obj
LOAD CMakeFiles/lab09.dir/Users/abhinavsinha/pico/pico-sdk/src/rp2_common/hardware_xosc/xosc.c.obj
LOAD CMakeFiles/lab09.dir/Users/abhinavsinha/pico/pico-sdk/src/rp2_common/pico_printf/printf.c.obj
LOAD CMakeFiles/lab09.dir/Users/abhinavsinha/pico/pico-sdk/src/rp2_common/pico_bit_ops/bit_ops_aeabi.S.obj
LOAD CMakeFiles/lab09.dir/Users/abhinavsinha/pico/pico-sdk/src/rp2_common/pico_bootrom/bootrom.c.obj
LOAD CMakeFiles/lab09.dir/Users/abhinavsinha/pico/pico-sdk/src/rp2_common/pico_divider/divider.S.obj
LOAD CMakeFiles/lab09.dir/Users/abhinavsinha/pico/pico-sdk/src/rp2_common/pico_double/double_aeabi.S.obj
LOAD CMakeFiles/lab09.dir/Users/abhinavsinha/pico/pico-sdk/src/rp2_common/pico_double/double_init_rom.c.obj
LOAD CMakeFiles/lab09.dir/Users/abhinavsinha/pico/pico-sdk/src/rp2_common/pico_double/double_math.c.obj
LOAD CMakeFiles/lab09.dir/Users/abhinavsinha/pico/pico-sdk/src/rp2_common/pico_double/double_v1_rom_shim.S.obj
LOAD CMakeFiles/lab09.dir/Users/abhinavsinha/pico/pico-sdk/src/rp2_common/pico_int64_ops/pico_int64_ops_aeabi.S.obj
LOAD CMakeFiles/lab09.dir/Users/abhinavsinha/pico/pico-sdk/src/rp2_common/pico_float/float_aeabi.S.obj
LOAD CMakeFiles/lab09.dir/Users/abhinavsinha/pico/pico-sdk/src/rp2_common/pico_float/float_init_rom.c.obj
LOAD CMakeFiles/lab09.dir/Users/abhinavsinha/pico/pico-sdk/src/rp2_common/pico_float/float_math.c.obj
LOAD CMakeFiles/lab09.dir/Users/abhinavsinha/pico/pico-sdk/src/rp2_common/pico_float/float_v1_rom_shim.S.obj
LOAD CMakeFiles/lab09.dir/Users/abhinavsinha/pico/pico-sdk/src/rp2_common/pico_malloc/pico_malloc.c.obj
LOAD CMakeFiles/lab09.dir/Users/abhinavsinha/pico/pico-sdk/src/rp2_common/pico_mem_ops/mem_ops_aeabi.S.obj
LOAD CMakeFiles/lab09.dir/Users/abhinavsinha/pico/pico-sdk/src/rp2_common/pico_standard_link/crt0.S.obj
LOAD CMakeFiles/lab09.dir/Users/abhinavsinha/pico/pico-sdk/src/rp2_common/pico_standard_link/new_delete.cpp.obj
LOAD CMakeFiles/lab09.dir/Users/abhinavsinha/pico/pico-sdk/src/rp2_common/pico_standard_link/binary_info.c.obj
LOAD CMakeFiles/lab09.dir/Users/abhinavsinha/pico/pico-sdk/src/rp2_common/pico_stdio/stdio.c.obj
LOAD CMakeFiles/lab09.dir/Users/abhinavsinha/pico/pico-sdk/src/rp2_common/pico_stdio_uart/stdio_uart.c.obj
LOAD CMakeFiles/lab09.dir/Users/abhinavsinha/pico/pico-sdk/src/rp2_common/hardware_pio/pio.c.obj
LOAD CMakeFiles/lab09.dir/Users/abhinavsinha/pico/pico-sdk/src/rp2_common/hardware_adc/adc.c.obj
LOAD /var/folders/lz/hcc81f1d27g1pv9918wtrd6m0000gn/T//ccjmd2Zg.o
LOAD /usr/local/Cellar/arm-none-eabi-gcc/10.3-2021.07/gcc/bin/../lib/gcc/arm-none-eabi/10.3.1/../../../../arm-none-eabi/lib/thumb/v6-m/nofp/libstdc++.a
LOAD /usr/local/Cellar/arm-none-eabi-gcc/10.3-2021.07/gcc/bin/../lib/gcc/arm-none-eabi/10.3.1/../../../../arm-none-eabi/lib/thumb/v6-m/nofp/libm.a
START GROUP
LOAD /usr/local/Cellar/arm-none-eabi-gcc/10.3-2021.07/gcc/bin/../lib/gcc/arm-none-eabi/10.3.1/thumb/v6-m/nofp/libgcc.a
LOAD /usr/local/Cellar/arm-none-eabi-gcc/10.3-2021.07/gcc/bin/../lib/gcc/arm-none-eabi/10.3.1/../../../../arm-none-eabi/lib/thumb/v6-m/nofp/libg.a
LOAD /usr/local/Cellar/arm-none-eabi-gcc/10.3-2021.07/gcc/bin/../lib/gcc/arm-none-eabi/10.3.1/../../../../arm-none-eabi/lib/thumb/v6-m/nofp/libc.a
END GROUP
START GROUP
LOAD /usr/local/Cellar/arm-none-eabi-gcc/10.3-2021.07/gcc/bin/../lib/gcc/arm-none-eabi/10.3.1/thumb/v6-m/nofp/libgcc.a
LOAD /usr/local/Cellar/arm-none-eabi-gcc/10.3-2021.07/gcc/bin/../lib/gcc/arm-none-eabi/10.3.1/../../../../arm-none-eabi/lib/thumb/v6-m/nofp/libc.a
LOAD /usr/local/Cellar/arm-none-eabi-gcc/10.3-2021.07/gcc/bin/../lib/gcc/arm-none-eabi/10.3.1/../../../../arm-none-eabi/lib/thumb/v6-m/nofp/libnosys.a
END GROUP
LOAD /usr/local/Cellar/arm-none-eabi-gcc/10.3-2021.07/gcc/bin/../lib/gcc/arm-none-eabi/10.3.1/thumb/v6-m/nofp/crtend.o
LOAD /usr/local/Cellar/arm-none-eabi-gcc/10.3-2021.07/gcc/bin/../lib/gcc/arm-none-eabi/10.3.1/thumb/v6-m/nofp/crtn.o
OUTPUT(lab09.elf elf32-littlearm)
LOAD linker stubs

.ARM.attributes
                0x0000000000000000       0x28
 .ARM.attributes
                0x0000000000000000       0x1e /usr/local/Cellar/arm-none-eabi-gcc/10.3-2021.07/gcc/bin/../lib/gcc/arm-none-eabi/10.3.1/thumb/v6-m/nofp/crti.o
 .ARM.attributes
                0x000000000000001e       0x2c /usr/local/Cellar/arm-none-eabi-gcc/10.3-2021.07/gcc/bin/../lib/gcc/arm-none-eabi/10.3.1/thumb/v6-m/nofp/crtbegin.o
 .ARM.attributes
                0x000000000000004a       0x2c CMakeFiles/lab09.dir/lab09.c.obj
 .ARM.attributes
                0x0000000000000076       0x22 CMakeFiles/lab09.dir/lab09.S.obj
 .ARM.attributes
                0x0000000000000098       0x2c CMakeFiles/lab09.dir/Users/abhinavsinha/pico/pico-sdk/src/rp2_common/hardware_gpio/gpio.c.obj
 .ARM.attributes
                0x00000000000000c4       0x2c CMakeFiles/lab09.dir/Users/abhinavsinha/pico/pico-sdk/src/rp2_common/hardware_claim/claim.c.obj
 .ARM.attributes
                0x00000000000000f0       0x2c CMakeFiles/lab09.dir/Users/abhinavsinha/pico/pico-sdk/src/rp2_common/pico_platform/platform.c.obj
 .ARM.attributes
                0x000000000000011c       0x2c CMakeFiles/lab09.dir/Users/abhinavsinha/pico/pico-sdk/src/rp2_common/hardware_sync/sync.c.obj
 .ARM.attributes
                0x0000000000000148       0x2c CMakeFiles/lab09.dir/Users/abhinavsinha/pico/pico-sdk/src/rp2_common/hardware_uart/uart.c.obj
 .ARM.attributes
                0x0000000000000174       0x2c CMakeFiles/lab09.dir/Users/abhinavsinha/pico/pico-sdk/src/common/pico_time/time.c.obj
 .ARM.attributes
                0x00000000000001a0       0x2c CMakeFiles/lab09.dir/Users/abhinavsinha/pico/pico-sdk/src/rp2_common/hardware_timer/timer.c.obj
 .ARM.attributes
                0x00000000000001cc       0x2c CMakeFiles/lab09.dir/Users/abhinavsinha/pico/pico-sdk/src/common/pico_sync/lock_core.c.obj
 .ARM.attributes
                0x00000000000001f8       0x2c CMakeFiles/lab09.dir/Users/abhinavsinha/pico/pico-sdk/src/common/pico_sync/mutex.c.obj
 .ARM.attributes
                0x0000000000000224       0x2c CMakeFiles/lab09.dir/Users/abhinavsinha/pico/pico-sdk/src/common/pico_util/pheap.c.obj
 .ARM.attributes
                0x0000000000000250       0x2c CMakeFiles/lab09.dir/Users/abhinavsinha/pico/pico-sdk/src/rp2_common/pico_runtime/runtime.c.obj
 .ARM.attributes
                0x000000000000027c       0x2c CMakeFiles/lab09.dir/Users/abhinavsinha/pico/pico-sdk/src/rp2_common/hardware_clocks/clocks.c.obj
 .ARM.attributes
                0x00000000000002a8       0x2c CMakeFiles/lab09.dir/Users/abhinavsinha/pico/pico-sdk/src/rp2_common/hardware_irq/irq.c.obj
 .ARM.attributes
                0x00000000000002d4       0x22 CMakeFiles/lab09.dir/Users/abhinavsinha/pico/pico-sdk/src/rp2_common/hardware_irq/irq_handler_chain.S.obj
 .ARM.attributes
                0x00000000000002f6       0x2c CMakeFiles/lab09.dir/Users/abhinavsinha/pico/pico-sdk/src/rp2_common/hardware_pll/pll.c.obj
 .ARM.attributes
                0x0000000000000322       0x2c CMakeFiles/lab09.dir/Users/abhinavsinha/pico/pico-sdk/src/rp2_common/hardware_watchdog/watchdog.c.obj
 .ARM.attributes
                0x000000000000034e       0x2c CMakeFiles/lab09.dir/Users/abhinavsinha/pico/pico-sdk/src/rp2_common/hardware_xosc/xosc.c.obj
 .ARM.attributes
                0x000000000000037a       0x2c CMakeFiles/lab09.dir/Users/abhinavsinha/pico/pico-sdk/src/rp2_common/pico_printf/printf.c.obj
 .ARM.attributes
                0x00000000000003a6       0x22 CMakeFiles/lab09.dir/Users/abhinavsinha/pico/pico-sdk/src/rp2_common/pico_bit_ops/bit_ops_aeabi.S.obj
 .ARM.attributes
                0x00000000000003c8       0x2c CMakeFiles/lab09.dir/Users/abhinavsinha/pico/pico-sdk/src/rp2_common/pico_bootrom/bootrom.c.obj
 .ARM.attributes
                0x00000000000003f4       0x22 CMakeFiles/lab09.dir/Users/abhinavsinha/pico/pico-sdk/src/rp2_common/pico_divider/divider.S.obj
 .ARM.attributes
                0x0000000000000416       0x22 CMakeFiles/lab09.dir/Users/abhinavsinha/pico/pico-sdk/src/rp2_common/pico_double/double_aeabi.S.obj
 .ARM.attributes
                0x0000000000000438       0x2c CMakeFiles/lab09.dir/Users/abhinavsinha/pico/pico-sdk/src/rp2_common/pico_double/double_init_rom.c.obj
 .ARM.attributes
                0x0000000000000464       0x22 CMakeFiles/lab09.dir/Users/abhinavsinha/pico/pico-sdk/src/rp2_common/pico_double/double_v1_rom_shim.S.obj
 .ARM.attributes
                0x0000000000000486       0x22 CMakeFiles/lab09.dir/Users/abhinavsinha/pico/pico-sdk/src/rp2_common/pico_float/float_aeabi.S.obj
 .ARM.attributes
                0x00000000000004a8       0x2c CMakeFiles/lab09.dir/Users/abhinavsinha/pico/pico-sdk/src/rp2_common/pico_float/float_init_rom.c.obj
 .ARM.attributes
                0x00000000000004d4       0x22 CMakeFiles/lab09.dir/Users/abhinavsinha/pico/pico-sdk/src/rp2_common/pico_float/float_v1_rom_shim.S.obj
 .ARM.attributes
                0x00000000000004f6       0x22 CMakeFiles/lab09.dir/Users/abhinavsinha/pico/pico-sdk/src/rp2_common/pico_mem_ops/mem_ops_aeabi.S.obj
 .ARM.attributes
                0x0000000000000518       0x22 CMakeFiles/lab09.dir/Users/abhinavsinha/pico/pico-sdk/src/rp2_common/pico_standard_link/crt0.S.obj
 .ARM.attributes
                0x000000000000053a       0x32 CMakeFiles/lab09.dir/Users/abhinavsinha/pico/pico-sdk/src/rp2_common/pico_standard_link/binary_info.c.obj
 .ARM.attributes
                0x000000000000056c       0x2c CMakeFiles/lab09.dir/Users/abhinavsinha/pico/pico-sdk/src/rp2_common/pico_stdio/stdio.c.obj
 .ARM.attributes
                0x0000000000000598       0x2c CMakeFiles/lab09.dir/Users/abhinavsinha/pico/pico-sdk/src/rp2_common/pico_stdio_uart/stdio_uart.c.obj
 .ARM.attributes
                0x00000000000005c4       0x2c CMakeFiles/lab09.dir/Users/abhinavsinha/pico/pico-sdk/src/rp2_common/hardware_pio/pio.c.obj
 .ARM.attributes
                0x00000000000005f0       0x2c CMakeFiles/lab09.dir/Users/abhinavsinha/pico/pico-sdk/src/rp2_common/hardware_adc/adc.c.obj
 .ARM.attributes
                0x000000000000061c       0x22 /var/folders/lz/hcc81f1d27g1pv9918wtrd6m0000gn/T//ccjmd2Zg.o
 .ARM.attributes
                0x000000000000063e       0x1e /usr/local/Cellar/arm-none-eabi-gcc/10.3-2021.07/gcc/bin/../lib/gcc/arm-none-eabi/10.3.1/thumb/v6-m/nofp/libgcc.a(_dvmd_tls.o)
 .ARM.attributes
                0x000000000000065c       0x2c /usr/local/Cellar/arm-none-eabi-gcc/10.3-2021.07/gcc/bin/../lib/gcc/arm-none-eabi/10.3.1/../../../../arm-none-eabi/lib/thumb/v6-m/nofp/libg.a(lib_a-strlen-stub.o)

.comment        0x0000000000000000       0x49
 .comment       0x0000000000000000       0x49 CMakeFiles/lab09.dir/lab09.c.obj
                                         0x4a (size before relaxing)
 .comment       0x0000000000000049       0x4a CMakeFiles/lab09.dir/Users/abhinavsinha/pico/pico-sdk/src/rp2_common/hardware_gpio/gpio.c.obj
 .comment       0x0000000000000049       0x4a CMakeFiles/lab09.dir/Users/abhinavsinha/pico/pico-sdk/src/rp2_common/hardware_claim/claim.c.obj
 .comment       0x0000000000000049       0x4a CMakeFiles/lab09.dir/Users/abhinavsinha/pico/pico-sdk/src/rp2_common/pico_platform/platform.c.obj
 .comment       0x0000000000000049       0x4a CMakeFiles/lab09.dir/Users/abhinavsinha/pico/pico-sdk/src/rp2_common/hardware_sync/sync.c.obj
 .comment       0x0000000000000049       0x4a CMakeFiles/lab09.dir/Users/abhinavsinha/pico/pico-sdk/src/rp2_common/hardware_uart/uart.c.obj
 .comment       0x0000000000000049       0x4a CMakeFiles/lab09.dir/Users/abhinavsinha/pico/pico-sdk/src/common/pico_time/time.c.obj
 .comment       0x0000000000000049       0x4a CMakeFiles/lab09.dir/Users/abhinavsinha/pico/pico-sdk/src/rp2_common/hardware_timer/timer.c.obj
 .comment       0x0000000000000049       0x4a CMakeFiles/lab09.dir/Users/abhinavsinha/pico/pico-sdk/src/common/pico_sync/lock_core.c.obj
 .comment       0x0000000000000049       0x4a CMakeFiles/lab09.dir/Users/abhinavsinha/pico/pico-sdk/src/common/pico_sync/mutex.c.obj
 .comment       0x0000000000000049       0x4a CMakeFiles/lab09.dir/Users/abhinavsinha/pico/pico-sdk/src/common/pico_util/pheap.c.obj
 .comment       0x0000000000000049       0x4a CMakeFiles/lab09.dir/Users/abhinavsinha/pico/pico-sdk/src/rp2_common/pico_runtime/runtime.c.obj
 .comment       0x0000000000000049       0x4a CMakeFiles/lab09.dir/Users/abhinavsinha/pico/pico-sdk/src/rp2_common/hardware_clocks/clocks.c.obj
 .comment       0x0000000000000049       0x4a CMakeFiles/lab09.dir/Users/abhinavsinha/pico/pico-sdk/src/rp2_common/hardware_irq/irq.c.obj
 .comment       0x0000000000000049       0x4a CMakeFiles/lab09.dir/Users/abhinavsinha/pico/pico-sdk/src/rp2_common/hardware_pll/pll.c.obj
 .comment       0x0000000000000049       0x4a CMakeFiles/lab09.dir/Users/abhinavsinha/pico/pico-sdk/src/rp2_common/hardware_watchdog/watchdog.c.obj
 .comment       0x0000000000000049       0x4a CMakeFiles/lab09.dir/Users/abhinavsinha/pico/pico-sdk/src/rp2_common/hardware_xosc/xosc.c.obj
 .comment       0x0000000000000049       0x4a CMakeFiles/lab09.dir/Users/abhinavsinha/pico/pico-sdk/src/rp2_common/pico_printf/printf.c.obj
 .comment       0x0000000000000049       0x4a CMakeFiles/lab09.dir/Users/abhinavsinha/pico/pico-sdk/src/rp2_common/pico_bootrom/bootrom.c.obj
 .comment       0x0000000000000049       0x4a CMakeFiles/lab09.dir/Users/abhinavsinha/pico/pico-sdk/src/rp2_common/pico_double/double_init_rom.c.obj
 .comment       0x0000000000000049       0x4a CMakeFiles/lab09.dir/Users/abhinavsinha/pico/pico-sdk/src/rp2_common/pico_float/float_init_rom.c.obj
 .comment       0x0000000000000049       0x4a CMakeFiles/lab09.dir/Users/abhinavsinha/pico/pico-sdk/src/rp2_common/pico_standard_link/binary_info.c.obj
 .comment       0x0000000000000049       0x4a CMakeFiles/lab09.dir/Users/abhinavsinha/pico/pico-sdk/src/rp2_common/pico_stdio/stdio.c.obj
 .comment       0x0000000000000049       0x4a CMakeFiles/lab09.dir/Users/abhinavsinha/pico/pico-sdk/src/rp2_common/pico_stdio_uart/stdio_uart.c.obj
 .comment       0x0000000000000049       0x4a CMakeFiles/lab09.dir/Users/abhinavsinha/pico/pico-sdk/src/rp2_common/hardware_pio/pio.c.obj
 .comment       0x0000000000000049       0x4a CMakeFiles/lab09.dir/Users/abhinavsinha/pico/pico-sdk/src/rp2_common/hardware_adc/adc.c.obj

.debug_info     0x0000000000000000    0x16ad8
 .debug_info    0x0000000000000000     0x13c9 CMakeFiles/lab09.dir/lab09.c.obj
 .debug_info    0x00000000000013c9       0x26 CMakeFiles/lab09.dir/lab09.S.obj
 .debug_info    0x00000000000013ef     0x1491 CMakeFiles/lab09.dir/Users/abhinavsinha/pico/pico-sdk/src/rp2_common/hardware_gpio/gpio.c.obj
 .debug_info    0x0000000000002880      0x6bb CMakeFiles/lab09.dir/Users/abhinavsinha/pico/pico-sdk/src/rp2_common/hardware_claim/claim.c.obj
 .debug_info    0x0000000000002f3b      0x1e3 CMakeFiles/lab09.dir/Users/abhinavsinha/pico/pico-sdk/src/rp2_common/pico_platform/platform.c.obj
 .debug_info    0x000000000000311e      0x58e CMakeFiles/lab09.dir/Users/abhinavsinha/pico/pico-sdk/src/rp2_common/hardware_sync/sync.c.obj
 .debug_info    0x00000000000036ac      0xb65 CMakeFiles/lab09.dir/Users/abhinavsinha/pico/pico-sdk/src/rp2_common/hardware_uart/uart.c.obj
 .debug_info    0x0000000000004211     0x3b3b CMakeFiles/lab09.dir/Users/abhinavsinha/pico/pico-sdk/src/common/pico_time/time.c.obj
 .debug_info    0x0000000000007d4c     0x1134 CMakeFiles/lab09.dir/Users/abhinavsinha/pico/pico-sdk/src/rp2_common/hardware_timer/timer.c.obj
 .debug_info    0x0000000000008e80      0x1a4 CMakeFiles/lab09.dir/Users/abhinavsinha/pico/pico-sdk/src/common/pico_sync/lock_core.c.obj
 .debug_info    0x0000000000009024     0x2022 CMakeFiles/lab09.dir/Users/abhinavsinha/pico/pico-sdk/src/common/pico_sync/mutex.c.obj
 .debug_info    0x000000000000b046     0x120c CMakeFiles/lab09.dir/Users/abhinavsinha/pico/pico-sdk/src/common/pico_util/pheap.c.obj
 .debug_info    0x000000000000c252      0xa87 CMakeFiles/lab09.dir/Users/abhinavsinha/pico/pico-sdk/src/rp2_common/pico_runtime/runtime.c.obj
 .debug_info    0x000000000000ccd9      0xf6c CMakeFiles/lab09.dir/Users/abhinavsinha/pico/pico-sdk/src/rp2_common/hardware_clocks/clocks.c.obj
 .debug_info    0x000000000000dc45     0x1968 CMakeFiles/lab09.dir/Users/abhinavsinha/pico/pico-sdk/src/rp2_common/hardware_irq/irq.c.obj
 .debug_info    0x000000000000f5ad      0x51b CMakeFiles/lab09.dir/Users/abhinavsinha/pico/pico-sdk/src/rp2_common/hardware_pll/pll.c.obj
 .debug_info    0x000000000000fac8      0x4ee CMakeFiles/lab09.dir/Users/abhinavsinha/pico/pico-sdk/src/rp2_common/hardware_watchdog/watchdog.c.obj
 .debug_info    0x000000000000ffb6      0x1d8 CMakeFiles/lab09.dir/Users/abhinavsinha/pico/pico-sdk/src/rp2_common/hardware_xosc/xosc.c.obj
 .debug_info    0x000000000001018e     0x1a5f CMakeFiles/lab09.dir/Users/abhinavsinha/pico/pico-sdk/src/rp2_common/pico_printf/printf.c.obj
 .debug_info    0x0000000000011bed       0x22 CMakeFiles/lab09.dir/Users/abhinavsinha/pico/pico-sdk/src/rp2_common/pico_bit_ops/bit_ops_aeabi.S.obj
 .debug_info    0x0000000000011c0f      0x27c CMakeFiles/lab09.dir/Users/abhinavsinha/pico/pico-sdk/src/rp2_common/pico_bootrom/bootrom.c.obj
 .debug_info    0x0000000000011e8b       0x22 CMakeFiles/lab09.dir/Users/abhinavsinha/pico/pico-sdk/src/rp2_common/pico_divider/divider.S.obj
 .debug_info    0x0000000000011ead       0x22 CMakeFiles/lab09.dir/Users/abhinavsinha/pico/pico-sdk/src/rp2_common/pico_double/double_aeabi.S.obj
 .debug_info    0x0000000000011ecf      0x2d1 CMakeFiles/lab09.dir/Users/abhinavsinha/pico/pico-sdk/src/rp2_common/pico_double/double_init_rom.c.obj
 .debug_info    0x00000000000121a0       0x22 CMakeFiles/lab09.dir/Users/abhinavsinha/pico/pico-sdk/src/rp2_common/pico_double/double_v1_rom_shim.S.obj
 .debug_info    0x00000000000121c2       0x22 CMakeFiles/lab09.dir/Users/abhinavsinha/pico/pico-sdk/src/rp2_common/pico_float/float_aeabi.S.obj
 .debug_info    0x00000000000121e4      0x2eb CMakeFiles/lab09.dir/Users/abhinavsinha/pico/pico-sdk/src/rp2_common/pico_float/float_init_rom.c.obj
 .debug_info    0x00000000000124cf       0x22 CMakeFiles/lab09.dir/Users/abhinavsinha/pico/pico-sdk/src/rp2_common/pico_float/float_v1_rom_shim.S.obj
 .debug_info    0x00000000000124f1       0x22 CMakeFiles/lab09.dir/Users/abhinavsinha/pico/pico-sdk/src/rp2_common/pico_mem_ops/mem_ops_aeabi.S.obj
 .debug_info    0x0000000000012513       0x22 CMakeFiles/lab09.dir/Users/abhinavsinha/pico/pico-sdk/src/rp2_common/pico_standard_link/crt0.S.obj
 .debug_info    0x0000000000012535      0x327 CMakeFiles/lab09.dir/Users/abhinavsinha/pico/pico-sdk/src/rp2_common/pico_standard_link/binary_info.c.obj
 .debug_info    0x000000000001285c     0x12ed CMakeFiles/lab09.dir/Users/abhinavsinha/pico/pico-sdk/src/rp2_common/pico_stdio/stdio.c.obj
 .debug_info    0x0000000000013b49      0xc41 CMakeFiles/lab09.dir/Users/abhinavsinha/pico/pico-sdk/src/rp2_common/pico_stdio_uart/stdio_uart.c.obj
 .debug_info    0x000000000001478a     0x2075 CMakeFiles/lab09.dir/Users/abhinavsinha/pico/pico-sdk/src/rp2_common/hardware_pio/pio.c.obj
 .debug_info    0x00000000000167ff      0x2d9 CMakeFiles/lab09.dir/Users/abhinavsinha/pico/pico-sdk/src/rp2_common/hardware_adc/adc.c.obj

.debug_abbrev   0x0000000000000000     0x4706
 .debug_abbrev  0x0000000000000000      0x41a CMakeFiles/lab09.dir/lab09.c.obj
 .debug_abbrev  0x000000000000041a       0x14 CMakeFiles/lab09.dir/lab09.S.obj
 .debug_abbrev  0x000000000000042e      0x2c4 CMakeFiles/lab09.dir/Users/abhinavsinha/pico/pico-sdk/src/rp2_common/hardware_gpio/gpio.c.obj
 .debug_abbrev  0x00000000000006f2      0x2e9 CMakeFiles/lab09.dir/Users/abhinavsinha/pico/pico-sdk/src/rp2_common/hardware_claim/claim.c.obj
 .debug_abbrev  0x00000000000009db       0xeb CMakeFiles/lab09.dir/Users/abhinavsinha/pico/pico-sdk/src/rp2_common/pico_platform/platform.c.obj
 .debug_abbrev  0x0000000000000ac6      0x21b CMakeFiles/lab09.dir/Users/abhinavsinha/pico/pico-sdk/src/rp2_common/hardware_sync/sync.c.obj
 .debug_abbrev  0x0000000000000ce1      0x2d2 CMakeFiles/lab09.dir/Users/abhinavsinha/pico/pico-sdk/src/rp2_common/hardware_uart/uart.c.obj
 .debug_abbrev  0x0000000000000fb3      0x54d CMakeFiles/lab09.dir/Users/abhinavsinha/pico/pico-sdk/src/common/pico_time/time.c.obj
 .debug_abbrev  0x0000000000001500      0x3a2 CMakeFiles/lab09.dir/Users/abhinavsinha/pico/pico-sdk/src/rp2_common/hardware_timer/timer.c.obj
 .debug_abbrev  0x00000000000018a2      0x116 CMakeFiles/lab09.dir/Users/abhinavsinha/pico/pico-sdk/src/common/pico_sync/lock_core.c.obj
 .debug_abbrev  0x00000000000019b8      0x386 CMakeFiles/lab09.dir/Users/abhinavsinha/pico/pico-sdk/src/common/pico_sync/mutex.c.obj
 .debug_abbrev  0x0000000000001d3e      0x297 CMakeFiles/lab09.dir/Users/abhinavsinha/pico/pico-sdk/src/common/pico_util/pheap.c.obj
 .debug_abbrev  0x0000000000001fd5      0x3aa CMakeFiles/lab09.dir/Users/abhinavsinha/pico/pico-sdk/src/rp2_common/pico_runtime/runtime.c.obj
 .debug_abbrev  0x000000000000237f      0x3a5 CMakeFiles/lab09.dir/Users/abhinavsinha/pico/pico-sdk/src/rp2_common/hardware_clocks/clocks.c.obj
 .debug_abbrev  0x0000000000002724      0x4cd CMakeFiles/lab09.dir/Users/abhinavsinha/pico/pico-sdk/src/rp2_common/hardware_irq/irq.c.obj
 .debug_abbrev  0x0000000000002bf1      0x1ea CMakeFiles/lab09.dir/Users/abhinavsinha/pico/pico-sdk/src/rp2_common/hardware_pll/pll.c.obj
 .debug_abbrev  0x0000000000002ddb      0x1a8 CMakeFiles/lab09.dir/Users/abhinavsinha/pico/pico-sdk/src/rp2_common/hardware_watchdog/watchdog.c.obj
 .debug_abbrev  0x0000000000002f83      0x109 CMakeFiles/lab09.dir/Users/abhinavsinha/pico/pico-sdk/src/rp2_common/hardware_xosc/xosc.c.obj
 .debug_abbrev  0x000000000000308c      0x384 CMakeFiles/lab09.dir/Users/abhinavsinha/pico/pico-sdk/src/rp2_common/pico_printf/printf.c.obj
 .debug_abbrev  0x0000000000003410       0x12 CMakeFiles/lab09.dir/Users/abhinavsinha/pico/pico-sdk/src/rp2_common/pico_bit_ops/bit_ops_aeabi.S.obj
 .debug_abbrev  0x0000000000003422      0x13b CMakeFiles/lab09.dir/Users/abhinavsinha/pico/pico-sdk/src/rp2_common/pico_bootrom/bootrom.c.obj
 .debug_abbrev  0x000000000000355d       0x12 CMakeFiles/lab09.dir/Users/abhinavsinha/pico/pico-sdk/src/rp2_common/pico_divider/divider.S.obj
 .debug_abbrev  0x000000000000356f       0x12 CMakeFiles/lab09.dir/Users/abhinavsinha/pico/pico-sdk/src/rp2_common/pico_double/double_aeabi.S.obj
 .debug_abbrev  0x0000000000003581      0x179 CMakeFiles/lab09.dir/Users/abhinavsinha/pico/pico-sdk/src/rp2_common/pico_double/double_init_rom.c.obj
 .debug_abbrev  0x00000000000036fa       0x12 CMakeFiles/lab09.dir/Users/abhinavsinha/pico/pico-sdk/src/rp2_common/pico_double/double_v1_rom_shim.S.obj
 .debug_abbrev  0x000000000000370c       0x12 CMakeFiles/lab09.dir/Users/abhinavsinha/pico/pico-sdk/src/rp2_common/pico_float/float_aeabi.S.obj
 .debug_abbrev  0x000000000000371e      0x18c CMakeFiles/lab09.dir/Users/abhinavsinha/pico/pico-sdk/src/rp2_common/pico_float/float_init_rom.c.obj
 .debug_abbrev  0x00000000000038aa       0x12 CMakeFiles/lab09.dir/Users/abhinavsinha/pico/pico-sdk/src/rp2_common/pico_float/float_v1_rom_shim.S.obj
 .debug_abbrev  0x00000000000038bc       0x12 CMakeFiles/lab09.dir/Users/abhinavsinha/pico/pico-sdk/src/rp2_common/pico_mem_ops/mem_ops_aeabi.S.obj
 .debug_abbrev  0x00000000000038ce       0x12 CMakeFiles/lab09.dir/Users/abhinavsinha/pico/pico-sdk/src/rp2_common/pico_standard_link/crt0.S.obj
 .debug_abbrev  0x00000000000038e0       0xad CMakeFiles/lab09.dir/Users/abhinavsinha/pico/pico-sdk/src/rp2_common/pico_standard_link/binary_info.c.obj
 .debug_abbrev  0x000000000000398d      0x4a7 CMakeFiles/lab09.dir/Users/abhinavsinha/pico/pico-sdk/src/rp2_common/pico_stdio/stdio.c.obj
 .debug_abbrev  0x0000000000003e34      0x386 CMakeFiles/lab09.dir/Users/abhinavsinha/pico/pico-sdk/src/rp2_common/pico_stdio_uart/stdio_uart.c.obj
 .debug_abbrev  0x00000000000041ba      0x444 CMakeFiles/lab09.dir/Users/abhinavsinha/pico/pico-sdk/src/rp2_common/hardware_pio/pio.c.obj