Archive member included to satisfy reference by file (symbol)

/usr/local/Cellar/arm-none-eabi-gcc/10.3-2021.07/gcc/bin/../lib/gcc/arm-none-eabi/10.3.1/thumb/v6-m/nofp/libgcc.a(_dvmd_tls.o)
                              CMakeFiles/lab06.dir/Users/abhinavsinha/pico/pico-sdk/src/rp2_common/pico_divider/divider.S.obj (__aeabi_idiv0)
/usr/local/Cellar/arm-none-eabi-gcc/10.3-2021.07/gcc/bin/../lib/gcc/arm-none-eabi/10.3.1/../../../../arm-none-eabi/lib/thumb/v6-m/nofp/libg.a(lib_a-calloc.o)
                              CMakeFiles/lab06.dir/Users/abhinavsinha/pico/pico-sdk/src/rp2_common/pico_malloc/pico_malloc.c.obj (calloc)
/usr/local/Cellar/arm-none-eabi-gcc/10.3-2021.07/gcc/bin/../lib/gcc/arm-none-eabi/10.3.1/../../../../arm-none-eabi/lib/thumb/v6-m/nofp/libg.a(lib_a-callocr.o)
                              /usr/local/Cellar/arm-none-eabi-gcc/10.3-2021.07/gcc/bin/../lib/gcc/arm-none-eabi/10.3.1/../../../../arm-none-eabi/lib/thumb/v6-m/nofp/libg.a(lib_a-calloc.o) (_calloc_r)
/usr/local/Cellar/arm-none-eabi-gcc/10.3-2021.07/gcc/bin/../lib/gcc/arm-none-eabi/10.3.1/../../../../arm-none-eabi/lib/thumb/v6-m/nofp/libg.a(lib_a-errno.o)
                              /usr/local/Cellar/arm-none-eabi-gcc/10.3-2021.07/gcc/bin/../lib/gcc/arm-none-eabi/10.3.1/../../../../arm-none-eabi/lib/thumb/v6-m/nofp/libg.a(lib_a-callocr.o) (__errno)
/usr/local/Cellar/arm-none-eabi-gcc/10.3-2021.07/gcc/bin/../lib/gcc/arm-none-eabi/10.3.1/../../../../arm-none-eabi/lib/thumb/v6-m/nofp/libg.a(lib_a-impure.o)
                              /usr/local/Cellar/arm-none-eabi-gcc/10.3-2021.07/gcc/bin/../lib/gcc/arm-none-eabi/10.3.1/../../../../arm-none-eabi/lib/thumb/v6-m/nofp/libg.a(lib_a-calloc.o) (_impure_ptr)
/usr/local/Cellar/arm-none-eabi-gcc/10.3-2021.07/gcc/bin/../lib/gcc/arm-none-eabi/10.3.1/../../../../arm-none-eabi/lib/thumb/v6-m/nofp/libg.a(lib_a-init.o)
                              /usr/local/Cellar/arm-none-eabi-gcc/10.3-2021.07/gcc/bin/../lib/gcc/arm-none-eabi/10.3.1/../../../../arm-none-eabi/lib/thumb/v6-m/nofp/crt0.o (__libc_init_array)
/usr/local/Cellar/arm-none-eabi-gcc/10.3-2021.07/gcc/bin/../lib/gcc/arm-none-eabi/10.3.1/../../../../arm-none-eabi/lib/thumb/v6-m/nofp/libg.a(lib_a-malloc.o)
                              CMakeFiles/lab06.dir/Users/abhinavsinha/pico/pico-sdk/src/rp2_common/pico_malloc/pico_malloc.c.obj (malloc)
/usr/local/Cellar/arm-none-eabi-gcc/10.3-2021.07/gcc/bin/../lib/gcc/arm-none-eabi/10.3.1/../../../../arm-none-eabi/lib/thumb/v6-m/nofp/libg.a(lib_a-mallocr.o)
                              /usr/local/Cellar/arm-none-eabi-gcc/10.3-2021.07/gcc/bin/../lib/gcc/arm-none-eabi/10.3.1/../../../../arm-none-eabi/lib/thumb/v6-m/nofp/libg.a(lib_a-callocr.o) (_malloc_r)
/usr/local/Cellar/arm-none-eabi-gcc/10.3-2021.07/gcc/bin/../lib/gcc/arm-none-eabi/10.3.1/../../../../arm-none-eabi/lib/thumb/v6-m/nofp/libg.a(lib_a-mlock.o)
                              /usr/local/Cellar/arm-none-eabi-gcc/10.3-2021.07/gcc/bin/../lib/gcc/arm-none-eabi/10.3.1/../../../../arm-none-eabi/lib/thumb/v6-m/nofp/libg.a(lib_a-mallocr.o) (__malloc_lock)
/usr/local/Cellar/arm-none-eabi-gcc/10.3-2021.07/gcc/bin/../lib/gcc/arm-none-eabi/10.3.1/../../../../arm-none-eabi/lib/thumb/v6-m/nofp/libg.a(lib_a-sbrkr.o)
                              /usr/local/Cellar/arm-none-eabi-gcc/10.3-2021.07/gcc/bin/../lib/gcc/arm-none-eabi/10.3.1/../../../../arm-none-eabi/lib/thumb/v6-m/nofp/libg.a(lib_a-mallocr.o) (_sbrk_r)
/usr/local/Cellar/arm-none-eabi-gcc/10.3-2021.07/gcc/bin/../lib/gcc/arm-none-eabi/10.3.1/../../../../arm-none-eabi/lib/thumb/v6-m/nofp/libg.a(lib_a-strlen-stub.o)
                              CMakeFiles/lab06.dir/Users/abhinavsinha/pico/pico-sdk/src/rp2_common/pico_stdio/stdio.c.obj (strlen)
/usr/local/Cellar/arm-none-eabi-gcc/10.3-2021.07/gcc/bin/../lib/gcc/arm-none-eabi/10.3.1/../../../../arm-none-eabi/lib/thumb/v6-m/nofp/libg.a(lib_a-freer.o)
                              /usr/local/Cellar/arm-none-eabi-gcc/10.3-2021.07/gcc/bin/../lib/gcc/arm-none-eabi/10.3.1/../../../../arm-none-eabi/lib/thumb/v6-m/nofp/libg.a(lib_a-malloc.o) (_free_r)
/usr/local/Cellar/arm-none-eabi-gcc/10.3-2021.07/gcc/bin/../lib/gcc/arm-none-eabi/10.3.1/../../../../arm-none-eabi/lib/thumb/v6-m/nofp/libg.a(lib_a-lock.o)
                              /usr/local/Cellar/arm-none-eabi-gcc/10.3-2021.07/gcc/bin/../lib/gcc/arm-none-eabi/10.3.1/../../../../arm-none-eabi/lib/thumb/v6-m/nofp/libg.a(lib_a-mlock.o) (__retarget_lock_acquire_recursive)
/usr/local/Cellar/arm-none-eabi-gcc/10.3-2021.07/gcc/bin/../lib/gcc/arm-none-eabi/10.3.1/../../../../arm-none-eabi/lib/thumb/v6-m/nofp/libg.a(lib_a-reent.o)
                              /usr/local/Cellar/arm-none-eabi-gcc/10.3-2021.07/gcc/bin/../lib/gcc/arm-none-eabi/10.3.1/../../../../arm-none-eabi/lib/thumb/v6-m/nofp/libg.a(lib_a-sbrkr.o) (errno)

Discarded input sections

 .text          0x0000000000000000        0x0 /usr/local/Cellar/arm-none-eabi-gcc/10.3-2021.07/gcc/bin/../lib/gcc/arm-none-eabi/10.3.1/thumb/v6-m/nofp/crti.o
[...]
Memory Configuration

Name             Origin             Length             Attributes
FLASH            0x0000000010000000 0x0000000000200000 xr
RAM              0x0000000020000000 0x0000000000040000 xrw
SCRATCH_X        0x0000000020040000 0x0000000000001000 xrw
SCRATCH_Y        0x0000000020041000 0x0000000000001000 xrw
*default*        0x0000000000000000 0xffffffffffffffff

Linker script and memory map

LOAD /usr/local/Cellar/arm-none-eabi-gcc/10.3-2021.07/gcc/bin/../lib/gcc/arm-none-eabi/10.3.1/thumb/v6-m/nofp/crti.o
LOAD /usr/local/Cellar/arm-none-eabi-gcc/10.3-2021.07/gcc/bin/../lib/gcc/arm-none-eabi/10.3.1/thumb/v6-m/nofp/crtbegin.o
LOAD /usr/local/Cellar/arm-none-eabi-gcc/10.3-2021.07/gcc/bin/../lib/gcc/arm-none-eabi/10.3.1/../../../../arm-none-eabi/lib/thumb/v6-m/nofp/crt0.o

.flash_begin    0x0000000010000000        0x0
                0x0000000010000000                __flash_binary_start = .

.boot2          0x0000000010000000      0x100
                0x0000000010000000                __boot2_start__ = .
 *(.boot2)
 .boot2         0x0000000010000000      0x100 /var/folders/lz/hcc81f1d27g1pv9918wtrd6m0000gn/T//cci7Jmif.o
                0x0000000010000100                __boot2_end__ = .
                0x0000000000000001                ASSERT (((__boot2_end__ - __boot2_start__) == 0x100), ERROR: Pico second stage bootloader must be 256 bytes in size)

.text           0x0000000010000100     0x4108
                0x0000000010000100                __logical_binary_start = .
 *(.vectors)
 .vectors       0x0000000010000100       0xd4 CMakeFiles/lab06.dir/Users/abhinavsinha/pico/pico-sdk/src/rp2_common/pico_standard_link/crt0.S.obj
                0x0000000010000100                __VECTOR_TABLE
                0x0000000010000100                __vectors
                0x00000000100001c0                __default_isrs_start
                0x00000000100001c0                isr_invalid
                0x00000000100001c2                isr_nmi
                0x00000000100001c4                isr_hardfault
                0x00000000100001c6                isr_svcall
                0x00000000100001c8                isr_pendsv
                0x00000000100001ca                isr_systick
                0x00000000100001cc                isr_irq28
                0x00000000100001cc                isr_irq19
                0x00000000100001cc                isr_irq0
                0x00000000100001cc                isr_irq6
                0x00000000100001cc                isr_irq22
                0x00000000100001cc                isr_irq17
                0x00000000100001cc                isr_irq14
                0x00000000100001cc                isr_irq2
                0x00000000100001cc                isr_irq10
                0x00000000100001cc                isr_irq8
                0x00000000100001cc                isr_irq24
                0x00000000100001cc                isr_irq1
                0x00000000100001cc                isr_irq7
                0x00000000100001cc                isr_irq21
                0x00000000100001cc                isr_irq20
                0x00000000100001cc                isr_irq15
                0x00000000100001cc                isr_irq25
                0x00000000100001cc                isr_irq4
                0x00000000100001cc                isr_irq16
                0x00000000100001cc                isr_irq29
                0x00000000100001cc                isr_irq26
                0x00000000100001cc                __default_isrs_end
                0x00000000100001cc                isr_irq3
                0x00000000100001cc                isr_irq9
                0x00000000100001cc                __unhandled_user_irq
                0x00000000100001cc                isr_irq13
                0x00000000100001cc                isr_irq27
                0x00000000100001cc                isr_irq31
                0x00000000100001cc                isr_irq5
                0x00000000100001cc                isr_irq11
                0x00000000100001cc                isr_irq23
                0x00000000100001cc                isr_irq18
                0x00000000100001cc                isr_irq30
                0x00000000100001cc                isr_irq12
                0x00000000100001d2                unhandled_user_irq_num_in_r0
 *(.binary_info_header)
 .binary_info_header
                0x00000000100001d4       0x14 CMakeFiles/lab06.dir/Users/abhinavsinha/pico/pico-sdk/src/rp2_common/pico_standard_link/crt0.S.obj
                0x00000000100001e8                __binary_info_header_end = .
 *(.reset)
 .reset         0x00000000100001e8       0xa8 CMakeFiles/lab06.dir/Users/abhinavsinha/pico/pico-sdk/src/rp2_common/pico_standard_link/crt0.S.obj
                0x00000000100001e8                _entry_point
                0x0000000010000266                __get_current_exception
 .reset         0x0000000010000290       0x30 CMakeFiles/lab06.dir/Users/abhinavsinha/pico/pico-sdk/src/rp2_common/pico_standard_link/binary_info.c.obj
 *(.init)
 .init          0x00000000100002c0        0x4 /usr/local/Cellar/arm-none-eabi-gcc/10.3-2021.07/gcc/bin/../lib/gcc/arm-none-eabi/10.3.1/thumb/v6-m/nofp/crti.o
                0x00000000100002c0                _init
 *(EXCLUDE_FILE(*libm.a: *libc.a:*lib_a-mem*.o *libgcc.a:) .text*)
 .text          0x00000000100002c4       0x48 /usr/local/Cellar/arm-none-eabi-gcc/10.3-2021.07/gcc/bin/../lib/gcc/arm-none-eabi/10.3.1/thumb/v6-m/nofp/crtbegin.o
 .text.pi_calculator_double_precision
                0x000000001000030c       0x98 CMakeFiles/lab06.dir/lab06.c.obj
                0x000000001000030c                pi_calculator_double_precision
 .text.core1_entry
                0x00000000100003a4       0x14 CMakeFiles/lab06.dir/lab06.c.obj
                0x00000000100003a4                core1_entry
 .text.main     0x00000000100003b8       0xb0 CMakeFiles/lab06.dir/lab06.c.obj
                0x00000000100003b8                main
 .text.gpio_set_function
                0x0000000010000468       0x30 CMakeFiles/lab06.dir/Users/abhinavsinha/pico/pico-sdk/src/rp2_common/hardware_gpio/gpio.c.obj
                0x0000000010000468                gpio_set_function
 .text.hw_claim_lock
                0x0000000010000498       0x18 CMakeFiles/lab06.dir/Users/abhinavsinha/pico/pico-sdk/src/rp2_common/hardware_claim/claim.c.obj
                0x0000000010000498                hw_claim_lock
 .text.hw_claim_unlock
                0x00000000100004b0       0x14 CMakeFiles/lab06.dir/Users/abhinavsinha/pico/pico-sdk/src/rp2_common/hardware_claim/claim.c.obj
                0x00000000100004b0                hw_claim_unlock
 .text.hw_claim_or_assert
                0x00000000100004c4       0x32 CMakeFiles/lab06.dir/Users/abhinavsinha/pico/pico-sdk/src/rp2_common/hardware_claim/claim.c.obj
                0x00000000100004c4                hw_claim_or_assert
 *fill*         0x00000000100004f6        0x2 
 .text.running_on_fpga
                0x00000000100004f8       0x14 CMakeFiles/lab06.dir/Users/abhinavsinha/pico/pico-sdk/src/rp2_common/pico_platform/platform.c.obj
                0x00000000100004f8                running_on_fpga
 .text.spin_locks_reset
                0x000000001000050c       0x20 CMakeFiles/lab06.dir/Users/abhinavsinha/pico/pico-sdk/src/rp2_common/hardware_sync/sync.c.obj
                0x000000001000050c                spin_locks_reset
 .text.next_striped_spin_lock_num
                0x000000001000052c       0x1c CMakeFiles/lab06.dir/Users/abhinavsinha/pico/pico-sdk/src/rp2_common/hardware_sync/sync.c.obj
                0x000000001000052c                next_striped_spin_lock_num
 .text.uart_set_baudrate
                0x0000000010000548       0x5c CMakeFiles/lab06.dir/Users/abhinavsinha/pico/pico-sdk/src/rp2_common/hardware_uart/uart.c.obj
                0x0000000010000548                uart_set_baudrate
 .text.uart_set_translate_crlf
                0x00000000100005a4       0x28 CMakeFiles/lab06.dir/Users/abhinavsinha/pico/pico-sdk/src/rp2_common/hardware_uart/uart.c.obj
                0x00000000100005a4                uart_set_translate_crlf
 .text.uart_init
                0x00000000100005cc       0x80 CMakeFiles/lab06.dir/Users/abhinavsinha/pico/pico-sdk/src/rp2_common/hardware_uart/uart.c.obj
                0x00000000100005cc                uart_init
 .text.alarm_pool_post_alloc_init
                0x000000001000064c       0x40 CMakeFiles/lab06.dir/Users/abhinavsinha/pico/pico-sdk/src/common/pico_time/time.c.obj
 .text.timer_pool_entry_comparator
                0x000000001000068c       0x7c CMakeFiles/lab06.dir/Users/abhinavsinha/pico/pico-sdk/src/common/pico_time/time.c.obj
                0x000000001000068c                timer_pool_entry_comparator
 .text.ph_add_child_node
                0x0000000010000708       0xa4 CMakeFiles/lab06.dir/Users/abhinavsinha/pico/pico-sdk/src/common/pico_time/time.c.obj
 .text.ph_merge_nodes
                0x00000000100007ac       0x3e CMakeFiles/lab06.dir/Users/abhinavsinha/pico/pico-sdk/src/common/pico_time/time.c.obj
 *fill*         0x00000000100007ea        0x2 
 .text.add_alarm_under_lock
                0x00000000100007ec      0x174 CMakeFiles/lab06.dir/Users/abhinavsinha/pico/pico-sdk/src/common/pico_time/time.c.obj
 .text.alarm_pool_alarm_callback
                0x0000000010000960      0x328 CMakeFiles/lab06.dir/Users/abhinavsinha/pico/pico-sdk/src/common/pico_time/time.c.obj
 .text.alarm_pool_init_default
                0x0000000010000c88       0x38 CMakeFiles/lab06.dir/Users/abhinavsinha/pico/pico-sdk/src/common/pico_time/time.c.obj
                0x0000000010000c88                alarm_pool_init_default
 .text.hardware_alarm_irq_handler
                0x0000000010000cc0       0x8c CMakeFiles/lab06.dir/Users/abhinavsinha/pico/pico-sdk/src/rp2_common/hardware_timer/timer.c.obj
 .text.hardware_alarm_claim
                0x0000000010000d4c       0x18 CMakeFiles/lab06.dir/Users/abhinavsinha/pico/pico-sdk/src/rp2_common/hardware_timer/timer.c.obj
                0x0000000010000d4c                hardware_alarm_claim
 .text.time_us_64
                0x0000000010000d64       0x18 CMakeFiles/lab06.dir/Users/abhinavsinha/pico/pico-sdk/src/rp2_common/hardware_timer/timer.c.obj
                0x0000000010000d64                time_us_64
 .text.hardware_alarm_set_callback
                0x0000000010000d7c       0x90 CMakeFiles/lab06.dir/Users/abhinavsinha/pico/pico-sdk/src/rp2_common/hardware_timer/timer.c.obj
                0x0000000010000d7c                hardware_alarm_set_callback
 .text.hardware_alarm_set_target
                0x0000000010000e0c       0xe8 CMakeFiles/lab06.dir/Users/abhinavsinha/pico/pico-sdk/src/rp2_common/hardware_timer/timer.c.obj
                0x0000000010000e0c                hardware_alarm_set_target
 .text.hardware_alarm_cancel
                0x0000000010000ef4       0x40 CMakeFiles/lab06.dir/Users/abhinavsinha/pico/pico-sdk/src/rp2_common/hardware_timer/timer.c.obj
                0x0000000010000ef4                hardware_alarm_cancel
 .text.lock_init
                0x0000000010000f34       0x10 CMakeFiles/lab06.dir/Users/abhinavsinha/pico/pico-sdk/src/common/pico_sync/lock_core.c.obj
                0x0000000010000f34                lock_init
 .text.mutex_init
                0x0000000010000f44       0x1a CMakeFiles/lab06.dir/Users/abhinavsinha/pico/pico-sdk/src/common/pico_sync/mutex.c.obj
                0x0000000010000f44                mutex_init
 .text.recursive_mutex_init
                0x0000000010000f5e       0x1e CMakeFiles/lab06.dir/Users/abhinavsinha/pico/pico-sdk/src/common/pico_sync/mutex.c.obj
                0x0000000010000f5e                recursive_mutex_init
 .text.ph_add_child_node
                0x0000000010000f7c       0xa4 CMakeFiles/lab06.dir/Users/abhinavsinha/pico/pico-sdk/src/common/pico_util/pheap.c.obj
 .text.ph_merge_nodes
                0x0000000010001020       0x3e CMakeFiles/lab06.dir/Users/abhinavsinha/pico/pico-sdk/src/common/pico_util/pheap.c.obj
 *fill*         0x000000001000105e        0x2 
 .text.ph_clear
                0x0000000010001060       0x70 CMakeFiles/lab06.dir/Users/abhinavsinha/pico/pico-sdk/src/common/pico_util/pheap.c.obj
                0x0000000010001060                ph_clear
 .text.ph_post_alloc_init
                0x00000000100010d0        0xe CMakeFiles/lab06.dir/Users/abhinavsinha/pico/pico-sdk/src/common/pico_util/pheap.c.obj
                0x00000000100010d0                ph_post_alloc_init
 *fill*         0x00000000100010de        0x2 
 .text.ph_merge_two_pass
                0x00000000100010e0       0xa8 CMakeFiles/lab06.dir/Users/abhinavsinha/pico/pico-sdk/src/common/pico_util/pheap.c.obj
                0x00000000100010e0                ph_merge_two_pass
 .text.ph_remove_any_head
                0x0000000010001188      0x108 CMakeFiles/lab06.dir/Users/abhinavsinha/pico/pico-sdk/src/common/pico_util/pheap.c.obj
 .text.ph_remove_head
                0x0000000010001290       0x14 CMakeFiles/lab06.dir/Users/abhinavsinha/pico/pico-sdk/src/common/pico_util/pheap.c.obj
                0x0000000010001290                ph_remove_head
 .text.ph_remove_and_free_node
                0x00000000100012a4       0xf8 CMakeFiles/lab06.dir/Users/abhinavsinha/pico/pico-sdk/src/common/pico_util/pheap.c.obj
                0x00000000100012a4                ph_remove_and_free_node
 .text._exit    0x000000001000139c        0x4 CMakeFiles/lab06.dir/Users/abhinavsinha/pico/pico-sdk/src/rp2_common/pico_runtime/runtime.c.obj
                0x000000001000139c                _exit
 .text.exit     0x00000000100013a0        0x6 CMakeFiles/lab06.dir/Users/abhinavsinha/pico/pico-sdk/src/rp2_common/pico_runtime/runtime.c.obj
                0x00000000100013a0                exit
 *fill*         0x00000000100013a6        0x2 
 .text.__assert_func
                0x00000000100013a8       0x3c CMakeFiles/lab06.dir/Users/abhinavsinha/pico/pico-sdk/src/rp2_common/pico_runtime/runtime.c.obj
                0x00000000100013a8                __assert_func
 .text.runtime_init
                0x00000000100013e4       0xf8 CMakeFiles/lab06.dir/Users/abhinavsinha/pico/pico-sdk/src/rp2_common/pico_runtime/runtime.c.obj
                0x00000000100013e4                runtime_init
 .text.panic    0x00000000100014dc       0x30 CMakeFiles/lab06.dir/Users/abhinavsinha/pico/pico-sdk/src/rp2_common/pico_runtime/runtime.c.obj
                0x00000000100014dc                panic
 .text.clock_configure
                0x000000001000150c      0x104 CMakeFiles/lab06.dir/Users/abhinavsinha/pico/pico-sdk/src/rp2_common/hardware_clocks/clocks.c.obj
                0x000000001000150c                clock_configure
 .text.clocks_init
                0x0000000010001610      0x100 CMakeFiles/lab06.dir/Users/abhinavsinha/pico/pico-sdk/src/rp2_common/hardware_clocks/clocks.c.obj
                0x0000000010001610                clocks_init
 .text.clock_get_hz
                0x0000000010001710        0xc CMakeFiles/lab06.dir/Users/abhinavsinha/pico/pico-sdk/src/rp2_common/hardware_clocks/clocks.c.obj
                0x0000000010001710                clock_get_hz
 .text.set_raw_irq_handler_and_unlock
                0x000000001000171c       0x28 CMakeFiles/lab06.dir/Users/abhinavsinha/pico/pico-sdk/src/rp2_common/hardware_irq/irq.c.obj
 .text.make_branch
                0x0000000010001744       0x34 CMakeFiles/lab06.dir/Users/abhinavsinha/pico/pico-sdk/src/rp2_common/hardware_irq/irq.c.obj
 .text.insert_branch_and_link
                0x0000000010001778       0x40 CMakeFiles/lab06.dir/Users/abhinavsinha/pico/pico-sdk/src/rp2_common/hardware_irq/irq.c.obj
 .text.irq_is_enabled
                0x00000000100017b8       0x18 CMakeFiles/lab06.dir/Users/abhinavsinha/pico/pico-sdk/src/rp2_common/hardware_irq/irq.c.obj
                0x00000000100017b8                irq_is_enabled
 .text.irq_set_mask_enabled
                0x00000000100017d0       0x20 CMakeFiles/lab06.dir/Users/abhinavsinha/pico/pico-sdk/src/rp2_common/hardware_irq/irq.c.obj
                0x00000000100017d0                irq_set_mask_enabled
 .text.irq_set_enabled
                0x00000000100017f0        0xe CMakeFiles/lab06.dir/Users/abhinavsinha/pico/pico-sdk/src/rp2_common/hardware_irq/irq.c.obj
                0x00000000100017f0                irq_set_enabled
 *fill*         0x00000000100017fe        0x2 
 .text.irq_get_vtable_handler
                0x0000000010001800       0x10 CMakeFiles/lab06.dir/Users/abhinavsinha/pico/pico-sdk/src/rp2_common/hardware_irq/irq.c.obj
                0x0000000010001800                irq_get_vtable_handler
 .text.irq_set_exclusive_handler
                0x0000000010001810       0x54 CMakeFiles/lab06.dir/Users/abhinavsinha/pico/pico-sdk/src/rp2_common/hardware_irq/irq.c.obj
                0x0000000010001810                irq_set_exclusive_handler
 .text.irq_remove_handler
                0x0000000010001864      0x1ac CMakeFiles/lab06.dir/Users/abhinavsinha/pico/pico-sdk/src/rp2_common/hardware_irq/irq.c.obj
                0x0000000010001864                irq_remove_handler
 .text.irq_add_tail_to_free_list
                0x0000000010001a10       0xf0 CMakeFiles/lab06.dir/Users/abhinavsinha/pico/pico-sdk/src/rp2_common/hardware_irq/irq.c.obj
                0x0000000010001a10                irq_add_tail_to_free_list
 .text.irq_init_priorities
                0x0000000010001b00       0x1c CMakeFiles/lab06.dir/Users/abhinavsinha/pico/pico-sdk/src/rp2_common/hardware_irq/irq.c.obj
                0x0000000010001b00                irq_init_priorities
 .text.pll_init
                0x0000000010001b1c      0x118 CMakeFiles/lab06.dir/Users/abhinavsinha/pico/pico-sdk/src/rp2_common/hardware_pll/pll.c.obj
                0x0000000010001b1c                pll_init
 .text.watchdog_start_tick
                0x0000000010001c34       0x10 CMakeFiles/lab06.dir/Users/abhinavsinha/pico/pico-sdk/src/rp2_common/hardware_watchdog/watchdog.c.obj
                0x0000000010001c34                watchdog_start_tick
 .text.xosc_init
                0x0000000010001c44       0x28 CMakeFiles/lab06.dir/Users/abhinavsinha/pico/pico-sdk/src/rp2_common/hardware_xosc/xosc.c.obj
                0x0000000010001c44                xosc_init
 .text._out_null
                0x0000000010001c6c        0x2 CMakeFiles/lab06.dir/Users/abhinavsinha/pico/pico-sdk/src/rp2_common/pico_printf/printf.c.obj
 .text._out_fct
                0x0000000010001c6e        0xe CMakeFiles/lab06.dir/Users/abhinavsinha/pico/pico-sdk/src/rp2_common/pico_printf/printf.c.obj
 .text._atoi    0x0000000010001c7c       0x24 CMakeFiles/lab06.dir/Users/abhinavsinha/pico/pico-sdk/src/rp2_common/pico_printf/printf.c.obj
 .text._out_rev
                0x0000000010001ca0       0xae CMakeFiles/lab06.dir/Users/abhinavsinha/pico/pico-sdk/src/rp2_common/pico_printf/printf.c.obj
 .text._ntoa_format
                0x0000000010001d4e      0x112 CMakeFiles/lab06.dir/Users/abhinavsinha/pico/pico-sdk/src/rp2_common/pico_printf/printf.c.obj
 .text._ntoa_long
                0x0000000010001e60       0xbc CMakeFiles/lab06.dir/Users/abhinavsinha/pico/pico-sdk/src/rp2_common/pico_printf/printf.c.obj
 .text._ntoa_long_long
                0x0000000010001f1c       0xe2 CMakeFiles/lab06.dir/Users/abhinavsinha/pico/pico-sdk/src/rp2_common/pico_printf/printf.c.obj
 *fill*         0x0000000010001ffe        0x2 
 .text._etoa    0x0000000010002000      0x414 CMakeFiles/lab06.dir/Users/abhinavsinha/pico/pico-sdk/src/rp2_common/pico_printf/printf.c.obj
 .text._ftoa    0x0000000010002414      0x354 CMakeFiles/lab06.dir/Users/abhinavsinha/pico/pico-sdk/src/rp2_common/pico_printf/printf.c.obj
 .text._vsnprintf
                0x0000000010002768      0x624 CMakeFiles/lab06.dir/Users/abhinavsinha/pico/pico-sdk/src/rp2_common/pico_printf/printf.c.obj
 .text.vfctprintf
                0x0000000010002d8c       0x20 CMakeFiles/lab06.dir/Users/abhinavsinha/pico/pico-sdk/src/rp2_common/pico_printf/printf.c.obj
                0x0000000010002d8c                vfctprintf
 .text          0x0000000010002dac       0x10 CMakeFiles/lab06.dir/Users/abhinavsinha/pico/pico-sdk/src/rp2_common/pico_bit_ops/bit_ops_aeabi.S.obj
 .text.rom_func_lookup
                0x0000000010002dbc       0x10 CMakeFiles/lab06.dir/Users/abhinavsinha/pico/pico-sdk/src/rp2_common/pico_bootrom/bootrom.c.obj
                0x0000000010002dbc                rom_func_lookup
 .text.rom_data_lookup
                0x0000000010002dcc       0x10 CMakeFiles/lab06.dir/Users/abhinavsinha/pico/pico-sdk/src/rp2_common/pico_bootrom/bootrom.c.obj
                0x0000000010002dcc                rom_data_lookup
 .text.rom_funcs_lookup
                0x0000000010002ddc       0x36 CMakeFiles/lab06.dir/Users/abhinavsinha/pico/pico-sdk/src/rp2_common/pico_bootrom/bootrom.c.obj
                0x0000000010002ddc                rom_funcs_lookup
 *fill*         0x0000000010002e12        0x2 
 .text.__wrap___aeabi_idiv
                0x0000000010002e14       0x50 CMakeFiles/lab06.dir/Users/abhinavsinha/pico/pico-sdk/src/rp2_common/pico_divider/divider.S.obj
                0x0000000010002e14                __wrap___aeabi_idivmod
                0x0000000010002e14                divmod_s32s32
                0x0000000010002e14                div_s32s32
                0x0000000010002e14                __wrap___aeabi_idiv
                0x0000000010002e1c                divmod_s32s32_unsafe
                0x0000000010002e48                divmod_s32s32_savestate
 .text.__wrap___aeabi_uidiv
                0x0000000010002e64       0x4c CMakeFiles/lab06.dir/Users/abhinavsinha/pico/pico-sdk/src/rp2_common/pico_divider/divider.S.obj
                0x0000000010002e64                __wrap___aeabi_uidiv
                0x0000000010002e64                __wrap___aeabi_uidivmod
                0x0000000010002e64                div_u32u32
                0x0000000010002e64                divmod_u32u32
                0x0000000010002e6c                divmod_u32u32_unsafe
                0x0000000010002e94                divmod_u32u32_savestate
 .text.__wrap___aeabi_ldiv
                0x0000000010002eb0      0x434 CMakeFiles/lab06.dir/Users/abhinavsinha/pico/pico-sdk/src/rp2_common/pico_divider/divider.S.obj
                0x0000000010002eb0                __wrap___aeabi_ldivmod
                0x0000000010002eb0                div_s64s64
                0x0000000010002eb0                divmod_s64s64
                0x0000000010002ee8                divmod_u64u64
                0x0000000010002ee8                div_u64u64
                0x0000000010002ee8                __wrap___aeabi_uldivmod
                0x0000000010002ef8                divmod_u64u64_savestate
                0x0000000010002f20                divmod_s64s64_unsafe
                0x0000000010002fa8                divmod_u64u64_unsafe
 .text.__wrap___aeabi_darithmetic
                0x00000000100032e4       0x80 CMakeFiles/lab06.dir/Users/abhinavsinha/pico/pico-sdk/src/rp2_common/pico_double/double_aeabi.S.obj
                0x00000000100032e4                __wrap___aeabi_drsub
                0x00000000100032ea                __wrap___aeabi_dsub
                0x00000000100032fc                __wrap___aeabi_dadd
                0x000000001000330e                __wrap___aeabi_ddiv
                0x000000001000334a                __wrap___aeabi_dmul
 .text.__wrap___aeabi_cdcmple
                0x0000000010003364       0x6c CMakeFiles/lab06.dir/Users/abhinavsinha/pico/pico-sdk/src/rp2_common/pico_double/double_aeabi.S.obj
                0x0000000010003364                __wrap___aeabi_cdrcmple
                0x0000000010003374                __wrap___aeabi_cdcmple
                0x0000000010003374                __wrap___aeabi_cdcmpeq
 .text.__wrap___aeabi_dcmplt
                0x00000000100033d0        0xc CMakeFiles/lab06.dir/Users/abhinavsinha/pico/pico-sdk/src/rp2_common/pico_double/double_aeabi.S.obj
                0x00000000100033d0                __wrap___aeabi_dcmplt
 .text.__wrap___aeabi_dcmple
                0x00000000100033dc       0x10 CMakeFiles/lab06.dir/Users/abhinavsinha/pico/pico-sdk/src/rp2_common/pico_double/double_aeabi.S.obj
                0x00000000100033dc                __wrap___aeabi_dcmple
 .text.__wrap___aeabi_dcmpge
                0x00000000100033ec       0x10 CMakeFiles/lab06.dir/Users/abhinavsinha/pico/pico-sdk/src/rp2_common/pico_double/double_aeabi.S.obj
                0x00000000100033ec                __wrap___aeabi_dcmpge
 .text.__wrap___aeabi_dcmpgt
                0x00000000100033fc        0xa CMakeFiles/lab06.dir/Users/abhinavsinha/pico/pico-sdk/src/rp2_common/pico_double/double_aeabi.S.obj
                0x00000000100033fc                __wrap___aeabi_dcmpgt
 .text.__wrap___aeabi_dcmpun
                0x0000000010003406       0x1c CMakeFiles/lab06.dir/Users/abhinavsinha/pico/pico-sdk/src/rp2_common/pico_double/double_aeabi.S.obj
                0x0000000010003406                __wrap___aeabi_dcmpun
 *fill*         0x0000000010003422        0x2 
 .text.__wrap___aeabi_i2d
                0x0000000010003424       0x38 CMakeFiles/lab06.dir/Users/abhinavsinha/pico/pico-sdk/src/rp2_common/pico_double/double_aeabi.S.obj
                0x0000000010003424                __wrap___aeabi_ui2d
                0x000000001000342c                __wrap___aeabi_i2d
 .text.__wrap___aeabi_d2iz
                0x000000001000345c       0x48 CMakeFiles/lab06.dir/Users/abhinavsinha/pico/pico-sdk/src/rp2_common/pico_double/double_aeabi.S.obj
                0x000000001000345c                __wrap___aeabi_d2iz
                0x000000001000345c                double2int_z
 .text.__wrap___aeabi_d2uiz
                0x00000000100034a4       0x18 CMakeFiles/lab06.dir/Users/abhinavsinha/pico/pico-sdk/src/rp2_common/pico_double/double_aeabi.S.obj
                0x00000000100034a4                double2uint
                0x00000000100034a4                __wrap___aeabi_d2uiz
 .text.__aeabi_double_init
                0x00000000100034bc       0xc8 CMakeFiles/lab06.dir/Users/abhinavsinha/pico/pico-sdk/src/rp2_common/pico_double/double_init_rom.c.obj
                0x00000000100034bc                __aeabi_double_init
 .text.double_table_shim_on_use_helper
                0x0000000010003584       0x34 CMakeFiles/lab06.dir/Users/abhinavsinha/pico/pico-sdk/src/rp2_common/pico_double/double_v1_rom_shim.S.obj
                0x0000000010003584                double_table_shim_on_use_helper
 .text.__wrap___aeabi_dsub
                0x00000000100035b8       0x10 CMakeFiles/lab06.dir/Users/abhinavsinha/pico/pico-sdk/src/rp2_common/pico_double/double_v1_rom_shim.S.obj
                0x00000000100035b8                drsub_shim
                0x00000000100035be                dsub_shim
 .text.dadd_shim
                0x00000000100035c8      0x15c CMakeFiles/lab06.dir/Users/abhinavsinha/pico/pico-sdk/src/rp2_common/pico_double/double_v1_rom_shim.S.obj
                0x00000000100035c8                dadd_shim
 .text.dmul_shim
                0x0000000010003724      0x15c CMakeFiles/lab06.dir/Users/abhinavsinha/pico/pico-sdk/src/rp2_common/pico_double/double_v1_rom_shim.S.obj
                0x0000000010003724                dmul_shim
 .text.ddiv_shim
                0x0000000010003880      0x1b0 CMakeFiles/lab06.dir/Users/abhinavsinha/pico/pico-sdk/src/rp2_common/pico_double/double_v1_rom_shim.S.obj
                0x0000000010003880                ddiv_shim
 .text.double2uint_shim
                0x0000000010003a30        0xe CMakeFiles/lab06.dir/Users/abhinavsinha/pico/pico-sdk/src/rp2_common/pico_double/double_v1_rom_shim.S.obj
                0x0000000010003a30                double2uint_shim
                0x0000000010003a32                double2ufix_shim
 *fill*         0x0000000010003a3e        0x2 
 .text.double2uint64_shim
                0x0000000010003a40       0x70 CMakeFiles/lab06.dir/Users/abhinavsinha/pico/pico-sdk/src/rp2_common/pico_double/double_v1_rom_shim.S.obj
                0x0000000010003a40                double2uint64_shim
                0x0000000010003a42                double2ufix64_shim
                0x0000000010003a62                d2fix_a
 .text.dunpacks
                0x0000000010003ab0       0x3c CMakeFiles/lab06.dir/Users/abhinavsinha/pico/pico-sdk/src/rp2_common/pico_double/double_v1_rom_shim.S.obj
                0x0000000010003ab0                dunpacks
 .text.__aeabi_float_init
                0x0000000010003aec       0xfc CMakeFiles/lab06.dir/Users/abhinavsinha/pico/pico-sdk/src/rp2_common/pico_float/float_init_rom.c.obj
                0x0000000010003aec                __aeabi_float_init
 .text.float_table_shim_on_use_helper
                0x0000000010003be8       0x34 CMakeFiles/lab06.dir/Users/abhinavsinha/pico/pico-sdk/src/rp2_common/pico_float/float_v1_rom_shim.S.obj
                0x0000000010003be8                float_table_shim_on_use_helper
 .text          0x0000000010003c1c       0x10 CMakeFiles/lab06.dir/Users/abhinavsinha/pico/pico-sdk/src/rp2_common/pico_mem_ops/mem_ops_aeabi.S.obj
                0x0000000010003c1c                __aeabi_mem_init
 .text.memset   0x0000000010003c2c        0xc CMakeFiles/lab06.dir/Users/abhinavsinha/pico/pico-sdk/src/rp2_common/pico_mem_ops/mem_ops_aeabi.S.obj
                0x0000000010003c2c                __wrap_memset
 .text.memcpy   0x0000000010003c38        0xc CMakeFiles/lab06.dir/Users/abhinavsinha/pico/pico-sdk/src/rp2_common/pico_mem_ops/mem_ops_aeabi.S.obj
                0x0000000010003c38                __wrap___aeabi_memcpy
                0x0000000010003c38                __wrap_memcpy
 .text.stdio_out_chars_no_crlf
                0x0000000010003c44        0xe CMakeFiles/lab06.dir/Users/abhinavsinha/pico/pico-sdk/src/rp2_common/pico_stdio/stdio.c.obj
 *fill*         0x0000000010003c52        0x2 
 .text.stdio_out_chars_crlf
                0x0000000010003c54       0x80 CMakeFiles/lab06.dir/Users/abhinavsinha/pico/pico-sdk/src/rp2_common/pico_stdio/stdio.c.obj
 .text.stdio_stack_buffer_flush
                0x0000000010003cd4       0x44 CMakeFiles/lab06.dir/Users/abhinavsinha/pico/pico-sdk/src/rp2_common/pico_stdio/stdio.c.obj
 .text.stdio_buffered_printer
                0x0000000010003d18       0x20 CMakeFiles/lab06.dir/Users/abhinavsinha/pico/pico-sdk/src/rp2_common/pico_stdio/stdio.c.obj
 .text.stdout_serialize_begin
                0x0000000010003d38       0x30 CMakeFiles/lab06.dir/Users/abhinavsinha/pico/pico-sdk/src/rp2_common/pico_stdio/stdio.c.obj
                0x0000000010003d38                stdout_serialize_begin
 .text.stdout_serialize_end
                0x0000000010003d68       0x10 CMakeFiles/lab06.dir/Users/abhinavsinha/pico/pico-sdk/src/rp2_common/pico_stdio/stdio.c.obj
                0x0000000010003d68                stdout_serialize_end
 .text.stdio_put_string
                0x0000000010003d78       0x98 CMakeFiles/lab06.dir/Users/abhinavsinha/pico/pico-sdk/src/rp2_common/pico_stdio/stdio.c.obj
 .text.__wrap_putchar
                0x0000000010003e10       0x1c CMakeFiles/lab06.dir/Users/abhinavsinha/pico/pico-sdk/src/rp2_common/pico_stdio/stdio.c.obj
                0x0000000010003e10                __wrap_putchar
 .text.stdio_set_driver_enabled
                0x0000000010003e2c       0x38 CMakeFiles/lab06.dir/Users/abhinavsinha/pico/pico-sdk/src/rp2_common/pico_stdio/stdio.c.obj
                0x0000000010003e2c                stdio_set_driver_enabled
 .text.stdio_flush
                0x0000000010003e64       0x20 CMakeFiles/lab06.dir/Users/abhinavsinha/pico/pico-sdk/src/rp2_common/pico_stdio/stdio.c.obj
                0x0000000010003e64                stdio_flush
 .text.__wrap_puts
                0x0000000010003e84       0x1e CMakeFiles/lab06.dir/Users/abhinavsinha/pico/pico-sdk/src/rp2_common/pico_stdio/stdio.c.obj
                0x0000000010003e84                __wrap_puts
 *fill*         0x0000000010003ea2        0x2 
 .text.__wrap_vprintf
                0x0000000010003ea4       0x44 CMakeFiles/lab06.dir/Users/abhinavsinha/pico/pico-sdk/src/rp2_common/pico_stdio/stdio.c.obj
                0x0000000010003ea4                __wrap_vprintf
 .text.__wrap_printf
                0x0000000010003ee8       0x18 CMakeFiles/lab06.dir/Users/abhinavsinha/pico/pico-sdk/src/rp2_common/pico_stdio/stdio.c.obj
                0x0000000010003ee8                __wrap_printf
 .text.stdio_init_all
                0x0000000010003f00        0x8 CMakeFiles/lab06.dir/Users/abhinavsinha/pico/pico-sdk/src/rp2_common/pico_stdio/stdio.c.obj
                0x0000000010003f00                stdio_init_all
 .text.stdio_uart_out_chars
                0x0000000010003f08       0x74 CMakeFiles/lab06.dir/Users/abhinavsinha/pico/pico-sdk/src/rp2_common/pico_stdio_uart/stdio_uart.c.obj
 .text.stdio_uart_in_chars
                0x0000000010003f7c       0x58 CMakeFiles/lab06.dir/Users/abhinavsinha/pico/pico-sdk/src/rp2_common/pico_stdio_uart/stdio_uart.c.obj
                0x0000000010003f7c                stdio_uart_in_chars
 .text.stdio_uart_init_full
                0x0000000010003fd4       0x3c CMakeFiles/lab06.dir/Users/abhinavsinha/pico/pico-sdk/src/rp2_common/pico_stdio_uart/stdio_uart.c.obj
                0x0000000010003fd4                stdio_uart_init_full
 .text.stdio_uart_init
                0x0000000010004010       0x28 CMakeFiles/lab06.dir/Users/abhinavsinha/pico/pico-sdk/src/rp2_common/pico_stdio_uart/stdio_uart.c.obj
                0x0000000010004010                stdio_uart_init
 .text.core1_trampoline
                0x0000000010004038        0x2 CMakeFiles/lab06.dir/Users/abhinavsinha/pico/pico-sdk/src/rp2_common/pico_multicore/multicore.c.obj
 .text.core1_wrapper
                0x000000001000403a        0xc CMakeFiles/lab06.dir/Users/abhinavsinha/pico/pico-sdk/src/rp2_common/pico_multicore/multicore.c.obj
                0x000000001000403a                core1_wrapper
 .text.multicore_fifo_push_blocking
                0x0000000010004046       0x14 CMakeFiles/lab06.dir/Users/abhinavsinha/pico/pico-sdk/src/rp2_common/pico_multicore/multicore.c.obj
                0x0000000010004046                multicore_fifo_push_blocking
 .text.multicore_fifo_pop_blocking
                0x000000001000405a       0x16 CMakeFiles/lab06.dir/Users/abhinavsinha/pico/pico-sdk/src/rp2_common/pico_multicore/multicore.c.obj
                0x000000001000405a                multicore_fifo_pop_blocking
 .text.multicore_launch_core1_raw
                0x0000000010004070       0x6e CMakeFiles/lab06.dir/Users/abhinavsinha/pico/pico-sdk/src/rp2_common/pico_multicore/multicore.c.obj
                0x0000000010004070                multicore_launch_core1_raw
 *fill*         0x00000000100040de        0x2 
 .text.multicore_launch_core1_with_stack
                0x00000000100040e0       0x50 CMakeFiles/lab06.dir/Users/abhinavsinha/pico/pico-sdk/src/rp2_common/pico_multicore/multicore.c.obj
                0x00000000100040e0                multicore_launch_core1_with_stack
 .text.multicore_launch_core1
                0x0000000010004130       0x24 CMakeFiles/lab06.dir/Users/abhinavsinha/pico/pico-sdk/src/rp2_common/pico_multicore/multicore.c.obj
                0x0000000010004130                multicore_launch_core1
 .text.strlen   0x0000000010004154       0x5c /usr/local/Cellar/arm-none-eabi-gcc/10.3-2021.07/gcc/bin/../lib/gcc/arm-none-eabi/10.3.1/../../../../arm-none-eabi/lib/thumb/v6-m/nofp/libg.a(lib_a-strlen-stub.o)
                0x0000000010004154                strlen
 *(.fini)
 .fini          0x00000000100041b0        0x4 /usr/local/Cellar/arm-none-eabi-gcc/10.3-2021.07/gcc/bin/../lib/gcc/arm-none-eabi/10.3.1/thumb/v6-m/nofp/crti.o
                0x00000000100041b0                _fini
 *fill*         0x00000000100041b4        0x4 
 .fini.__stub   0x00000000100041b8       0x50 linker stubs
 *crtbegin.o(.ctors)
 *crtbegin?.o(.ctors)
 *(EXCLUDE_FILE(*crtend.o *crtend?.o) .ctors)
 *(SORT_BY_NAME(.ctors.*))
 *(.ctors)
 *crtbegin.o(.dtors)
 *crtbegin?.o(.dtors)
 *(EXCLUDE_FILE(*crtend.o *crtend?.o) .dtors)
 *(SORT_BY_NAME(.dtors.*))
 *(.dtors)
 *(.eh_frame*)
 .eh_frame      0x0000000010004208        0x0 /usr/local/Cellar/arm-none-eabi-gcc/10.3-2021.07/gcc/bin/../lib/gcc/arm-none-eabi/10.3.1/thumb/v6-m/nofp/crtbegin.o
                0x0000000010004208                . = ALIGN (0x4)

.glue_7         0x0000000010004208        0x0
 .glue_7        0x0000000010004208        0x0 linker stubs

.glue_7t        0x0000000010004208        0x0
 .glue_7t       0x0000000010004208        0x0 linker stubs

.vfp11_veneer   0x0000000010004208        0x0
 .vfp11_veneer  0x0000000010004208        0x0 linker stubs

.v4_bx          0x0000000010004208        0x0
 .v4_bx         0x0000000010004208        0x0 linker stubs

.iplt           0x0000000010004208        0x0
 .iplt          0x0000000010004208        0x0 /usr/local/Cellar/arm-none-eabi-gcc/10.3-2021.07/gcc/bin/../lib/gcc/arm-none-eabi/10.3.1/thumb/v6-m/nofp/crtbegin.o

.rodata         0x0000000010004208     0x1018
 *(EXCLUDE_FILE(*libm.a: *libc.a:*lib_a-mem*.o *libgcc.a:) .rodata*)
 .rodata.main.str1.4
                0x0000000010004208      0x13d CMakeFiles/lab06.dir/lab06.c.obj
 *fill*         0x0000000010004345        0x3 
 .rodata.repeating_timer_callback.str1.4
                0x0000000010004348       0x52 CMakeFiles/lab06.dir/Users/abhinavsinha/pico/pico-sdk/src/common/pico_time/time.c.obj
 *fill*         0x000000001000439a        0x2 
 .rodata.alarm_pool_dump_key.str1.4
                0x000000001000439c       0x33 CMakeFiles/lab06.dir/Users/abhinavsinha/pico/pico-sdk/src/common/pico_time/time.c.obj
 *fill*         0x00000000100043cf        0x1 
 .rodata.ph_add_child_node.str1.4
                0x00000000100043d0       0x9e CMakeFiles/lab06.dir/Users/abhinavsinha/pico/pico-sdk/src/common/pico_time/time.c.obj
 *fill*         0x000000001000446e        0x2 
 .rodata.add_alarm_under_lock.str1.4
                0x0000000010004470       0x28 CMakeFiles/lab06.dir/Users/abhinavsinha/pico/pico-sdk/src/common/pico_time/time.c.obj
                                         0x2b (size before relaxing)
 .rodata.alarm_pool_alarm_callback.str1.4
                0x0000000010004498       0xea CMakeFiles/lab06.dir/Users/abhinavsinha/pico/pico-sdk/src/common/pico_time/time.c.obj
 *fill*         0x0000000010004582        0x2 
 .rodata.__func__.10
                0x0000000010004584       0x15 CMakeFiles/lab06.dir/Users/abhinavsinha/pico/pico-sdk/src/common/pico_time/time.c.obj
 *fill*         0x0000000010004599        0x3 
 .rodata.__func__.11
                0x000000001000459c       0x1a CMakeFiles/lab06.dir/Users/abhinavsinha/pico/pico-sdk/src/common/pico_time/time.c.obj
 *fill*         0x00000000100045b6        0x2 
 .rodata.__func__.12
                0x00000000100045b8        0xa CMakeFiles/lab06.dir/Users/abhinavsinha/pico/pico-sdk/src/common/pico_time/time.c.obj
 *fill*         0x00000000100045c2        0x2 
 .rodata.__func__.4
                0x00000000100045c4       0x12 CMakeFiles/lab06.dir/Users/abhinavsinha/pico/pico-sdk/src/common/pico_time/time.c.obj
 *fill*         0x00000000100045d6        0x2 
 .rodata.__func__.5
                0x00000000100045d8        0xd CMakeFiles/lab06.dir/Users/abhinavsinha/pico/pico-sdk/src/common/pico_time/time.c.obj
 *fill*         0x00000000100045e5        0x3 
 .rodata.__func__.6
                0x00000000100045e8       0x12 CMakeFiles/lab06.dir/Users/abhinavsinha/pico/pico-sdk/src/common/pico_time/time.c.obj
 *fill*         0x00000000100045fa        0x2 
 .rodata.__func__.7
                0x00000000100045fc        0xf CMakeFiles/lab06.dir/Users/abhinavsinha/pico/pico-sdk/src/common/pico_time/time.c.obj
 *fill*         0x000000001000460b        0x1 
 .rodata.__func__.8
                0x000000001000460c        0xc CMakeFiles/lab06.dir/Users/abhinavsinha/pico/pico-sdk/src/common/pico_time/time.c.obj
 .rodata.__func__.9
                0x0000000010004618       0x15 CMakeFiles/lab06.dir/Users/abhinavsinha/pico/pico-sdk/src/common/pico_time/time.c.obj
 *fill*         0x000000001000462d        0x3 
 .rodata.hardware_alarm_claim.str1.4
                0x0000000010004630       0x22 CMakeFiles/lab06.dir/Users/abhinavsinha/pico/pico-sdk/src/rp2_common/hardware_timer/timer.c.obj
 *fill*         0x0000000010004652        0x2 
 .rodata.hardware_alarm_set_target.str1.4
                0x0000000010004654       0x6c CMakeFiles/lab06.dir/Users/abhinavsinha/pico/pico-sdk/src/rp2_common/hardware_timer/timer.c.obj
 .rodata.__func__.0
                0x00000000100046c0       0x1a CMakeFiles/lab06.dir/Users/abhinavsinha/pico/pico-sdk/src/rp2_common/hardware_timer/timer.c.obj
 *fill*         0x00000000100046da        0x2 
 .rodata.str1.4
                0x00000000100046dc       0x91 CMakeFiles/lab06.dir/Users/abhinavsinha/pico/pico-sdk/src/common/pico_sync/mutex.c.obj
                                         0xf9 (size before relaxing)
 *fill*         0x000000001000476d        0x3 
 .rodata.__func__.1
                0x0000000010004770        0xb CMakeFiles/lab06.dir/Users/abhinavsinha/pico/pico-sdk/src/common/pico_sync/mutex.c.obj
 .rodata.ph_add_child_node.str1.4
                0x000000001000477b       0x9e CMakeFiles/lab06.dir/Users/abhinavsinha/pico/pico-sdk/src/common/pico_util/pheap.c.obj
 *fill*         0x000000001000477b        0x1 
 .rodata.ph_remove_any_head.str1.4
                0x000000001000477c       0x94 CMakeFiles/lab06.dir/Users/abhinavsinha/pico/pico-sdk/src/common/pico_util/pheap.c.obj
 .rodata.ph_remove_and_free_node.str1.4
                0x0000000010004810       0x26 CMakeFiles/lab06.dir/Users/abhinavsinha/pico/pico-sdk/src/common/pico_util/pheap.c.obj
 *fill*         0x0000000010004836        0x2 
 .rodata.__func__.0
                0x0000000010004838       0x18 CMakeFiles/lab06.dir/Users/abhinavsinha/pico/pico-sdk/src/common/pico_util/pheap.c.obj
 .rodata.__func__.1
                0x0000000010004850       0x13 CMakeFiles/lab06.dir/Users/abhinavsinha/pico/pico-sdk/src/common/pico_util/pheap.c.obj
 *fill*         0x0000000010004863        0x1 
 .rodata.__func__.2
                0x0000000010004864       0x12 CMakeFiles/lab06.dir/Users/abhinavsinha/pico/pico-sdk/src/common/pico_util/pheap.c.obj
 *fill*         0x0000000010004876        0x2 
 .rodata.__func__.3
                0x0000000010004878        0xc CMakeFiles/lab06.dir/Users/abhinavsinha/pico/pico-sdk/src/common/pico_util/pheap.c.obj
 .rodata.__assert_func.str1.4
                0x0000000010004884       0x3f CMakeFiles/lab06.dir/Users/abhinavsinha/pico/pico-sdk/src/rp2_common/pico_runtime/runtime.c.obj
                                         0x43 (size before relaxing)
 *fill*         0x00000000100048c3        0x1 
 .rodata.runtime_init.str1.4
                0x00000000100048c4       0x68 CMakeFiles/lab06.dir/Users/abhinavsinha/pico/pico-sdk/src/rp2_common/pico_runtime/runtime.c.obj
 .rodata.panic.str1.4
                0x000000001000492c       0x10 CMakeFiles/lab06.dir/Users/abhinavsinha/pico/pico-sdk/src/rp2_common/pico_runtime/runtime.c.obj
                                         0x12 (size before relaxing)
 .rodata.__func__.1
                0x000000001000493c        0xd CMakeFiles/lab06.dir/Users/abhinavsinha/pico/pico-sdk/src/rp2_common/pico_runtime/runtime.c.obj
 *fill*         0x0000000010004949        0x3 
 .rodata.clock_configure.str1.4
                0x000000001000494c       0x5e CMakeFiles/lab06.dir/Users/abhinavsinha/pico/pico-sdk/src/rp2_common/hardware_clocks/clocks.c.obj
 *fill*         0x00000000100049aa        0x2 
 .rodata.__func__.1
                0x00000000100049ac       0x10 CMakeFiles/lab06.dir/Users/abhinavsinha/pico/pico-sdk/src/rp2_common/hardware_clocks/clocks.c.obj
 .rodata.make_branch.str1.4
                0x00000000100049bc       0x54 CMakeFiles/lab06.dir/Users/abhinavsinha/pico/pico-sdk/src/rp2_common/hardware_irq/irq.c.obj
 .rodata.irq_set_exclusive_handler.str1.4
                0x0000000010004a10       0x36 CMakeFiles/lab06.dir/Users/abhinavsinha/pico/pico-sdk/src/rp2_common/hardware_irq/irq.c.obj
 *fill*         0x0000000010004a46        0x2 
 .rodata.irq_add_shared_handler.str1.4
                0x0000000010004a48       0xd9 CMakeFiles/lab06.dir/Users/abhinavsinha/pico/pico-sdk/src/rp2_common/hardware_irq/irq.c.obj
 *fill*         0x0000000010004b21        0x3 
 .rodata.irq_remove_handler.str1.4
                0x0000000010004b24       0x2a CMakeFiles/lab06.dir/Users/abhinavsinha/pico/pico-sdk/src/rp2_common/hardware_irq/irq.c.obj
 *fill*         0x0000000010004b4e        0x2 
 .rodata.irq_add_tail_to_free_list.str1.4
                0x0000000010004b50       0x32 CMakeFiles/lab06.dir/Users/abhinavsinha/pico/pico-sdk/src/rp2_common/hardware_irq/irq.c.obj
                                         0x3a (size before relaxing)
 *fill*         0x0000000010004b82        0x2 
 .rodata.__func__.0
                0x0000000010004b84       0x1a CMakeFiles/lab06.dir/Users/abhinavsinha/pico/pico-sdk/src/rp2_common/hardware_irq/irq.c.obj
 *fill*         0x0000000010004b9e        0x2 
 .rodata.__func__.1
                0x0000000010004ba0       0x17 CMakeFiles/lab06.dir/Users/abhinavsinha/pico/pico-sdk/src/rp2_common/hardware_irq/irq.c.obj
 *fill*         0x0000000010004bb7        0x1 
 .rodata.__func__.2
                0x0000000010004bb8       0x13 CMakeFiles/lab06.dir/Users/abhinavsinha/pico/pico-sdk/src/rp2_common/hardware_irq/irq.c.obj
 *fill*         0x0000000010004bcb        0x1 
 .rodata.__func__.3
                0x0000000010004bcc        0xc CMakeFiles/lab06.dir/Users/abhinavsinha/pico/pico-sdk/src/rp2_common/hardware_irq/irq.c.obj
 .rodata.__func__.4
                0x0000000010004bd8        0xf CMakeFiles/lab06.dir/Users/abhinavsinha/pico/pico-sdk/src/rp2_common/hardware_irq/irq.c.obj
 *fill*         0x0000000010004be7        0x1 
 .rodata.__func__.6
                0x0000000010004be8       0x1a CMakeFiles/lab06.dir/Users/abhinavsinha/pico/pico-sdk/src/rp2_common/hardware_irq/irq.c.obj
 *fill*         0x0000000010004c02        0x2 
 .rodata.pll_init.str1.4
                0x0000000010004c04       0xdf CMakeFiles/lab06.dir/Users/abhinavsinha/pico/pico-sdk/src/rp2_common/hardware_pll/pll.c.obj
 *fill*         0x0000000010004ce3        0x1 
 .rodata.__func__.0
                0x0000000010004ce4        0x9 CMakeFiles/lab06.dir/Users/abhinavsinha/pico/pico-sdk/src/rp2_common/hardware_pll/pll.c.obj
 *fill*         0x0000000010004ced        0x3 
 .rodata._ftoa.str1.4
                0x0000000010004cf0       0x15 CMakeFiles/lab06.dir/Users/abhinavsinha/pico/pico-sdk/src/rp2_common/pico_printf/printf.c.obj
 *fill*         0x0000000010004d05        0x3 
 .rodata._vsnprintf
                0x0000000010004d08      0x1e0 CMakeFiles/lab06.dir/Users/abhinavsinha/pico/pico-sdk/src/rp2_common/pico_printf/printf.c.obj
 .rodata.pow10.0
                0x0000000010004ee8       0x50 CMakeFiles/lab06.dir/Users/abhinavsinha/pico/pico-sdk/src/rp2_common/pico_printf/printf.c.obj
 .rodata.__aeabi_double_init.str1.4
                0x0000000010004f38       0xaf CMakeFiles/lab06.dir/Users/abhinavsinha/pico/pico-sdk/src/rp2_common/pico_double/double_init_rom.c.obj
 *fill*         0x0000000010004fe7        0x1 
 .rodata.__func__.0
                0x0000000010004fe8       0x14 CMakeFiles/lab06.dir/Users/abhinavsinha/pico/pico-sdk/src/rp2_common/pico_double/double_init_rom.c.obj
 .rodata.__aeabi_float_init.str1.4
                0x0000000010004ffc       0x81 CMakeFiles/lab06.dir/Users/abhinavsinha/pico/pico-sdk/src/rp2_common/pico_float/float_init_rom.c.obj
                                         0x85 (size before relaxing)
 *fill*         0x000000001000507d        0x3 
 .rodata.__func__.0
                0x0000000010005080       0x13 CMakeFiles/lab06.dir/Users/abhinavsinha/pico/pico-sdk/src/rp2_common/pico_float/float_init_rom.c.obj
 *fill*         0x0000000010005093        0x1 
 .rodata.str1.4
                0x0000000010005094       0x74 CMakeFiles/lab06.dir/Users/abhinavsinha/pico/pico-sdk/src/rp2_common/pico_standard_link/binary_info.c.obj
                                         0x7c (size before relaxing)
 .rodata.__bi_44
                0x0000000010005108        0xc CMakeFiles/lab06.dir/Users/abhinavsinha/pico/pico-sdk/src/rp2_common/pico_standard_link/binary_info.c.obj
 .rodata.__bi_69
                0x0000000010005114        0xc CMakeFiles/lab06.dir/Users/abhinavsinha/pico/pico-sdk/src/rp2_common/pico_standard_link/binary_info.c.obj
 .rodata.__bi_75
                0x0000000010005120        0xc CMakeFiles/lab06.dir/Users/abhinavsinha/pico/pico-sdk/src/rp2_common/pico_standard_link/binary_info.c.obj
 .rodata.__bi_81
                0x000000001000512c        0xc CMakeFiles/lab06.dir/Users/abhinavsinha/pico/pico-sdk/src/rp2_common/pico_standard_link/binary_info.c.obj
 .rodata.crlf_str.3
                0x0000000010005138        0x2 CMakeFiles/lab06.dir/Users/abhinavsinha/pico/pico-sdk/src/rp2_common/pico_stdio/stdio.c.obj
 *fill*         0x000000001000513a        0x2 
 .rodata.str1.4
                0x000000001000513c       0x2c CMakeFiles/lab06.dir/Users/abhinavsinha/pico/pico-sdk/src/rp2_common/pico_stdio_uart/stdio_uart.c.obj
 .rodata.__bi_28.4
                0x0000000010005168        0xc CMakeFiles/lab06.dir/Users/abhinavsinha/pico/pico-sdk/src/rp2_common/pico_stdio_uart/stdio_uart.c.obj
 .rodata.__bi_29.5
                0x0000000010005174        0x8 CMakeFiles/lab06.dir/Users/abhinavsinha/pico/pico-sdk/src/rp2_common/pico_stdio_uart/stdio_uart.c.obj
 .rodata.multicore_lockout_start_block_until.str1.4
                0x000000001000517c       0x64 CMakeFiles/lab06.dir/Users/abhinavsinha/pico/pico-sdk/src/rp2_common/pico_multicore/multicore.c.obj
 .rodata.multicore_launch_core1_with_stack.str1.4
                0x00000000100051e0       0x19 CMakeFiles/lab06.dir/Users/abhinavsinha/pico/pico-sdk/src/rp2_common/pico_multicore/multicore.c.obj
 *fill*         0x00000000100051f9        0x3 
 .rodata.__func__.2
                0x00000000100051fc       0x22 CMakeFiles/lab06.dir/Users/abhinavsinha/pico/pico-sdk/src/rp2_common/pico_multicore/multicore.c.obj
                0x0000000010005220                . = ALIGN (0x4)
 *fill*         0x000000001000521e        0x2 
 *(SORT_BY_ALIGNMENT(SORT_BY_NAME(.flashdata*)))
                0x0000000010005220                . = ALIGN (0x4)

.rel.dyn        0x0000000010005220        0x0
 .rel.iplt      0x0000000010005220        0x0 /usr/local/Cellar/arm-none-eabi-gcc/10.3-2021.07/gcc/bin/../lib/gcc/arm-none-eabi/10.3.1/thumb/v6-m/nofp/crtbegin.o

.ARM.extab
 *(.ARM.extab* .gnu.linkonce.armextab.*)
                0x0000000010005220                __exidx_start = .

.ARM.exidx
 *(.ARM.exidx* .gnu.linkonce.armexidx.*)
                0x0000000010005220                __exidx_end = .
                0x0000000010005220                . = ALIGN (0x4)
                0x0000000010005220                __binary_info_start = .

.binary_info    0x0000000010005220       0x28
 *(.binary_info.keep.*)
 .binary_info.keep.__bi_ptr22
                0x0000000010005220        0x4 CMakeFiles/lab06.dir/Users/abhinavsinha/pico/pico-sdk/src/rp2_common/pico_standard_link/binary_info.c.obj
 .binary_info.keep.__bi_ptr30
                0x0000000010005224        0x4 CMakeFiles/lab06.dir/Users/abhinavsinha/pico/pico-sdk/src/rp2_common/pico_standard_link/binary_info.c.obj
 .binary_info.keep.__bi_ptr38
                0x0000000010005228        0x4 CMakeFiles/lab06.dir/Users/abhinavsinha/pico/pico-sdk/src/rp2_common/pico_standard_link/binary_info.c.obj
 .binary_info.keep.__bi_ptr44
                0x000000001000522c        0x4 CMakeFiles/lab06.dir/Users/abhinavsinha/pico/pico-sdk/src/rp2_common/pico_standard_link/binary_info.c.obj
 .binary_info.keep.__bi_ptr50
                0x0000000010005230        0x4 CMakeFiles/lab06.dir/Users/abhinavsinha/pico/pico-sdk/src/rp2_common/pico_standard_link/binary_info.c.obj
 .binary_info.keep.__bi_ptr69
                0x0000000010005234        0x4 CMakeFiles/lab06.dir/Users/abhinavsinha/pico/pico-sdk/src/rp2_common/pico_standard_link/binary_info.c.obj
 .binary_info.keep.__bi_ptr75
                0x0000000010005238        0x4 CMakeFiles/lab06.dir/Users/abhinavsinha/pico/pico-sdk/src/rp2_common/pico_standard_link/binary_info.c.obj
 .binary_info.keep.__bi_ptr81
                0x000000001000523c        0x4 CMakeFiles/lab06.dir/Users/abhinavsinha/pico/pico-sdk/src/rp2_common/pico_standard_link/binary_info.c.obj
 *(.binary_info.*)
 .binary_info.__bi_ptr28
                0x0000000010005240        0x4 CMakeFiles/lab06.dir/Users/abhinavsinha/pico/pico-sdk/src/rp2_common/pico_stdio_uart/stdio_uart.c.obj
 .binary_info.__bi_ptr29
                0x0000000010005244        0x4 CMakeFiles/lab06.dir/Users/abhinavsinha/pico/pico-sdk/src/rp2_common/pico_stdio_uart/stdio_uart.c.obj
                0x0000000010005248                __binary_info_end = .
                0x0000000010005248                . = ALIGN (0x4)
                0x0000000010005248                __etext = .

.ram_vector_table
                0x0000000020000000       0xc0
 *(.ram_vector_table)
 .ram_vector_table
                0x0000000020000000       0xc0 CMakeFiles/lab06.dir/Users/abhinavsinha/pico/pico-sdk/src/rp2_common/pico_runtime/runtime.c.obj
                0x0000000020000000                ram_vector_table

.data           0x00000000200000c0      0x1c8 load address 0x0000000010005248
                0x00000000200000c0                __data_start__ = .
 *(vtable)
 *(.time_critical*)
 .time_critical.mutex_enter_blocking
                0x00000000200000c0       0x48 CMakeFiles/lab06.dir/Users/abhinavsinha/pico/pico-sdk/src/common/pico_sync/mutex.c.obj
                0x00000000200000c0                mutex_enter_blocking
 .time_critical.mutex_try_enter
                0x0000000020000108       0x46 CMakeFiles/lab06.dir/Users/abhinavsinha/pico/pico-sdk/src/common/pico_sync/mutex.c.obj
                0x0000000020000108                mutex_try_enter
 *fill*         0x000000002000014e        0x2 
 .time_critical.mutex_exit
                0x0000000020000150       0x4c CMakeFiles/lab06.dir/Users/abhinavsinha/pico/pico-sdk/src/common/pico_sync/mutex.c.obj
                0x0000000020000150                mutex_exit
 *(.text*)
 .text          0x000000002000019c        0x4 /usr/local/Cellar/arm-none-eabi-gcc/10.3-2021.07/gcc/bin/../lib/gcc/arm-none-eabi/10.3.1/thumb/v6-m/nofp/libgcc.a(_dvmd_tls.o)
                0x000000002000019c                __aeabi_ldiv0
                0x000000002000019c                __aeabi_idiv0
 .text.__stub   0x00000000200001a0       0x10 linker stubs
                0x00000000200001b0                . = ALIGN (0x4)
 *(.rodata*)
                0x00000000200001b0                . = ALIGN (0x4)
 *(.data*)
 .data.striped_spin_lock_num
                0x00000000200001b0        0x1 CMakeFiles/lab06.dir/Users/abhinavsinha/pico/pico-sdk/src/rp2_common/hardware_sync/sync.c.obj
 *fill*         0x00000000200001b1        0x3 
 .data.default_alarm_pool
                0x00000000200001b4       0x18 CMakeFiles/lab06.dir/Users/abhinavsinha/pico/pico-sdk/src/common/pico_time/time.c.obj
 .data.default_alarm_pool_heap
                0x00000000200001cc       0x10 CMakeFiles/lab06.dir/Users/abhinavsinha/pico/pico-sdk/src/common/pico_time/time.c.obj
 .data          0x00000000200001dc       0x48 CMakeFiles/lab06.dir/Users/abhinavsinha/pico/pico-sdk/src/rp2_common/hardware_irq/irq_handler_chain.S.obj
                0x00000000200001dc                irq_handler_chain_slots
                0x000000002000020c                irq_handler_chain_first_slot
                0x0000000020000216                irq_handler_chain_remove_tail
 *fill*         0x0000000020000224        0xc 
 .data.aeabi_bits_funcs
                0x0000000020000230       0x10 CMakeFiles/lab06.dir/Users/abhinavsinha/pico/pico-sdk/src/rp2_common/pico_bit_ops/bit_ops_aeabi.S.obj
                0x0000000020000230                aeabi_bits_funcs
                0x0000000020000240                aeabi_bits_funcs_end
 .data.aeabi_mem_funcs
                0x0000000020000240       0x10 CMakeFiles/lab06.dir/Users/abhinavsinha/pico/pico-sdk/src/rp2_common/pico_mem_ops/mem_ops_aeabi.S.obj
                0x0000000020000240                aeabi_mem_funcs
                0x0000000020000250                aeabi_mem_funcs_end
 .data.stdio_uart
                0x0000000020000250       0x14 CMakeFiles/lab06.dir/Users/abhinavsinha/pico/pico-sdk/src/rp2_common/pico_stdio_uart/stdio_uart.c.obj
                0x0000000020000250                stdio_uart
                0x0000000020000264                . = ALIGN (0x4)
 *(.after_data.*)
                0x0000000020000264                . = ALIGN (0x4)
                0x0000000020000264                PROVIDE (__mutex_array_start = .)
 *(SORT_BY_NAME(.mutex_array.*))
 *(.mutex_array)
 .mutex_array   0x0000000020000264        0x8 CMakeFiles/lab06.dir/Users/abhinavsinha/pico/pico-sdk/src/rp2_common/pico_malloc/pico_malloc.c.obj
 .mutex_array   0x000000002000026c        0x8 CMakeFiles/lab06.dir/Users/abhinavsinha/pico/pico-sdk/src/rp2_common/pico_stdio/stdio.c.obj
                0x0000000020000274                PROVIDE (__mutex_array_end = .)
                0x0000000020000274                . = ALIGN (0x4)
                0x0000000020000274                PROVIDE (__preinit_array_start = .)
 *(SORT_BY_NAME(.preinit_array.*))
 .preinit_array.00001
                0x0000000020000274        0x4 CMakeFiles/lab06.dir/Users/abhinavsinha/pico/pico-sdk/src/rp2_common/pico_mem_ops/mem_ops_aeabi.S.obj
 .preinit_array.00010
                0x0000000020000278        0x4 CMakeFiles/lab06.dir/Users/abhinavsinha/pico/pico-sdk/src/rp2_common/pico_bit_ops/bit_ops_aeabi.S.obj
 .preinit_array.00020
                0x000000002000027c        0x4 CMakeFiles/lab06.dir/Users/abhinavsinha/pico/pico-sdk/src/rp2_common/pico_double/double_aeabi.S.obj
 .preinit_array.00020
                0x0000000020000280        0x4 CMakeFiles/lab06.dir/Users/abhinavsinha/pico/pico-sdk/src/rp2_common/pico_float/float_aeabi.S.obj
 *(.preinit_array)
                0x0000000020000284                PROVIDE (__preinit_array_end = .)
                0x0000000020000284                . = ALIGN (0x4)
                0x0000000020000284                PROVIDE (__init_array_start = .)
 *(SORT_BY_NAME(.init_array.*))
 *(.init_array)
 .init_array    0x0000000020000284        0x4 /usr/local/Cellar/arm-none-eabi-gcc/10.3-2021.07/gcc/bin/../lib/gcc/arm-none-eabi/10.3.1/thumb/v6-m/nofp/crtbegin.o
                0x0000000020000288                PROVIDE (__init_array_end = .)
                0x0000000020000288                . = ALIGN (0x4)
                [!provide]                        PROVIDE (__fini_array_start = .)
 *(SORT_BY_NAME(.fini_array.*))
 *(.fini_array)
                [!provide]                        PROVIDE (__fini_array_end = .)
 *(.jcr)
                0x0000000020000288                . = ALIGN (0x4)
                0x0000000020000288                __data_end__ = .

.igot.plt       0x0000000020000288        0x0 load address 0x0000000010005410
 .igot.plt      0x0000000020000288        0x0 /usr/local/Cellar/arm-none-eabi-gcc/10.3-2021.07/gcc/bin/../lib/gcc/arm-none-eabi/10.3.1/thumb/v6-m/nofp/crtbegin.o

.uninitialized_data
                0x0000000020000288        0x0 load address 0x0000000010005410
                0x0000000020000288                . = ALIGN (0x4)
 *(.uninitialized_data*)

.scratch_x      0x0000000020040000        0x0 load address 0x0000000010005410
                0x0000000020040000                __scratch_x_start__ = .
 *(.scratch_x.*)
                0x0000000020040000                . = ALIGN (0x4)
                0x0000000020040000                __scratch_x_end__ = .
                0x0000000010005410                __scratch_x_source__ = LOADADDR (.scratch_x)

.scratch_y      0x0000000020041000        0x0 load address 0x0000000010005410
                0x0000000020041000                __scratch_y_start__ = .
 *(.scratch_y.*)
                0x0000000020041000                . = ALIGN (0x4)
                0x0000000020041000                __scratch_y_end__ = .
                0x0000000010005410                __scratch_y_source__ = LOADADDR (.scratch_y)

.bss            0x0000000020000288      0x3d0
                0x0000000020000288                . = ALIGN (0x4)
                0x0000000020000288                __bss_start__ = .
 *(SORT_BY_ALIGNMENT(SORT_BY_NAME(.bss*)))
 .bss.default_alarm_pool_entries
                0x0000000020000288      0x100 CMakeFiles/lab06.dir/Users/abhinavsinha/pico/pico-sdk/src/common/pico_time/time.c.obj
 .bss           0x0000000020000388       0x1c /usr/local/Cellar/arm-none-eabi-gcc/10.3-2021.07/gcc/bin/../lib/gcc/arm-none-eabi/10.3.1/thumb/v6-m/nofp/crtbegin.o
 .bss.alarm_callbacks
                0x00000000200003a4       0x10 CMakeFiles/lab06.dir/Users/abhinavsinha/pico/pico-sdk/src/rp2_common/hardware_timer/timer.c.obj
 .bss.configured_freq
                0x00000000200003b4       0x28 CMakeFiles/lab06.dir/Users/abhinavsinha/pico/pico-sdk/src/rp2_common/hardware_clocks/clocks.c.obj
 .bss.default_alarm_pool_entry_ids_high
                0x00000000200003dc       0x10 CMakeFiles/lab06.dir/Users/abhinavsinha/pico/pico-sdk/src/common/pico_time/time.c.obj
 .bss.default_alarm_pool_heap_nodes
                0x00000000200003ec       0x30 CMakeFiles/lab06.dir/Users/abhinavsinha/pico/pico-sdk/src/common/pico_time/time.c.obj
 .bss.drivers   0x000000002000041c        0x4 CMakeFiles/lab06.dir/Users/abhinavsinha/pico/pico-sdk/src/rp2_common/pico_stdio/stdio.c.obj
 .bss.filter    0x0000000020000420        0x4 CMakeFiles/lab06.dir/Users/abhinavsinha/pico/pico-sdk/src/rp2_common/pico_stdio/stdio.c.obj
 .bss.pools     0x0000000020000424       0x10 CMakeFiles/lab06.dir/Users/abhinavsinha/pico/pico-sdk/src/common/pico_time/time.c.obj
 .bss.sd_table  0x0000000020000434      0x100 CMakeFiles/lab06.dir/Users/abhinavsinha/pico/pico-sdk/src/rp2_common/pico_double/double_init_rom.c.obj
                0x0000000020000434                sd_table
 .bss.sf_clz_func
                0x0000000020000534        0x4 CMakeFiles/lab06.dir/Users/abhinavsinha/pico/pico-sdk/src/rp2_common/pico_double/double_init_rom.c.obj
                0x0000000020000534                sf_clz_func
 .bss.sf_table  0x0000000020000538      0x100 CMakeFiles/lab06.dir/Users/abhinavsinha/pico/pico-sdk/src/rp2_common/pico_float/float_init_rom.c.obj
                0x0000000020000538                sf_table
 .bss.sleep_notifier
                0x0000000020000638        0x4 CMakeFiles/lab06.dir/Users/abhinavsinha/pico/pico-sdk/src/common/pico_time/time.c.obj
 .bss.target_hi
                0x000000002000063c       0x10 CMakeFiles/lab06.dir/Users/abhinavsinha/pico/pico-sdk/src/rp2_common/hardware_timer/timer.c.obj
 .bss.uart_char_to_line_feed
                0x000000002000064c        0x4 CMakeFiles/lab06.dir/Users/abhinavsinha/pico/pico-sdk/src/rp2_common/hardware_uart/uart.c.obj
                0x000000002000064c                uart_char_to_line_feed
 .bss.uart_instance
                0x0000000020000650        0x4 CMakeFiles/lab06.dir/Users/abhinavsinha/pico/pico-sdk/src/rp2_common/pico_stdio_uart/stdio_uart.c.obj
 .bss.claimed   0x0000000020000654        0x1 CMakeFiles/lab06.dir/Users/abhinavsinha/pico/pico-sdk/src/rp2_common/hardware_timer/timer.c.obj
 .bss.irq_hander_chain_free_slot_head
                0x0000000020000655        0x1 CMakeFiles/lab06.dir/Users/abhinavsinha/pico/pico-sdk/src/rp2_common/hardware_irq/irq.c.obj
 .bss.timer_callbacks_pending
                0x0000000020000656        0x1 CMakeFiles/lab06.dir/Users/abhinavsinha/pico/pico-sdk/src/rp2_common/hardware_timer/timer.c.obj
 *(COMMON)
                0x0000000020000658                . = ALIGN (0x4)
 *fill*         0x0000000020000657        0x1 
                0x0000000020000658                __bss_end__ = .

.heap           0x0000000020000658      0x800
                0x0000000020000658                __end__ = .
                0x0000000020000658                end = __end__
 *(.heap*)
 .heap          0x0000000020000658      0x800 CMakeFiles/lab06.dir/Users/abhinavsinha/pico/pico-sdk/src/rp2_common/pico_standard_link/crt0.S.obj
                0x0000000020000e58                __HeapLimit = .

.stack1_dummy   0x0000000020040000      0x800
 *(.stack1*)
 .stack1        0x0000000020040000      0x800 CMakeFiles/lab06.dir/Users/abhinavsinha/pico/pico-sdk/src/rp2_common/pico_multicore/multicore.c.obj

.stack_dummy    0x0000000020041000      0x800
 *(.stack*)
 .stack         0x0000000020041000      0x800 CMakeFiles/lab06.dir/Users/abhinavsinha/pico/pico-sdk/src/rp2_common/pico_standard_link/crt0.S.obj

.flash_end      0x0000000010005410        0x0
                0x0000000010005410                __flash_binary_end = .
                0x0000000020040000                __StackLimit = (ORIGIN (RAM) + LENGTH (RAM))
                0x0000000020041000                __StackOneTop = (ORIGIN (SCRATCH_X) + LENGTH (SCRATCH_X))
                0x0000000020042000                __StackTop = (ORIGIN (SCRATCH_Y) + LENGTH (SCRATCH_Y))
                0x0000000020040800                __StackOneBottom = (__StackOneTop - SIZEOF (.stack1_dummy))
                0x0000000020041800                __StackBottom = (__StackTop - SIZEOF (.stack_dummy))
                0x0000000020042000                PROVIDE (__stack = __StackTop)
                0x0000000000000001                ASSERT ((__StackLimit >= __HeapLimit), region RAM overflowed)
                0x0000000000000001                ASSERT (((__binary_info_header_end - __logical_binary_start) <= 0x100), Binary info must be in first 256 bytes of the binary)
LOAD CMakeFiles/lab06.dir/lab06.c.obj
LOAD CMakeFiles/lab06.dir/lab06.S.obj
LOAD CMakeFiles/lab06.dir/Users/abhinavsinha/pico/pico-sdk/src/rp2_common/pico_stdlib/stdlib.c.obj
LOAD CMakeFiles/lab06.dir/Users/abhinavsinha/pico/pico-sdk/src/rp2_common/hardware_gpio/gpio.c.obj
LOAD CMakeFiles/lab06.dir/Users/abhinavsinha/pico/pico-sdk/src/rp2_common/hardware_claim/claim.c.obj
LOAD CMakeFiles/lab06.dir/Users/abhinavsinha/pico/pico-sdk/src/rp2_common/pico_platform/platform.c.obj
LOAD CMakeFiles/lab06.dir/Users/abhinavsinha/pico/pico-sdk/src/rp2_common/hardware_sync/sync.c.obj
LOAD CMakeFiles/lab06.dir/Users/abhinavsinha/pico/pico-sdk/src/rp2_common/hardware_uart/uart.c.obj
LOAD CMakeFiles/lab06.dir/Users/abhinavsinha/pico/pico-sdk/src/rp2_common/hardware_divider/divider.S.obj
LOAD CMakeFiles/lab06.dir/Users/abhinavsinha/pico/pico-sdk/src/common/pico_time/time.c.obj
LOAD CMakeFiles/lab06.dir/Users/abhinavsinha/pico/pico-sdk/src/common/pico_time/timeout_helper.c.obj
LOAD CMakeFiles/lab06.dir/Users/abhinavsinha/pico/pico-sdk/src/rp2_common/hardware_timer/timer.c.obj
LOAD CMakeFiles/lab06.dir/Users/abhinavsinha/pico/pico-sdk/src/common/pico_sync/sem.c.obj
LOAD CMakeFiles/lab06.dir/Users/abhinavsinha/pico/pico-sdk/src/common/pico_sync/lock_core.c.obj
LOAD CMakeFiles/lab06.dir/Users/abhinavsinha/pico/pico-sdk/src/common/pico_sync/mutex.c.obj
LOAD CMakeFiles/lab06.dir/Users/abhinavsinha/pico/pico-sdk/src/common/pico_sync/critical_section.c.obj
LOAD CMakeFiles/lab06.dir/Users/abhinavsinha/pico/pico-sdk/src/common/pico_util/datetime.c.obj
LOAD CMakeFiles/lab06.dir/Users/abhinavsinha/pico/pico-sdk/src/common/pico_util/pheap.c.obj
LOAD CMakeFiles/lab06.dir/Users/abhinavsinha/pico/pico-sdk/src/common/pico_util/queue.c.obj
LOAD CMakeFiles/lab06.dir/Users/abhinavsinha/pico/pico-sdk/src/rp2_common/pico_runtime/runtime.c.obj
LOAD CMakeFiles/lab06.dir/Users/abhinavsinha/pico/pico-sdk/src/rp2_common/hardware_clocks/clocks.c.obj
LOAD CMakeFiles/lab06.dir/Users/abhinavsinha/pico/pico-sdk/src/rp2_common/hardware_irq/irq.c.obj
LOAD CMakeFiles/lab06.dir/Users/abhinavsinha/pico/pico-sdk/src/rp2_common/hardware_irq/irq_handler_chain.S.obj
LOAD CMakeFiles/lab06.dir/Users/abhinavsinha/pico/pico-sdk/src/rp2_common/hardware_pll/pll.c.obj
LOAD CMakeFiles/lab06.dir/Users/abhinavsinha/pico/pico-sdk/src/rp2_common/hardware_vreg/vreg.c.obj
LOAD CMakeFiles/lab06.dir/Users/abhinavsinha/pico/pico-sdk/src/rp2_common/hardware_watchdog/watchdog.c.obj
LOAD CMakeFiles/lab06.dir/Users/abhinavsinha/pico/pico-sdk/src/rp2_common/hardware_xosc/xosc.c.obj
LOAD CMakeFiles/lab06.dir/Users/abhinavsinha/pico/pico-sdk/src/rp2_common/pico_printf/printf.c.obj
LOAD CMakeFiles/lab06.dir/Users/abhinavsinha/pico/pico-sdk/src/rp2_common/pico_bit_ops/bit_ops_aeabi.S.obj
LOAD CMakeFiles/lab06.dir/Users/abhinavsinha/pico/pico-sdk/src/rp2_common/pico_bootrom/bootrom.c.obj
LOAD CMakeFiles/lab06.dir/Users/abhinavsinha/pico/pico-sdk/src/rp2_common/pico_divider/divider.S.obj
LOAD CMakeFiles/lab06.dir/Users/abhinavsinha/pico/pico-sdk/src/rp2_common/pico_double/double_aeabi.S.obj
LOAD CMakeFiles/lab06.dir/Users/abhinavsinha/pico/pico-sdk/src/rp2_common/pico_double/double_init_rom.c.obj
LOAD CMakeFiles/lab06.dir/Users/abhinavsinha/pico/pico-sdk/src/rp2_common/pico_double/double_math.c.obj
LOAD CMakeFiles/lab06.dir/Users/abhinavsinha/pico/pico-sdk/src/rp2_common/pico_double/double_v1_rom_shim.S.obj
LOAD CMakeFiles/lab06.dir/Users/abhinavsinha/pico/pico-sdk/src/rp2_common/pico_int64_ops/pico_int64_ops_aeabi.S.obj
LOAD CMakeFiles/lab06.dir/Users/abhinavsinha/pico/pico-sdk/src/rp2_common/pico_float/float_aeabi.S.obj
LOAD CMakeFiles/lab06.dir/Users/abhinavsinha/pico/pico-sdk/src/rp2_common/pico_float/float_init_rom.c.obj
LOAD CMakeFiles/lab06.dir/Users/abhinavsinha/pico/pico-sdk/src/rp2_common/pico_float/float_math.c.obj
LOAD CMakeFiles/lab06.dir/Users/abhinavsinha/pico/pico-sdk/src/rp2_common/pico_float/float_v1_rom_shim.S.obj
LOAD CMakeFiles/lab06.dir/Users/abhinavsinha/pico/pico-sdk/src/rp2_common/pico_malloc/pico_malloc.c.obj
LOAD CMakeFiles/lab06.dir/Users/abhinavsinha/pico/pico-sdk/src/rp2_common/pico_mem_ops/mem_ops_aeabi.S.obj
LOAD CMakeFiles/lab06.dir/Users/abhinavsinha/pico/pico-sdk/src/rp2_common/pico_standard_link/crt0.S.obj
LOAD CMakeFiles/lab06.dir/Users/abhinavsinha/pico/pico-sdk/src/rp2_common/pico_standard_link/new_delete.cpp.obj
LOAD CMakeFiles/lab06.dir/Users/abhinavsinha/pico/pico-sdk/src/rp2_common/pico_standard_link/binary_info.c.obj
LOAD CMakeFiles/lab06.dir/Users/abhinavsinha/pico/pico-sdk/src/rp2_common/pico_stdio/stdio.c.obj
LOAD CMakeFiles/lab06.dir/Users/abhinavsinha/pico/pico-sdk/src/rp2_common/pico_stdio_uart/stdio_uart.c.obj
LOAD CMakeFiles/lab06.dir/Users/abhinavsinha/pico/pico-sdk/src/rp2_common/pico_multicore/multicore.c.obj
LOAD /var/folders/lz/hcc81f1d27g1pv9918wtrd6m0000gn/T//cci7Jmif.o
LOAD /usr/local/Cellar/arm-none-eabi-gcc/10.3-2021.07/gcc/bin/../lib/gcc/arm-none-eabi/10.3.1/../../../../arm-none-eabi/lib/thumb/v6-m/nofp/libstdc++.a
LOAD /usr/local/Cellar/arm-none-eabi-gcc/10.3-2021.07/gcc/bin/../lib/gcc/arm-none-eabi/10.3.1/../../../../arm-none-eabi/lib/thumb/v6-m/nofp/libm.a
START GROUP
LOAD /usr/local/Cellar/arm-none-eabi-gcc/10.3-2021.07/gcc/bin/../lib/gcc/arm-none-eabi/10.3.1/thumb/v6-m/nofp/libgcc.a
LOAD /usr/local/Cellar/arm-none-eabi-gcc/10.3-2021.07/gcc/bin/../lib/gcc/arm-none-eabi/10.3.1/../../../../arm-none-eabi/lib/thumb/v6-m/nofp/libg.a
LOAD /usr/local/Cellar/arm-none-eabi-gcc/10.3-2021.07/gcc/bin/../lib/gcc/arm-none-eabi/10.3.1/../../../../arm-none-eabi/lib/thumb/v6-m/nofp/libc.a
END GROUP
START GROUP
LOAD /usr/local/Cellar/arm-none-eabi-gcc/10.3-2021.07/gcc/bin/../lib/gcc/arm-none-eabi/10.3.1/thumb/v6-m/nofp/libgcc.a
LOAD /usr/local/Cellar/arm-none-eabi-gcc/10.3-2021.07/gcc/bin/../lib/gcc/arm-none-eabi/10.3.1/../../../../arm-none-eabi/lib/thumb/v6-m/nofp/libc.a
LOAD /usr/local/Cellar/arm-none-eabi-gcc/10.3-2021.07/gcc/bin/../lib/gcc/arm-none-eabi/10.3.1/../../../../arm-none-eabi/lib/thumb/v6-m/nofp/libnosys.a
END GROUP
LOAD /usr/local/Cellar/arm-none-eabi-gcc/10.3-2021.07/gcc/bin/../lib/gcc/arm-none-eabi/10.3.1/thumb/v6-m/nofp/crtend.o
LOAD /usr/local/Cellar/arm-none-eabi-gcc/10.3-2021.07/gcc/bin/../lib/gcc/arm-none-eabi/10.3.1/thumb/v6-m/nofp/crtn.o
OUTPUT(lab06.elf elf32-littlearm)
LOAD linker stubs

.ARM.attributes
                0x0000000000000000       0x28
 .ARM.attributes
                0x0000000000000000       0x1e /usr/local/Cellar/arm-none-eabi-gcc/10.3-2021.07/gcc/bin/../lib/gcc/arm-none-eabi/10.3.1/thumb/v6-m/nofp/crti.o
 .ARM.attributes
                0x000000000000001e       0x2c /usr/local/Cellar/arm-none-eabi-gcc/10.3-2021.07/gcc/bin/../lib/gcc/arm-none-eabi/10.3.1/thumb/v6-m/nofp/crtbegin.o
 .ARM.attributes
                0x000000000000004a       0x2c CMakeFiles/lab06.dir/lab06.c.obj
 .ARM.attributes
                0x0000000000000076       0x2c CMakeFiles/lab06.dir/Users/abhinavsinha/pico/pico-sdk/src/rp2_common/hardware_gpio/gpio.c.obj
 .ARM.attributes
                0x00000000000000a2       0x2c CMakeFiles/lab06.dir/Users/abhinavsinha/pico/pico-sdk/src/rp2_common/hardware_claim/claim.c.obj
 .ARM.attributes
                0x00000000000000ce       0x2c CMakeFiles/lab06.dir/Users/abhinavsinha/pico/pico-sdk/src/rp2_common/pico_platform/platform.c.obj
 .ARM.attributes
                0x00000000000000fa       0x2c CMakeFiles/lab06.dir/Users/abhinavsinha/pico/pico-sdk/src/rp2_common/hardware_sync/sync.c.obj
 .ARM.attributes
                0x0000000000000126       0x2c CMakeFiles/lab06.dir/Users/abhinavsinha/pico/pico-sdk/src/rp2_common/hardware_uart/uart.c.obj
 .ARM.attributes
                0x0000000000000152       0x2c CMakeFiles/lab06.dir/Users/abhinavsinha/pico/pico-sdk/src/common/pico_time/time.c.obj
 .ARM.attributes
                0x000000000000017e       0x2c CMakeFiles/lab06.dir/Users/abhinavsinha/pico/pico-sdk/src/rp2_common/hardware_timer/timer.c.obj
 .ARM.attributes
                0x00000000000001aa       0x2c CMakeFiles/lab06.dir/Users/abhinavsinha/pico/pico-sdk/src/common/pico_sync/lock_core.c.obj
 .ARM.attributes
                0x00000000000001d6       0x2c CMakeFiles/lab06.dir/Users/abhinavsinha/pico/pico-sdk/src/common/pico_sync/mutex.c.obj
 .ARM.attributes
                0x0000000000000202       0x2c CMakeFiles/lab06.dir/Users/abhinavsinha/pico/pico-sdk/src/common/pico_util/pheap.c.obj
 .ARM.attributes
                0x000000000000022e       0x2c CMakeFiles/lab06.dir/Users/abhinavsinha/pico/pico-sdk/src/rp2_common/pico_runtime/runtime.c.obj
 .ARM.attributes
                0x000000000000025a       0x2c CMakeFiles/lab06.dir/Users/abhinavsinha/pico/pico-sdk/src/rp2_common/hardware_clocks/clocks.c.obj
 .ARM.attributes
                0x0000000000000286       0x2c CMakeFiles/lab06.dir/Users/abhinavsinha/pico/pico-sdk/src/rp2_common/hardware_irq/irq.c.obj
 .ARM.attributes
                0x00000000000002b2       0x22 CMakeFiles/lab06.dir/Users/abhinavsinha/pico/pico-sdk/src/rp2_common/hardware_irq/irq_handler_chain.S.obj
 .ARM.attributes
                0x00000000000002d4       0x2c CMakeFiles/lab06.dir/Users/abhinavsinha/pico/pico-sdk/src/rp2_common/hardware_pll/pll.c.obj
 .ARM.attributes
                0x0000000000000300       0x2c CMakeFiles/lab06.dir/Users/abhinavsinha/pico/pico-sdk/src/rp2_common/hardware_watchdog/watchdog.c.obj
 .ARM.attributes
                0x000000000000032c       0x2c CMakeFiles/lab06.dir/Users/abhinavsinha/pico/pico-sdk/src/rp2_common/hardware_xosc/xosc.c.obj
 .ARM.attributes
                0x0000000000000358       0x2c CMakeFiles/lab06.dir/Users/abhinavsinha/pico/pico-sdk/src/rp2_common/pico_printf/printf.c.obj
 .ARM.attributes
                0x0000000000000384       0x22 CMakeFiles/lab06.dir/Users/abhinavsinha/pico/pico-sdk/src/rp2_common/pico_bit_ops/bit_ops_aeabi.S.obj
 .ARM.attributes
                0x00000000000003a6       0x2c CMakeFiles/lab06.dir/Users/abhinavsinha/pico/pico-sdk/src/rp2_common/pico_bootrom/bootrom.c.obj
 .ARM.attributes
                0x00000000000003d2       0x22 CMakeFiles/lab06.dir/Users/abhinavsinha/pico/pico-sdk/src/rp2_common/pico_divider/divider.S.obj
 .ARM.attributes
                0x00000000000003f4       0x22 CMakeFiles/lab06.dir/Users/abhinavsinha/pico/pico-sdk/src/rp2_common/pico_double/double_aeabi.S.obj
 .ARM.attributes
                0x0000000000000416       0x2c CMakeFiles/lab06.dir/Users/abhinavsinha/pico/pico-sdk/src/rp2_common/pico_double/double_init_rom.c.obj
 .ARM.attributes
                0x0000000000000442       0x22 CMakeFiles/lab06.dir/Users/abhinavsinha/pico/pico-sdk/src/rp2_common/pico_double/double_v1_rom_shim.S.obj
 .ARM.attributes
                0x0000000000000464       0x22 CMakeFiles/lab06.dir/Users/abhinavsinha/pico/pico-sdk/src/rp2_common/pico_float/float_aeabi.S.obj
 .ARM.attributes
                0x0000000000000486       0x2c CMakeFiles/lab06.dir/Users/abhinavsinha/pico/pico-sdk/src/rp2_common/pico_float/float_init_rom.c.obj
 .ARM.attributes
                0x00000000000004b2       0x22 CMakeFiles/lab06.dir/Users/abhinavsinha/pico/pico-sdk/src/rp2_common/pico_float/float_v1_rom_shim.S.obj
 .ARM.attributes
                0x00000000000004d4       0x2c CMakeFiles/lab06.dir/Users/abhinavsinha/pico/pico-sdk/src/rp2_common/pico_malloc/pico_malloc.c.obj
 .ARM.attributes
                0x0000000000000500       0x22 CMakeFiles/lab06.dir/Users/abhinavsinha/pico/pico-sdk/src/rp2_common/pico_mem_ops/mem_ops_aeabi.S.obj
 .ARM.attributes
                0x0000000000000522       0x22 CMakeFiles/lab06.dir/Users/abhinavsinha/pico/pico-sdk/src/rp2_common/pico_standard_link/crt0.S.obj
 .ARM.attributes
                0x0000000000000544       0x32 CMakeFiles/lab06.dir/Users/abhinavsinha/pico/pico-sdk/src/rp2_common/pico_standard_link/binary_info.c.obj
 .ARM.attributes
                0x0000000000000576       0x2c CMakeFiles/lab06.dir/Users/abhinavsinha/pico/pico-sdk/src/rp2_common/pico_stdio/stdio.c.obj
 .ARM.attributes
                0x00000000000005a2       0x2c CMakeFiles/lab06.dir/Users/abhinavsinha/pico/pico-sdk/src/rp2_common/pico_stdio_uart/stdio_uart.c.obj
 .ARM.attributes
                0x00000000000005ce       0x2c CMakeFiles/lab06.dir/Users/abhinavsinha/pico/pico-sdk/src/rp2_common/pico_multicore/multicore.c.obj
 .ARM.attributes
                0x00000000000005fa       0x22 /var/folders/lz/hcc81f1d27g1pv9918wtrd6m0000gn/T//cci7Jmif.o
 .ARM.attributes
                0x000000000000061c       0x1e /usr/local/Cellar/arm-none-eabi-gcc/10.3-2021.07/gcc/bin/../lib/gcc/arm-none-eabi/10.3.1/thumb/v6-m/nofp/libgcc.a(_dvmd_tls.o)
 .ARM.attributes
                0x000000000000063a       0x2c /usr/local/Cellar/arm-none-eabi-gcc/10.3-2021.07/gcc/bin/../lib/gcc/arm-none-eabi/10.3.1/../../../../arm-none-eabi/lib/thumb/v6-m/nofp/libg.a(lib_a-strlen-stub.o)

.comment        0x0000000000000000       0x49
 .comment       0x0000000000000000       0x49 CMakeFiles/lab06.dir/lab06.c.obj
                                         0x4a (size before relaxing)
 .comment       0x0000000000000049       0x4a CMakeFiles/lab06.dir/Users/abhinavsinha/pico/pico-sdk/src/rp2_common/hardware_gpio/gpio.c.obj
 .comment       0x0000000000000049       0x4a CMakeFiles/lab06.dir/Users/abhinavsinha/pico/pico-sdk/src/rp2_common/hardware_claim/claim.c.obj
 .comment       0x0000000000000049       0x4a CMakeFiles/lab06.dir/Users/abhinavsinha/pico/pico-sdk/src/rp2_common/pico_platform/platform.c.obj
 .comment       0x0000000000000049       0x4a CMakeFiles/lab06.dir/Users/abhinavsinha/pico/pico-sdk/src/rp2_common/hardware_sync/sync.c.obj
 .comment       0x0000000000000049       0x4a CMakeFiles/lab06.dir/Users/abhinavsinha/pico/pico-sdk/src/rp2_common/hardware_uart/uart.c.obj
 .comment       0x0000000000000049       0x4a CMakeFiles/lab06.dir/Users/abhinavsinha/pico/pico-sdk/src/common/pico_time/time.c.obj
 .comment       0x0000000000000049       0x4a CMakeFiles/lab06.dir/Users/abhinavsinha/pico/pico-sdk/src/rp2_common/hardware_timer/timer.c.obj
 .comment       0x0000000000000049       0x4a CMakeFiles/lab06.dir/Users/abhinavsinha/pico/pico-sdk/src/common/pico_sync/lock_core.c.obj
 .comment       0x0000000000000049       0x4a CMakeFiles/lab06.dir/Users/abhinavsinha/pico/pico-sdk/src/common/pico_sync/mutex.c.obj
 .comment       0x0000000000000049       0x4a CMakeFiles/lab06.dir/Users/abhinavsinha/pico/pico-sdk/src/common/pico_util/pheap.c.obj
 .comment       0x0000000000000049       0x4a CMakeFiles/lab06.dir/Users/abhinavsinha/pico/pico-sdk/src/rp2_common/pico_runtime/runtime.c.obj
 .comment       0x0000000000000049       0x4a CMakeFiles/lab06.dir/Users/abhinavsinha/pico/pico-sdk/src/rp2_common/hardware_clocks/clocks.c.obj
 .comment       0x0000000000000049       0x4a CMakeFiles/lab06.dir/Users/abhinavsinha/pico/pico-sdk/src/rp2_common/hardware_irq/irq.c.obj
 .comment       0x0000000000000049       0x4a CMakeFiles/lab06.dir/Users/abhinavsinha/pico/pico-sdk/src/rp2_common/hardware_pll/pll.c.obj
 .comment       0x0000000000000049       0x4a CMakeFiles/lab06.dir/Users/abhinavsinha/pico/pico-sdk/src/rp2_common/hardware_watchdog/watchdog.c.obj
 .comment       0x0000000000000049       0x4a CMakeFiles/lab06.dir/Users/abhinavsinha/pico/pico-sdk/src/rp2_common/hardware_xosc/xosc.c.obj
 .comment       0x0000000000000049       0x4a CMakeFiles/lab06.dir/Users/abhinavsinha/pico/pico-sdk/src/rp2_common/pico_printf/printf.c.obj
 .comment       0x0000000000000049       0x4a CMakeFiles/lab06.dir/Users/abhinavsinha/pico/pico-sdk/src/rp2_common/pico_bootrom/bootrom.c.obj
 .comment       0x0000000000000049       0x4a CMakeFiles/lab06.dir/Users/abhinavsinha/pico/pico-sdk/src/rp2_common/pico_double/double_init_rom.c.obj
 .comment       0x0000000000000049       0x4a CMakeFiles/lab06.dir/Users/abhinavsinha/pico/pico-sdk/src/rp2_common/pico_float/float_init_rom.c.obj
 .comment       0x0000000000000049       0x4a CMakeFiles/lab06.dir/Users/abhinavsinha/pico/pico-sdk/src/rp2_common/pico_malloc/pico_malloc.c.obj
 .comment       0x0000000000000049       0x4a CMakeFiles/lab06.dir/Users/abhinavsinha/pico/pico-sdk/src/rp2_common/pico_standard_link/binary_info.c.obj
 .comment       0x0000000000000049       0x4a CMakeFiles/lab06.dir/Users/abhinavsinha/pico/pico-sdk/src/rp2_common/pico_stdio/stdio.c.obj
 .comment       0x0000000000000049       0x4a CMakeFiles/lab06.dir/Users/abhinavsinha/pico/pico-sdk/src/rp2_common/pico_stdio_uart/stdio_uart.c.obj
 .comment       0x0000000000000049       0x4a CMakeFiles/lab06.dir/Users/abhinavsinha/pico/pico-sdk/src/rp2_common/pico_multicore/multicore.c.obj

.debug_info     0x0000000000000000    0x15bca
 .debug_info    0x0000000000000000      0x7ae CMakeFiles/lab06.dir/lab06.c.obj
 .debug_info    0x00000000000007ae     0x1491 CMakeFiles/lab06.dir/Users/abhinavsinha/pico/pico-sdk/src/rp2_common/hardware_gpio/gpio.c.obj
 .debug_info    0x0000000000001c3f      0x6bb CMakeFiles/lab06.dir/Users/abhinavsinha/pico/pico-sdk/src/rp2_common/hardware_claim/claim.c.obj
 .debug_info    0x00000000000022fa      0x1e3 CMakeFiles/lab06.dir/Users/abhinavsinha/pico/pico-sdk/src/rp2_common/pico_platform/platform.c.obj
 .debug_info    0x00000000000024dd      0x58e CMakeFiles/lab06.dir/Users/abhinavsinha/pico/pico-sdk/src/rp2_common/hardware_sync/sync.c.obj
 .debug_info    0x0000000000002a6b      0xb65 CMakeFiles/lab06.dir/Users/abhinavsinha/pico/pico-sdk/src/rp2_common/hardware_uart/uart.c.obj
 .debug_info    0x00000000000035d0     0x3b3b CMakeFiles/lab06.dir/Users/abhinavsinha/pico/pico-sdk/src/common/pico_time/time.c.obj
 .debug_info    0x000000000000710b     0x1134 CMakeFiles/lab06.dir/Users/abhinavsinha/pico/pico-sdk/src/rp2_common/hardware_timer/timer.c.obj
 .debug_info    0x000000000000823f      0x1a4 CMakeFiles/lab06.dir/Users/abhinavsinha/pico/pico-sdk/src/common/pico_sync/lock_core.c.obj
 .debug_info    0x00000000000083e3     0x2022 CMakeFiles/lab06.dir/Users/abhinavsinha/pico/pico-sdk/src/common/pico_sync/mutex.c.obj
 .debug_info    0x000000000000a405     0x120c CMakeFiles/lab06.dir/Users/abhinavsinha/pico/pico-sdk/src/common/pico_util/pheap.c.obj
 .debug_info    0x000000000000b611      0xa87 CMakeFiles/lab06.dir/Users/abhinavsinha/pico/pico-sdk/src/rp2_common/pico_runtime/runtime.c.obj
 .debug_info    0x000000000000c098      0xf6c CMakeFiles/lab06.dir/Users/abhinavsinha/pico/pico-sdk/src/rp2_common/hardware_clocks/clocks.c.obj
 .debug_info    0x000000000000d004     0x1968 CMakeFiles/lab06.dir/Users/abhinavsinha/pico/pico-sdk/src/rp2_common/hardware_irq/irq.c.obj
 .debug_info    0x000000000000e96c      0x51b CMakeFiles/lab06.dir/Users/abhinavsinha/pico/pico-sdk/src/rp2_common/hardware_pll/pll.c.obj
 .debug_info    0x000000000000ee87      0x4ee CMakeFiles/lab06.dir/Users/abhinavsinha/pico/pico-sdk/src/rp2_common/hardware_watchdog/watchdog.c.obj
 .debug_info    0x000000000000f375      0x1d8 CMakeFiles/lab06.dir/Users/abhinavsinha/pico/pico-sdk/src/rp2_common/hardware_xosc/xosc.c.obj
 .debug_info    0x000000000000f54d     0x1a5f CMakeFiles/lab06.dir/Users/abhinavsinha/pico/pico-sdk/src/rp2_common/pico_printf/printf.c.obj
 .debug_info    0x0000000000010fac       0x22 CMakeFiles/lab06.dir/Users/abhinavsinha/pico/pico-sdk/src/rp2_common/pico_bit_ops/bit_ops_aeabi.S.obj
 .debug_info    0x0000000000010fce      0x27c CMakeFiles/lab06.dir/Users/abhinavsinha/pico/pico-sdk/src/rp2_common/pico_bootrom/bootrom.c.obj
 .debug_info    0x000000000001124a       0x22 CMakeFiles/lab06.dir/Users/abhinavsinha/pico/pico-sdk/src/rp2_common/pico_divider/divider.S.obj
 .debug_info    0x000000000001126c       0x22 CMakeFiles/lab06.dir/Users/abhinavsinha/pico/pico-sdk/src/rp2_common/pico_double/double_aeabi.S.obj
 .debug_info    0x000000000001128e      0x2d1 CMakeFiles/lab06.dir/Users/abhinavsinha/pico/pico-sdk/src/rp2_common/pico_double/double_init_rom.c.obj
 .debug_info    0x000000000001155f       0x22 CMakeFiles/lab06.dir/Users/abhinavsinha/pico/pico-sdk/src/rp2_common/pico_double/double_v1_rom_shim.S.obj
 .debug_info    0x0000000000011581       0x22 CMakeFiles/lab06.dir/Users/abhinavsinha/pico/pico-sdk/src/rp2_common/pico_float/float_aeabi.S.obj
 .debug_info    0x00000000000115a3      0x2eb CMakeFiles/lab06.dir/Users/abhinavsinha/pico/pico-sdk/src/rp2_common/pico_float/float_init_rom.c.obj
 .debug_info    0x000000000001188e       0x22 CMakeFiles/lab06.dir/Users/abhinavsinha/pico/pico-sdk/src/rp2_common/pico_float/float_v1_rom_shim.S.obj
 .debug_info    0x00000000000118b0      0x3c3 CMakeFiles/lab06.dir/Users/abhinavsinha/pico/pico-sdk/src/rp2_common/pico_malloc/pico_malloc.c.obj
 .debug_info    0x0000000000011c73       0x22 CMakeFiles/lab06.dir/Users/abhinavsinha/pico/pico-sdk/src/rp2_common/pico_mem_ops/mem_ops_aeabi.S.obj
 .debug_info    0x0000000000011c95       0x22 CMakeFiles/lab06.dir/Users/abhinavsinha/pico/pico-sdk/src/rp2_common/pico_standard_link/crt0.S.obj
 .debug_info    0x0000000000011cb7      0x327 CMakeFiles/lab06.dir/Users/abhinavsinha/pico/pico-sdk/src/rp2_common/pico_standard_link/binary_info.c.obj
 .debug_info    0x0000000000011fde     0x12ed CMakeFiles/lab06.dir/Users/abhinavsinha/pico/pico-sdk/src/rp2_common/pico_stdio/stdio.c.obj
 .debug_info    0x00000000000132cb      0xc41 CMakeFiles/lab06.dir/Users/abhinavsinha/pico/pico-sdk/src/rp2_common/pico_stdio_uart/stdio_uart.c.obj
 .debug_info    0x0000000000013f0c     0x1cbe CMakeFiles/lab06.dir/Users/abhinavsinha/pico/pico-sdk/src/rp2_common/pico_multicore/multicore.c.obj

.debug_abbrev   0x0000000000000000     0x4599
 .debug_abbrev  0x0000000000000000      0x1e7 CMakeFiles/lab06.dir/lab06.c.obj
 .debug_abbrev  0x00000000000001e7      0x2c4 CMakeFiles/lab06.dir/Users/abhinavsinha/pico/pico-sdk/src/rp2_common/hardware_gpio/gpio.c.obj
 .debug_abbrev  0x00000000000004ab      0x2e9 CMakeFiles/lab06.dir/Users/abhinavsinha/pico/pico-sdk/src/rp2_common/hardware_claim/claim.c.obj
 .debug_abbrev  0x0000000000000794       0xeb CMakeFiles/lab06.dir/Users/abhinavsinha/pico/pico-sdk/src/rp2_common/pico_platform/platform.c.obj
 .debug_abbrev  0x000000000000087f      0x21b CMakeFiles/lab06.dir/Users/abhinavsinha/pico/pico-sdk/src/rp2_common/hardware_sync/sync.c.obj
 .debug_abbrev  0x0000000000000a9a      0x2d2 CMakeFiles/lab06.dir/Users/abhinavsinha/pico/pico-sdk/src/rp2_common/hardware_uart/uart.c.obj
 .debug_abbrev  0x0000000000000d6c      0x54d CMakeFiles/lab06.dir/Users/abhinavsinha/pico/pico-sdk/src/common/pico_time/time.c.obj
 .debug_abbrev  0x00000000000012b9      0x3a2 CMakeFiles/lab06.dir/Users/abhinavsinha/pico/pico-sdk/src/rp2_common/hardware_timer/timer.c.obj
 .debug_abbrev  0x000000000000165b      0x116 CMakeFiles/lab06.dir/Users/abhinavsinha/pico/pico-sdk/src/common/pico_sync/lock_core.c.obj
 .debug_abbrev  0x0000000000001771      0x386 CMakeFiles/lab06.dir/Users/abhinavsinha/pico/pico-sdk/src/common/pico_sync/mutex.c.obj
 .debug_abbrev  0x0000000000001af7      0x297 CMakeFiles/lab06.dir/Users/abhinavsinha/pico/pico-sdk/src/common/pico_util/pheap.c.obj
 .debug_abbrev  0x0000000000001d8e      0x3aa CMakeFiles/lab06.dir/Users/abhinavsinha/pico/pico-sdk/src/rp2_common/pico_runtime/runtime.c.obj
 .debug_abbrev  0x0000000000002138      0x3a5 CMakeFiles/lab06.dir/Users/abhinavsinha/pico/pico-sdk/src/rp2_common/hardware_clocks/clocks.c.obj
 .debug_abbrev  0x00000000000024dd      0x4cd CMakeFiles/lab06.dir/Users/abhinavsinha/pico/pico-sdk/src/rp2_common/hardware_irq/irq.c.obj
 .debug_abbrev  0x00000000000029aa      0x1ea CMakeFiles/lab06.dir/Users/abhinavsinha/pico/pico-sdk/src/rp2_common/hardware_pll/pll.c.obj
 .debug_abbrev  0x0000000000002b94      0x1a8 CMakeFiles/lab06.dir/Users/abhinavsinha/pico/pico-sdk/src/rp2_common/hardware_watchdog/watchdog.c.obj
 .debug_abbrev  0x0000000000002d3c      0x109 CMakeFiles/lab06.dir/Users/abhinavsinha/pico/pico-sdk/src/rp2_common/hardware_xosc/xosc.c.obj
 .debug_abbrev  0x0000000000002e45      0x384 CMakeFiles/lab06.dir/Users/abhinavsinha/pico/pico-sdk/src/rp2_common/pico_printf/printf.c.obj
 .debug_abbrev  0x00000000000031c9       0x12 CMakeFiles/lab06.dir/Users/abhinavsinha/pico/pico-sdk/src/rp2_common/pico_bit_ops/bit_ops_aeabi.S.obj
 .debug_abbrev  0x00000000000031db      0x13b CMakeFiles/lab06.dir/Users/abhinavsinha/pico/pico-sdk/src/rp2_common/pico_bootrom/bootrom.c.obj
 .debug_abbrev  0x0000000000003316       0x12 CMakeFiles/lab06.dir/Users/abhinavsinha/pico/pico-sdk/src/rp2_common/pico_divider/divider.S.obj
 .debug_abbrev  0x0000000000003328       0x12 CMakeFiles/lab06.dir/Users/abhinavsinha/pico/pico-sdk/src/rp2_common/pico_double/double_aeabi.S.obj
 .debug_abbrev  0x000000000000333a      0x179 CMakeFiles/lab06.dir/Users/abhinavsinha/pico/pico-sdk/src/rp2_common/pico_double/double_init_rom.c.obj
 .debug_abbrev  0x00000000000034b3       0x12 CMakeFiles/lab06.dir/Users/abhinavsinha/pico/pico-sdk/src/rp2_common/pico_double/double_v1_rom_shim.S.obj
 .debug_abbrev  0x00000000000034c5       0x12 CMakeFiles/lab06.dir/Users/abhinavsinha/pico/pico-sdk/src/rp2_common/pico_float/float_aeabi.S.obj
 .debug_abbrev  0x00000000000034d7      0x18c CMakeFiles/lab06.dir/Users/abhinavsinha/pico/pico-sdk/src/rp2_common/pico_float/float_init_rom.c.obj
 .debug_abbrev  0x0000000000003663       0x12 CMakeFiles/lab06.dir/Users/abhinavsinha/pico/pico-sdk/src/rp2_common/pico_float/float_v1_rom_shim.S.obj
 .debug_abbrev  0x0000000000003675      0x1cf CMakeFiles/lab06.dir/Users/abhinavsinha/pico/pico-sdk/src/rp2_common/pico_malloc/pico_malloc.c.obj
 .debug_abbrev  0x0000000000003844       0x12 CMakeFiles/lab06.dir/Users/abhinavsinha/pico/pico-sdk/src/rp2_common/pico_mem_ops/mem_ops_aeabi.S.obj
 .debug_abbrev  0x0000000000003856       0x12 CMakeFiles/lab06.dir/Users/abhinavsinha/pico/pico-sdk/src/rp2_common/pico_standard_link/crt0.S.obj
 .debug_abbrev  0x0000000000003868       0xad CMakeFiles/lab06.dir/Users/abhinavsinha/pico/pico-sdk/src/rp2_common/pico_standard_link/binary_info.c.obj
 .debug_abbrev  0x0000000000003915      0x4a7 CMakeFiles/lab06.dir/Users/abhinavsinha/pico/pico-sdk/src/rp2_common/pico_stdio/stdio.c.obj
 .debug_abbrev  0x0000000000003dbc      0x386 CMakeFiles/lab06.dir/Users/abhinavsinha/pico/pico-sdk/src/rp2_common/pico_stdio_uart/stdio_uart.c.obj
 .debug_abbrev  0x0000000000004142      0x457 CMakeFiles/lab06.dir/Users/abhinavsinha/pico/pico-sdk/src/rp2_common/pico_multicore/multicore.c.obj

.debug_loc      0x0000000000000000     0xe856
 .debug_loc     0x0000000000000000      0x29c CMakeFiles/lab06.dir/lab06.c.obj
 .debug_loc     0x000000000000029c      0xede CMakeFiles/lab06.dir/Users/abhinavsinha/pico/pico-sdk/src/rp2_common/hardware_gpio/gpio.c.obj
 .debug_loc     0x000000000000117a      0x45f CMakeFiles/lab06.dir/Users/abhinavsinha/pico/pico-sdk/src/rp2_common/hardware_claim/claim.c.obj
 .debug_loc     0x00000000000015d9       0xe9 CMakeFiles/lab06.dir/Users/abhinavsinha/pico/pico-sdk/src/rp2_common/pico_platform/platform.c.obj
 .debug_loc     0x00000000000016c2      0x233 CMakeFiles/lab06.dir/Users/abhinavsinha/pico/pico-sdk/src/rp2_common/hardware_sync/sync.c.obj
 .debug_loc     0x00000000000018f5      0x520 CMakeFiles/lab06.dir/Users/abhinavsinha/pico/pico-sdk/src/rp2_common/hardware_uart/uart.c.obj
 .debug_loc     0x0000000000001e15     0x2e2a CMakeFiles/lab06.dir/Users/abhinavsinha/pico/pico-sdk/src/common/pico_time/time.c.obj
 .debug_loc     0x0000000000004c3f      0x952 CMakeFiles/lab06.dir/Users/abhinavsinha/pico/pico-sdk/src/rp2_common/hardware_timer/timer.c.obj
 .debug_loc     0x0000000000005591       0x60 CMakeFiles/lab06.dir/Users/abhinavsinha/pico/pico-sdk/src/common/pico_sync/lock_core.c.obj
 .debug_loc     0x00000000000055f1     0x1469 CMakeFiles/lab06.dir/Users/abhinavsinha/pico/pico-sdk/src/common/pico_sync/mutex.c.obj
 .debug_loc     0x0000000000006a5a     0x1439 CMakeFiles/lab06.dir/Users/abhinavsinha/pico/pico-sdk/src/common/pico_util/pheap.c.obj
 .debug_loc     0x0000000000007e93      0x3f0 CMakeFiles/lab06.dir/Users/abhinavsinha/pico/pico-sdk/src/rp2_common/pico_runtime/runtime.c.obj
 .debug_loc     0x0000000000008283      0x7eb CMakeFiles/lab06.dir/Users/abhinavsinha/pico/pico-sdk/src/rp2_common/hardware_clocks/clocks.c.obj
 .debug_loc     0x0000000000008a6e     0x1274 CMakeFiles/lab06.dir/Users/abhinavsinha/pico/pico-sdk/src/rp2_common/hardware_irq/irq.c.obj
 .debug_loc     0x0000000000009ce2      0x300 CMakeFiles/lab06.dir/Users/abhinavsinha/pico/pico-sdk/src/rp2_common/hardware_pll/pll.c.obj
 .debug_loc     0x0000000000009fe2      0x2ec CMakeFiles/lab06.dir/Users/abhinavsinha/pico/pico-sdk/src/rp2_common/hardware_watchdog/watchdog.c.obj
 .debug_loc     0x000000000000a2ce       0x71 CMakeFiles/lab06.dir/Users/abhinavsinha/pico/pico-sdk/src/rp2_common/hardware_xosc/xosc.c.obj
 .debug_loc     0x000000000000a33f     0x2095 CMakeFiles/lab06.dir/Users/abhinavsinha/pico/pico-sdk/src/rp2_common/pico_printf/printf.c.obj
 .debug_loc     0x000000000000c3d4      0x1a1 CMakeFiles/lab06.dir/Users/abhinavsinha/pico/pico-sdk/src/rp2_common/pico_bootrom/bootrom.c.obj
 .debug_loc     0x000000000000c575       0x59 CMakeFiles/lab06.dir/Users/abhinavsinha/pico/pico-sdk/src/rp2_common/pico_double/double_init_rom.c.obj