Archive member included to satisfy reference by file (symbol)

/usr/local/Cellar/arm-none-eabi-gcc/10.3-2021.07/gcc/bin/../lib/gcc/arm-none-eabi/10.3.1/thumb/v6-m/nofp/libgcc.a(_dvmd_tls.o)
                              CMakeFiles/lab05.dir/Users/abhinavsinha/pico/pico-sdk/src/rp2_common/pico_divider/divider.S.obj (__aeabi_idiv0)
/usr/local/Cellar/arm-none-eabi-gcc/10.3-2021.07/gcc/bin/../lib/gcc/arm-none-eabi/10.3.1/../../../../arm-none-eabi/lib/thumb/v6-m/nofp/libg.a(lib_a-calloc.o)
                              CMakeFiles/lab05.dir/Users/abhinavsinha/pico/pico-sdk/src/rp2_common/pico_malloc/pico_malloc.c.obj (calloc)
/usr/local/Cellar/arm-none-eabi-gcc/10.3-2021.07/gcc/bin/../lib/gcc/arm-none-eabi/10.3.1/../../../../arm-none-eabi/lib/thumb/v6-m/nofp/libg.a(lib_a-callocr.o)
                              /usr/local/Cellar/arm-none-eabi-gcc/10.3-2021.07/gcc/bin/../lib/gcc/arm-none-eabi/10.3.1/../../../../arm-none-eabi/lib/thumb/v6-m/nofp/libg.a(lib_a-calloc.o) (_calloc_r)
/usr/local/Cellar/arm-none-eabi-gcc/10.3-2021.07/gcc/bin/../lib/gcc/arm-none-eabi/10.3.1/../../../../arm-none-eabi/lib/thumb/v6-m/nofp/libg.a(lib_a-errno.o)
                              /usr/local/Cellar/arm-none-eabi-gcc/10.3-2021.07/gcc/bin/../lib/gcc/arm-none-eabi/10.3.1/../../../../arm-none-eabi/lib/thumb/v6-m/nofp/libg.a(lib_a-callocr.o) (__errno)
/usr/local/Cellar/arm-none-eabi-gcc/10.3-2021.07/gcc/bin/../lib/gcc/arm-none-eabi/10.3.1/../../../../arm-none-eabi/lib/thumb/v6-m/nofp/libg.a(lib_a-impure.o)
                              /usr/local/Cellar/arm-none-eabi-gcc/10.3-2021.07/gcc/bin/../lib/gcc/arm-none-eabi/10.3.1/../../../../arm-none-eabi/lib/thumb/v6-m/nofp/libg.a(lib_a-calloc.o) (_impure_ptr)
/usr/local/Cellar/arm-none-eabi-gcc/10.3-2021.07/gcc/bin/../lib/gcc/arm-none-eabi/10.3.1/../../../../arm-none-eabi/lib/thumb/v6-m/nofp/libg.a(lib_a-init.o)
                              /usr/local/Cellar/arm-none-eabi-gcc/10.3-2021.07/gcc/bin/../lib/gcc/arm-none-eabi/10.3.1/../../../../arm-none-eabi/lib/thumb/v6-m/nofp/crt0.o (__libc_init_array)
/usr/local/Cellar/arm-none-eabi-gcc/10.3-2021.07/gcc/bin/../lib/gcc/arm-none-eabi/10.3.1/../../../../arm-none-eabi/lib/thumb/v6-m/nofp/libg.a(lib_a-malloc.o)
                              CMakeFiles/lab05.dir/Users/abhinavsinha/pico/pico-sdk/src/rp2_common/pico_malloc/pico_malloc.c.obj (malloc)
/usr/local/Cellar/arm-none-eabi-gcc/10.3-2021.07/gcc/bin/../lib/gcc/arm-none-eabi/10.3.1/../../../../arm-none-eabi/lib/thumb/v6-m/nofp/libg.a(lib_a-mallocr.o)
                              /usr/local/Cellar/arm-none-eabi-gcc/10.3-2021.07/gcc/bin/../lib/gcc/arm-none-eabi/10.3.1/../../../../arm-none-eabi/lib/thumb/v6-m/nofp/libg.a(lib_a-callocr.o) (_malloc_r)
/usr/local/Cellar/arm-none-eabi-gcc/10.3-2021.07/gcc/bin/../lib/gcc/arm-none-eabi/10.3.1/../../../../arm-none-eabi/lib/thumb/v6-m/nofp/libg.a(lib_a-mlock.o)
                              /usr/local/Cellar/arm-none-eabi-gcc/10.3-2021.07/gcc/bin/../lib/gcc/arm-none-eabi/10.3.1/../../../../arm-none-eabi/lib/thumb/v6-m/nofp/libg.a(lib_a-mallocr.o) (__malloc_lock)
/usr/local/Cellar/arm-none-eabi-gcc/10.3-2021.07/gcc/bin/../lib/gcc/arm-none-eabi/10.3.1/../../../../arm-none-eabi/lib/thumb/v6-m/nofp/libg.a(lib_a-sbrkr.o)
                              /usr/local/Cellar/arm-none-eabi-gcc/10.3-2021.07/gcc/bin/../lib/gcc/arm-none-eabi/10.3.1/../../../../arm-none-eabi/lib/thumb/v6-m/nofp/libg.a(lib_a-mallocr.o) (_sbrk_r)
/usr/local/Cellar/arm-none-eabi-gcc/10.3-2021.07/gcc/bin/../lib/gcc/arm-none-eabi/10.3.1/../../../../arm-none-eabi/lib/thumb/v6-m/nofp/libg.a(lib_a-strlen-stub.o)
                              CMakeFiles/lab05.dir/Users/abhinavsinha/pico/pico-sdk/src/rp2_common/pico_stdio/stdio.c.obj (strlen)
/usr/local/Cellar/arm-none-eabi-gcc/10.3-2021.07/gcc/bin/../lib/gcc/arm-none-eabi/10.3.1/../../../../arm-none-eabi/lib/thumb/v6-m/nofp/libg.a(lib_a-freer.o)
                              /usr/local/Cellar/arm-none-eabi-gcc/10.3-2021.07/gcc/bin/../lib/gcc/arm-none-eabi/10.3.1/../../../../arm-none-eabi/lib/thumb/v6-m/nofp/libg.a(lib_a-malloc.o) (_free_r)
/usr/local/Cellar/arm-none-eabi-gcc/10.3-2021.07/gcc/bin/../lib/gcc/arm-none-eabi/10.3.1/../../../../arm-none-eabi/lib/thumb/v6-m/nofp/libg.a(lib_a-lock.o)
                              /usr/local/Cellar/arm-none-eabi-gcc/10.3-2021.07/gcc/bin/../lib/gcc/arm-none-eabi/10.3.1/../../../../arm-none-eabi/lib/thumb/v6-m/nofp/libg.a(lib_a-mlock.o) (__retarget_lock_acquire_recursive)
/usr/local/Cellar/arm-none-eabi-gcc/10.3-2021.07/gcc/bin/../lib/gcc/arm-none-eabi/10.3.1/../../../../arm-none-eabi/lib/thumb/v6-m/nofp/libg.a(lib_a-reent.o)
                              /usr/local/Cellar/arm-none-eabi-gcc/10.3-2021.07/gcc/bin/../lib/gcc/arm-none-eabi/10.3.1/../../../../arm-none-eabi/lib/thumb/v6-m/nofp/libg.a(lib_a-sbrkr.o) (errno)

Discarded input sections

 .text          0x0000000000000000        0x0 /usr/local/Cellar/arm-none-eabi-gcc/10.3-2021.07/gcc/bin/../lib/gcc/arm-none-eabi/10.3.1/thumb/v6-m/nofp/crti.o
[...]
Memory Configuration

Name             Origin             Length             Attributes
FLASH            0x0000000010000000 0x0000000000200000 xr
RAM              0x0000000020000000 0x0000000000040000 xrw
SCRATCH_X        0x0000000020040000 0x0000000000001000 xrw
SCRATCH_Y        0x0000000020041000 0x0000000000001000 xrw
*default*        0x0000000000000000 0xffffffffffffffff

Linker script and memory map

LOAD /usr/local/Cellar/arm-none-eabi-gcc/10.3-2021.07/gcc/bin/../lib/gcc/arm-none-eabi/10.3.1/thumb/v6-m/nofp/crti.o
LOAD /usr/local/Cellar/arm-none-eabi-gcc/10.3-2021.07/gcc/bin/../lib/gcc/arm-none-eabi/10.3.1/thumb/v6-m/nofp/crtbegin.o
LOAD /usr/local/Cellar/arm-none-eabi-gcc/10.3-2021.07/gcc/bin/../lib/gcc/arm-none-eabi/10.3.1/../../../../arm-none-eabi/lib/thumb/v6-m/nofp/crt0.o

.flash_begin    0x0000000010000000        0x0
                0x0000000010000000                __flash_binary_start = .

.boot2          0x0000000010000000      0x100
                0x0000000010000000                __boot2_start__ = .
 *(.boot2)
 .boot2         0x0000000010000000      0x100 /var/folders/lz/hcc81f1d27g1pv9918wtrd6m0000gn/T//ccpKOjPT.o
                0x0000000010000100                __boot2_end__ = .
                0x0000000000000001                ASSERT (((__boot2_end__ - __boot2_start__) == 0x100), ERROR: Pico second stage bootloader must be 256 bytes in size)

.text           0x0000000010000100     0x4068
                0x0000000010000100                __logical_binary_start = .
 *(.vectors)
 .vectors       0x0000000010000100       0xd4 CMakeFiles/lab05.dir/Users/abhinavsinha/pico/pico-sdk/src/rp2_common/pico_standard_link/crt0.S.obj
                0x0000000010000100                __VECTOR_TABLE
                0x0000000010000100                __vectors
                0x00000000100001c0                __default_isrs_start
                0x00000000100001c0                isr_invalid
                0x00000000100001c2                isr_nmi
                0x00000000100001c4                isr_hardfault
                0x00000000100001c6                isr_svcall
                0x00000000100001c8                isr_pendsv
                0x00000000100001ca                isr_systick
                0x00000000100001cc                isr_irq28
                0x00000000100001cc                isr_irq19
                0x00000000100001cc                isr_irq0
                0x00000000100001cc                isr_irq6
                0x00000000100001cc                isr_irq22
                0x00000000100001cc                isr_irq17
                0x00000000100001cc                isr_irq14
                0x00000000100001cc                isr_irq2
                0x00000000100001cc                isr_irq10
                0x00000000100001cc                isr_irq8
                0x00000000100001cc                isr_irq24
                0x00000000100001cc                isr_irq1
                0x00000000100001cc                isr_irq7
                0x00000000100001cc                isr_irq21
                0x00000000100001cc                isr_irq20
                0x00000000100001cc                isr_irq15
                0x00000000100001cc                isr_irq25
                0x00000000100001cc                isr_irq4
                0x00000000100001cc                isr_irq16
                0x00000000100001cc                isr_irq29
                0x00000000100001cc                isr_irq26
                0x00000000100001cc                __default_isrs_end
                0x00000000100001cc                isr_irq3
                0x00000000100001cc                isr_irq9
                0x00000000100001cc                __unhandled_user_irq
                0x00000000100001cc                isr_irq13
                0x00000000100001cc                isr_irq27
                0x00000000100001cc                isr_irq31
                0x00000000100001cc                isr_irq5
                0x00000000100001cc                isr_irq11
                0x00000000100001cc                isr_irq23
                0x00000000100001cc                isr_irq18
                0x00000000100001cc                isr_irq30
                0x00000000100001cc                isr_irq12
                0x00000000100001d2                unhandled_user_irq_num_in_r0
 *(.binary_info_header)
 .binary_info_header
                0x00000000100001d4       0x14 CMakeFiles/lab05.dir/Users/abhinavsinha/pico/pico-sdk/src/rp2_common/pico_standard_link/crt0.S.obj
                0x00000000100001e8                __binary_info_header_end = .
 *(.reset)
 .reset         0x00000000100001e8       0xa8 CMakeFiles/lab05.dir/Users/abhinavsinha/pico/pico-sdk/src/rp2_common/pico_standard_link/crt0.S.obj
                0x00000000100001e8                _entry_point
                0x0000000010000266                __get_current_exception
 .reset         0x0000000010000290       0x30 CMakeFiles/lab05.dir/Users/abhinavsinha/pico/pico-sdk/src/rp2_common/pico_standard_link/binary_info.c.obj
 *(.init)
 .init          0x00000000100002c0        0x4 /usr/local/Cellar/arm-none-eabi-gcc/10.3-2021.07/gcc/bin/../lib/gcc/arm-none-eabi/10.3.1/thumb/v6-m/nofp/crti.o
                0x00000000100002c0                _init
 *(EXCLUDE_FILE(*libm.a: *libc.a:*lib_a-mem*.o *libgcc.a:) .text*)
 .text          0x00000000100002c4       0x48 /usr/local/Cellar/arm-none-eabi-gcc/10.3-2021.07/gcc/bin/../lib/gcc/arm-none-eabi/10.3.1/thumb/v6-m/nofp/crtbegin.o
 .text.asm_gpio_init
                0x000000001000030c        0x8 CMakeFiles/lab05.dir/lab05.c.obj
                0x000000001000030c                asm_gpio_init
 .text.asm_gpio_set_dir
                0x0000000010000314       0x18 CMakeFiles/lab05.dir/lab05.c.obj
                0x0000000010000314                asm_gpio_set_dir
 .text.asm_gpio_put
                0x000000001000032c       0x18 CMakeFiles/lab05.dir/lab05.c.obj
                0x000000001000032c                asm_gpio_put
 .text.main     0x0000000010000344        0xa CMakeFiles/lab05.dir/lab05.c.obj
                0x0000000010000344                main
 *fill*         0x000000001000034e        0x2 
 .text          0x0000000010000350       0x88 CMakeFiles/lab05.dir/lab05.S.obj
                0x0000000010000350                main_asm
 .text.gpio_set_function
                0x00000000100003d8       0x30 CMakeFiles/lab05.dir/Users/abhinavsinha/pico/pico-sdk/src/rp2_common/hardware_gpio/gpio.c.obj
                0x00000000100003d8                gpio_set_function
 .text.gpio_init
                0x0000000010000408       0x16 CMakeFiles/lab05.dir/Users/abhinavsinha/pico/pico-sdk/src/rp2_common/hardware_gpio/gpio.c.obj
                0x0000000010000408                gpio_init
 *fill*         0x000000001000041e        0x2 
 .text.hw_claim_lock
                0x0000000010000420       0x18 CMakeFiles/lab05.dir/Users/abhinavsinha/pico/pico-sdk/src/rp2_common/hardware_claim/claim.c.obj
                0x0000000010000420                hw_claim_lock
 .text.hw_claim_unlock
                0x0000000010000438       0x14 CMakeFiles/lab05.dir/Users/abhinavsinha/pico/pico-sdk/src/rp2_common/hardware_claim/claim.c.obj
                0x0000000010000438                hw_claim_unlock
 .text.hw_claim_or_assert
                0x000000001000044c       0x32 CMakeFiles/lab05.dir/Users/abhinavsinha/pico/pico-sdk/src/rp2_common/hardware_claim/claim.c.obj
                0x000000001000044c                hw_claim_or_assert
 *fill*         0x000000001000047e        0x2 
 .text.running_on_fpga
                0x0000000010000480       0x14 CMakeFiles/lab05.dir/Users/abhinavsinha/pico/pico-sdk/src/rp2_common/pico_platform/platform.c.obj
                0x0000000010000480                running_on_fpga
 .text.spin_locks_reset
                0x0000000010000494       0x20 CMakeFiles/lab05.dir/Users/abhinavsinha/pico/pico-sdk/src/rp2_common/hardware_sync/sync.c.obj
                0x0000000010000494                spin_locks_reset
 .text.next_striped_spin_lock_num
                0x00000000100004b4       0x1c CMakeFiles/lab05.dir/Users/abhinavsinha/pico/pico-sdk/src/rp2_common/hardware_sync/sync.c.obj
                0x00000000100004b4                next_striped_spin_lock_num
 .text.alarm_pool_post_alloc_init
                0x00000000100004d0       0x40 CMakeFiles/lab05.dir/Users/abhinavsinha/pico/pico-sdk/src/common/pico_time/time.c.obj
 .text.sleep_until_callback
                0x0000000010000510       0x30 CMakeFiles/lab05.dir/Users/abhinavsinha/pico/pico-sdk/src/common/pico_time/time.c.obj
 .text.timer_pool_entry_comparator
                0x0000000010000540       0x7c CMakeFiles/lab05.dir/Users/abhinavsinha/pico/pico-sdk/src/common/pico_time/time.c.obj
                0x0000000010000540                timer_pool_entry_comparator
 .text.ph_add_child_node
                0x00000000100005bc       0xa4 CMakeFiles/lab05.dir/Users/abhinavsinha/pico/pico-sdk/src/common/pico_time/time.c.obj
 .text.ph_merge_nodes
                0x0000000010000660       0x3e CMakeFiles/lab05.dir/Users/abhinavsinha/pico/pico-sdk/src/common/pico_time/time.c.obj
 *fill*         0x000000001000069e        0x2 
 .text.add_alarm_under_lock
                0x00000000100006a0      0x174 CMakeFiles/lab05.dir/Users/abhinavsinha/pico/pico-sdk/src/common/pico_time/time.c.obj
 .text.alarm_pool_alarm_callback
                0x0000000010000814      0x328 CMakeFiles/lab05.dir/Users/abhinavsinha/pico/pico-sdk/src/common/pico_time/time.c.obj
 .text.alarm_pool_init_default
                0x0000000010000b3c       0x38 CMakeFiles/lab05.dir/Users/abhinavsinha/pico/pico-sdk/src/common/pico_time/time.c.obj
                0x0000000010000b3c                alarm_pool_init_default
 .text.alarm_pool_get_default
                0x0000000010000b74       0x2c CMakeFiles/lab05.dir/Users/abhinavsinha/pico/pico-sdk/src/common/pico_time/time.c.obj
                0x0000000010000b74                alarm_pool_get_default
 .text.alarm_pool_add_alarm_at
                0x0000000010000ba0      0x170 CMakeFiles/lab05.dir/Users/abhinavsinha/pico/pico-sdk/src/common/pico_time/time.c.obj
                0x0000000010000ba0                alarm_pool_add_alarm_at
 .text.sleep_until
                0x0000000010000d10       0xfc CMakeFiles/lab05.dir/Users/abhinavsinha/pico/pico-sdk/src/common/pico_time/time.c.obj
                0x0000000010000d10                sleep_until
 .text.sleep_us
                0x0000000010000e0c       0x58 CMakeFiles/lab05.dir/Users/abhinavsinha/pico/pico-sdk/src/common/pico_time/time.c.obj
                0x0000000010000e0c                sleep_us
 .text.sleep_ms
                0x0000000010000e64       0x14 CMakeFiles/lab05.dir/Users/abhinavsinha/pico/pico-sdk/src/common/pico_time/time.c.obj
                0x0000000010000e64                sleep_ms
 .text.hardware_alarm_irq_handler
                0x0000000010000e78       0x8c CMakeFiles/lab05.dir/Users/abhinavsinha/pico/pico-sdk/src/rp2_common/hardware_timer/timer.c.obj
 .text.hardware_alarm_claim
                0x0000000010000f04       0x18 CMakeFiles/lab05.dir/Users/abhinavsinha/pico/pico-sdk/src/rp2_common/hardware_timer/timer.c.obj
                0x0000000010000f04                hardware_alarm_claim
 .text.time_us_64
                0x0000000010000f1c       0x18 CMakeFiles/lab05.dir/Users/abhinavsinha/pico/pico-sdk/src/rp2_common/hardware_timer/timer.c.obj
                0x0000000010000f1c                time_us_64
 .text.busy_wait_until
                0x0000000010000f34       0x28 CMakeFiles/lab05.dir/Users/abhinavsinha/pico/pico-sdk/src/rp2_common/hardware_timer/timer.c.obj
                0x0000000010000f34                busy_wait_until
 .text.hardware_alarm_set_callback
                0x0000000010000f5c       0x90 CMakeFiles/lab05.dir/Users/abhinavsinha/pico/pico-sdk/src/rp2_common/hardware_timer/timer.c.obj
                0x0000000010000f5c                hardware_alarm_set_callback
 .text.hardware_alarm_set_target
                0x0000000010000fec       0xe8 CMakeFiles/lab05.dir/Users/abhinavsinha/pico/pico-sdk/src/rp2_common/hardware_timer/timer.c.obj
                0x0000000010000fec                hardware_alarm_set_target
 .text.hardware_alarm_cancel
                0x00000000100010d4       0x40 CMakeFiles/lab05.dir/Users/abhinavsinha/pico/pico-sdk/src/rp2_common/hardware_timer/timer.c.obj
                0x00000000100010d4                hardware_alarm_cancel
 .text.lock_init
                0x0000000010001114       0x10 CMakeFiles/lab05.dir/Users/abhinavsinha/pico/pico-sdk/src/common/pico_sync/lock_core.c.obj
                0x0000000010001114                lock_init
 .text.mutex_init
                0x0000000010001124       0x1a CMakeFiles/lab05.dir/Users/abhinavsinha/pico/pico-sdk/src/common/pico_sync/mutex.c.obj
                0x0000000010001124                mutex_init
 .text.recursive_mutex_init
                0x000000001000113e       0x1e CMakeFiles/lab05.dir/Users/abhinavsinha/pico/pico-sdk/src/common/pico_sync/mutex.c.obj
                0x000000001000113e                recursive_mutex_init
 .text.ph_add_child_node
                0x000000001000115c       0xa4 CMakeFiles/lab05.dir/Users/abhinavsinha/pico/pico-sdk/src/common/pico_util/pheap.c.obj
 .text.ph_merge_nodes
                0x0000000010001200       0x3e CMakeFiles/lab05.dir/Users/abhinavsinha/pico/pico-sdk/src/common/pico_util/pheap.c.obj
 *fill*         0x000000001000123e        0x2 
 .text.ph_clear
                0x0000000010001240       0x70 CMakeFiles/lab05.dir/Users/abhinavsinha/pico/pico-sdk/src/common/pico_util/pheap.c.obj
                0x0000000010001240                ph_clear
 .text.ph_post_alloc_init
                0x00000000100012b0        0xe CMakeFiles/lab05.dir/Users/abhinavsinha/pico/pico-sdk/src/common/pico_util/pheap.c.obj
                0x00000000100012b0                ph_post_alloc_init
 *fill*         0x00000000100012be        0x2 
 .text.ph_merge_two_pass
                0x00000000100012c0       0xa8 CMakeFiles/lab05.dir/Users/abhinavsinha/pico/pico-sdk/src/common/pico_util/pheap.c.obj
                0x00000000100012c0                ph_merge_two_pass
 .text.ph_remove_any_head
                0x0000000010001368      0x108 CMakeFiles/lab05.dir/Users/abhinavsinha/pico/pico-sdk/src/common/pico_util/pheap.c.obj
 .text.ph_remove_head
                0x0000000010001470       0x14 CMakeFiles/lab05.dir/Users/abhinavsinha/pico/pico-sdk/src/common/pico_util/pheap.c.obj
                0x0000000010001470                ph_remove_head
 .text.ph_remove_and_free_node
                0x0000000010001484       0xf8 CMakeFiles/lab05.dir/Users/abhinavsinha/pico/pico-sdk/src/common/pico_util/pheap.c.obj
                0x0000000010001484                ph_remove_and_free_node
 .text._exit    0x000000001000157c        0x4 CMakeFiles/lab05.dir/Users/abhinavsinha/pico/pico-sdk/src/rp2_common/pico_runtime/runtime.c.obj
                0x000000001000157c                _exit
 .text.exit     0x0000000010001580        0x6 CMakeFiles/lab05.dir/Users/abhinavsinha/pico/pico-sdk/src/rp2_common/pico_runtime/runtime.c.obj
                0x0000000010001580                exit
 *fill*         0x0000000010001586        0x2 
 .text.__assert_func
                0x0000000010001588       0x3c CMakeFiles/lab05.dir/Users/abhinavsinha/pico/pico-sdk/src/rp2_common/pico_runtime/runtime.c.obj
                0x0000000010001588                __assert_func
 .text.runtime_init
                0x00000000100015c4       0xf8 CMakeFiles/lab05.dir/Users/abhinavsinha/pico/pico-sdk/src/rp2_common/pico_runtime/runtime.c.obj
                0x00000000100015c4                runtime_init
 .text.panic    0x00000000100016bc       0x30 CMakeFiles/lab05.dir/Users/abhinavsinha/pico/pico-sdk/src/rp2_common/pico_runtime/runtime.c.obj
                0x00000000100016bc                panic
 .text.clock_configure
                0x00000000100016ec      0x104 CMakeFiles/lab05.dir/Users/abhinavsinha/pico/pico-sdk/src/rp2_common/hardware_clocks/clocks.c.obj
                0x00000000100016ec                clock_configure
 .text.clocks_init
                0x00000000100017f0      0x100 CMakeFiles/lab05.dir/Users/abhinavsinha/pico/pico-sdk/src/rp2_common/hardware_clocks/clocks.c.obj
                0x00000000100017f0                clocks_init
 .text.set_raw_irq_handler_and_unlock
                0x00000000100018f0       0x28 CMakeFiles/lab05.dir/Users/abhinavsinha/pico/pico-sdk/src/rp2_common/hardware_irq/irq.c.obj
 .text.make_branch
                0x0000000010001918       0x34 CMakeFiles/lab05.dir/Users/abhinavsinha/pico/pico-sdk/src/rp2_common/hardware_irq/irq.c.obj
 .text.insert_branch_and_link
                0x000000001000194c       0x40 CMakeFiles/lab05.dir/Users/abhinavsinha/pico/pico-sdk/src/rp2_common/hardware_irq/irq.c.obj
 .text.irq_is_enabled
                0x000000001000198c       0x18 CMakeFiles/lab05.dir/Users/abhinavsinha/pico/pico-sdk/src/rp2_common/hardware_irq/irq.c.obj
                0x000000001000198c                irq_is_enabled
 .text.irq_set_mask_enabled
                0x00000000100019a4       0x20 CMakeFiles/lab05.dir/Users/abhinavsinha/pico/pico-sdk/src/rp2_common/hardware_irq/irq.c.obj
                0x00000000100019a4                irq_set_mask_enabled
 .text.irq_set_enabled
                0x00000000100019c4        0xe CMakeFiles/lab05.dir/Users/abhinavsinha/pico/pico-sdk/src/rp2_common/hardware_irq/irq.c.obj
                0x00000000100019c4                irq_set_enabled
 *fill*         0x00000000100019d2        0x2 
 .text.irq_get_vtable_handler
                0x00000000100019d4       0x10 CMakeFiles/lab05.dir/Users/abhinavsinha/pico/pico-sdk/src/rp2_common/hardware_irq/irq.c.obj
                0x00000000100019d4                irq_get_vtable_handler
 .text.irq_set_exclusive_handler
                0x00000000100019e4       0x54 CMakeFiles/lab05.dir/Users/abhinavsinha/pico/pico-sdk/src/rp2_common/hardware_irq/irq.c.obj
                0x00000000100019e4                irq_set_exclusive_handler
 .text.irq_remove_handler
                0x0000000010001a38      0x1ac CMakeFiles/lab05.dir/Users/abhinavsinha/pico/pico-sdk/src/rp2_common/hardware_irq/irq.c.obj
                0x0000000010001a38                irq_remove_handler
 .text.irq_add_tail_to_free_list
                0x0000000010001be4       0xf0 CMakeFiles/lab05.dir/Users/abhinavsinha/pico/pico-sdk/src/rp2_common/hardware_irq/irq.c.obj
                0x0000000010001be4                irq_add_tail_to_free_list
 .text.irq_init_priorities
                0x0000000010001cd4       0x1c CMakeFiles/lab05.dir/Users/abhinavsinha/pico/pico-sdk/src/rp2_common/hardware_irq/irq.c.obj
                0x0000000010001cd4                irq_init_priorities
 .text.pll_init
                0x0000000010001cf0      0x118 CMakeFiles/lab05.dir/Users/abhinavsinha/pico/pico-sdk/src/rp2_common/hardware_pll/pll.c.obj
                0x0000000010001cf0                pll_init
 .text.watchdog_start_tick
                0x0000000010001e08       0x10 CMakeFiles/lab05.dir/Users/abhinavsinha/pico/pico-sdk/src/rp2_common/hardware_watchdog/watchdog.c.obj
                0x0000000010001e08                watchdog_start_tick
 .text.xosc_init
                0x0000000010001e18       0x28 CMakeFiles/lab05.dir/Users/abhinavsinha/pico/pico-sdk/src/rp2_common/hardware_xosc/xosc.c.obj
                0x0000000010001e18                xosc_init
 .text._out_null
                0x0000000010001e40        0x2 CMakeFiles/lab05.dir/Users/abhinavsinha/pico/pico-sdk/src/rp2_common/pico_printf/printf.c.obj
 .text._out_fct
                0x0000000010001e42        0xe CMakeFiles/lab05.dir/Users/abhinavsinha/pico/pico-sdk/src/rp2_common/pico_printf/printf.c.obj
 .text._atoi    0x0000000010001e50       0x24 CMakeFiles/lab05.dir/Users/abhinavsinha/pico/pico-sdk/src/rp2_common/pico_printf/printf.c.obj
 .text._out_rev
                0x0000000010001e74       0xae CMakeFiles/lab05.dir/Users/abhinavsinha/pico/pico-sdk/src/rp2_common/pico_printf/printf.c.obj
 .text._ntoa_format
                0x0000000010001f22      0x112 CMakeFiles/lab05.dir/Users/abhinavsinha/pico/pico-sdk/src/rp2_common/pico_printf/printf.c.obj
 .text._ntoa_long
                0x0000000010002034       0xbc CMakeFiles/lab05.dir/Users/abhinavsinha/pico/pico-sdk/src/rp2_common/pico_printf/printf.c.obj
 .text._ntoa_long_long
                0x00000000100020f0       0xe2 CMakeFiles/lab05.dir/Users/abhinavsinha/pico/pico-sdk/src/rp2_common/pico_printf/printf.c.obj
 *fill*         0x00000000100021d2        0x2 
 .text._etoa    0x00000000100021d4      0x414 CMakeFiles/lab05.dir/Users/abhinavsinha/pico/pico-sdk/src/rp2_common/pico_printf/printf.c.obj
 .text._ftoa    0x00000000100025e8      0x354 CMakeFiles/lab05.dir/Users/abhinavsinha/pico/pico-sdk/src/rp2_common/pico_printf/printf.c.obj
 .text._vsnprintf
                0x000000001000293c      0x624 CMakeFiles/lab05.dir/Users/abhinavsinha/pico/pico-sdk/src/rp2_common/pico_printf/printf.c.obj
 .text.vfctprintf
                0x0000000010002f60       0x20 CMakeFiles/lab05.dir/Users/abhinavsinha/pico/pico-sdk/src/rp2_common/pico_printf/printf.c.obj
                0x0000000010002f60                vfctprintf
 .text          0x0000000010002f80       0x10 CMakeFiles/lab05.dir/Users/abhinavsinha/pico/pico-sdk/src/rp2_common/pico_bit_ops/bit_ops_aeabi.S.obj
 .text.rom_func_lookup
                0x0000000010002f90       0x10 CMakeFiles/lab05.dir/Users/abhinavsinha/pico/pico-sdk/src/rp2_common/pico_bootrom/bootrom.c.obj
                0x0000000010002f90                rom_func_lookup
 .text.rom_data_lookup
                0x0000000010002fa0       0x10 CMakeFiles/lab05.dir/Users/abhinavsinha/pico/pico-sdk/src/rp2_common/pico_bootrom/bootrom.c.obj
                0x0000000010002fa0                rom_data_lookup
 .text.rom_funcs_lookup
                0x0000000010002fb0       0x36 CMakeFiles/lab05.dir/Users/abhinavsinha/pico/pico-sdk/src/rp2_common/pico_bootrom/bootrom.c.obj
                0x0000000010002fb0                rom_funcs_lookup
 *fill*         0x0000000010002fe6        0x2 
 .text.__wrap___aeabi_idiv
                0x0000000010002fe8       0x50 CMakeFiles/lab05.dir/Users/abhinavsinha/pico/pico-sdk/src/rp2_common/pico_divider/divider.S.obj
                0x0000000010002fe8                __wrap___aeabi_idivmod
                0x0000000010002fe8                divmod_s32s32
                0x0000000010002fe8                div_s32s32
                0x0000000010002fe8                __wrap___aeabi_idiv
                0x0000000010002ff0                divmod_s32s32_unsafe
                0x000000001000301c                divmod_s32s32_savestate
 .text.__wrap___aeabi_uidiv
                0x0000000010003038       0x4c CMakeFiles/lab05.dir/Users/abhinavsinha/pico/pico-sdk/src/rp2_common/pico_divider/divider.S.obj
                0x0000000010003038                __wrap___aeabi_uidiv
                0x0000000010003038                __wrap___aeabi_uidivmod
                0x0000000010003038                div_u32u32
                0x0000000010003038                divmod_u32u32
                0x0000000010003040                divmod_u32u32_unsafe
                0x0000000010003068                divmod_u32u32_savestate
 .text.__wrap___aeabi_ldiv
                0x0000000010003084      0x434 CMakeFiles/lab05.dir/Users/abhinavsinha/pico/pico-sdk/src/rp2_common/pico_divider/divider.S.obj
                0x0000000010003084                __wrap___aeabi_ldivmod
                0x0000000010003084                div_s64s64
                0x0000000010003084                divmod_s64s64
                0x00000000100030bc                divmod_u64u64
                0x00000000100030bc                div_u64u64
                0x00000000100030bc                __wrap___aeabi_uldivmod
                0x00000000100030cc                divmod_u64u64_savestate
                0x00000000100030f4                divmod_s64s64_unsafe
                0x000000001000317c                divmod_u64u64_unsafe
 .text.__wrap___aeabi_darithmetic
                0x00000000100034b8       0x80 CMakeFiles/lab05.dir/Users/abhinavsinha/pico/pico-sdk/src/rp2_common/pico_double/double_aeabi.S.obj
                0x00000000100034b8                __wrap___aeabi_drsub
                0x00000000100034be                __wrap___aeabi_dsub
                0x00000000100034d0                __wrap___aeabi_dadd
                0x00000000100034e2                __wrap___aeabi_ddiv
                0x000000001000351e                __wrap___aeabi_dmul
 .text.__wrap___aeabi_cdcmple
                0x0000000010003538       0x6c CMakeFiles/lab05.dir/Users/abhinavsinha/pico/pico-sdk/src/rp2_common/pico_double/double_aeabi.S.obj
                0x0000000010003538                __wrap___aeabi_cdrcmple
                0x0000000010003548                __wrap___aeabi_cdcmple
                0x0000000010003548                __wrap___aeabi_cdcmpeq
 .text.__wrap___aeabi_dcmplt
                0x00000000100035a4        0xc CMakeFiles/lab05.dir/Users/abhinavsinha/pico/pico-sdk/src/rp2_common/pico_double/double_aeabi.S.obj
                0x00000000100035a4                __wrap___aeabi_dcmplt
 .text.__wrap___aeabi_dcmple
                0x00000000100035b0       0x10 CMakeFiles/lab05.dir/Users/abhinavsinha/pico/pico-sdk/src/rp2_common/pico_double/double_aeabi.S.obj
                0x00000000100035b0                __wrap___aeabi_dcmple
 .text.__wrap___aeabi_dcmpge
                0x00000000100035c0       0x10 CMakeFiles/lab05.dir/Users/abhinavsinha/pico/pico-sdk/src/rp2_common/pico_double/double_aeabi.S.obj
                0x00000000100035c0                __wrap___aeabi_dcmpge
 .text.__wrap___aeabi_dcmpgt
                0x00000000100035d0        0xa CMakeFiles/lab05.dir/Users/abhinavsinha/pico/pico-sdk/src/rp2_common/pico_double/double_aeabi.S.obj
                0x00000000100035d0                __wrap___aeabi_dcmpgt
 .text.__wrap___aeabi_dcmpun
                0x00000000100035da       0x1c CMakeFiles/lab05.dir/Users/abhinavsinha/pico/pico-sdk/src/rp2_common/pico_double/double_aeabi.S.obj
                0x00000000100035da                __wrap___aeabi_dcmpun
 *fill*         0x00000000100035f6        0x2 
 .text.__wrap___aeabi_i2d
                0x00000000100035f8       0x38 CMakeFiles/lab05.dir/Users/abhinavsinha/pico/pico-sdk/src/rp2_common/pico_double/double_aeabi.S.obj
                0x00000000100035f8                __wrap___aeabi_ui2d
                0x0000000010003600                __wrap___aeabi_i2d
 .text.__wrap___aeabi_d2iz
                0x0000000010003630       0x48 CMakeFiles/lab05.dir/Users/abhinavsinha/pico/pico-sdk/src/rp2_common/pico_double/double_aeabi.S.obj
                0x0000000010003630                __wrap___aeabi_d2iz
                0x0000000010003630                double2int_z
 .text.__wrap___aeabi_d2uiz
                0x0000000010003678       0x18 CMakeFiles/lab05.dir/Users/abhinavsinha/pico/pico-sdk/src/rp2_common/pico_double/double_aeabi.S.obj
                0x0000000010003678                double2uint
                0x0000000010003678                __wrap___aeabi_d2uiz
 .text.__aeabi_double_init
                0x0000000010003690       0xc8 CMakeFiles/lab05.dir/Users/abhinavsinha/pico/pico-sdk/src/rp2_common/pico_double/double_init_rom.c.obj
                0x0000000010003690                __aeabi_double_init
 .text.double_table_shim_on_use_helper
                0x0000000010003758       0x34 CMakeFiles/lab05.dir/Users/abhinavsinha/pico/pico-sdk/src/rp2_common/pico_double/double_v1_rom_shim.S.obj
                0x0000000010003758                double_table_shim_on_use_helper
 .text.__wrap___aeabi_dsub
                0x000000001000378c       0x10 CMakeFiles/lab05.dir/Users/abhinavsinha/pico/pico-sdk/src/rp2_common/pico_double/double_v1_rom_shim.S.obj
                0x000000001000378c                drsub_shim
                0x0000000010003792                dsub_shim
 .text.dadd_shim
                0x000000001000379c      0x15c CMakeFiles/lab05.dir/Users/abhinavsinha/pico/pico-sdk/src/rp2_common/pico_double/double_v1_rom_shim.S.obj
                0x000000001000379c                dadd_shim
 .text.dmul_shim
                0x00000000100038f8      0x15c CMakeFiles/lab05.dir/Users/abhinavsinha/pico/pico-sdk/src/rp2_common/pico_double/double_v1_rom_shim.S.obj
                0x00000000100038f8                dmul_shim
 .text.ddiv_shim
                0x0000000010003a54      0x1b0 CMakeFiles/lab05.dir/Users/abhinavsinha/pico/pico-sdk/src/rp2_common/pico_double/double_v1_rom_shim.S.obj
                0x0000000010003a54                ddiv_shim
 .text.double2uint_shim
                0x0000000010003c04        0xe CMakeFiles/lab05.dir/Users/abhinavsinha/pico/pico-sdk/src/rp2_common/pico_double/double_v1_rom_shim.S.obj
                0x0000000010003c04                double2uint_shim
                0x0000000010003c06                double2ufix_shim
 *fill*         0x0000000010003c12        0x2 
 .text.double2uint64_shim
                0x0000000010003c14       0x70 CMakeFiles/lab05.dir/Users/abhinavsinha/pico/pico-sdk/src/rp2_common/pico_double/double_v1_rom_shim.S.obj
                0x0000000010003c14                double2uint64_shim
                0x0000000010003c16                double2ufix64_shim
                0x0000000010003c36                d2fix_a
 .text.dunpacks
                0x0000000010003c84       0x3c CMakeFiles/lab05.dir/Users/abhinavsinha/pico/pico-sdk/src/rp2_common/pico_double/double_v1_rom_shim.S.obj
                0x0000000010003c84                dunpacks
 .text.__aeabi_lmul
                0x0000000010003cc0       0x32 CMakeFiles/lab05.dir/Users/abhinavsinha/pico/pico-sdk/src/rp2_common/pico_int64_ops/pico_int64_ops_aeabi.S.obj
                0x0000000010003cc0                __wrap___aeabi_lmul
 *fill*         0x0000000010003cf2        0x2 
 .text.__aeabi_float_init
                0x0000000010003cf4       0xfc CMakeFiles/lab05.dir/Users/abhinavsinha/pico/pico-sdk/src/rp2_common/pico_float/float_init_rom.c.obj
                0x0000000010003cf4                __aeabi_float_init
 .text.float_table_shim_on_use_helper
                0x0000000010003df0       0x34 CMakeFiles/lab05.dir/Users/abhinavsinha/pico/pico-sdk/src/rp2_common/pico_float/float_v1_rom_shim.S.obj
                0x0000000010003df0                float_table_shim_on_use_helper
 .text          0x0000000010003e24       0x10 CMakeFiles/lab05.dir/Users/abhinavsinha/pico/pico-sdk/src/rp2_common/pico_mem_ops/mem_ops_aeabi.S.obj
                0x0000000010003e24                __aeabi_mem_init
 .text.memset   0x0000000010003e34        0xc CMakeFiles/lab05.dir/Users/abhinavsinha/pico/pico-sdk/src/rp2_common/pico_mem_ops/mem_ops_aeabi.S.obj
                0x0000000010003e34                __wrap_memset
 .text.memcpy   0x0000000010003e40        0xc CMakeFiles/lab05.dir/Users/abhinavsinha/pico/pico-sdk/src/rp2_common/pico_mem_ops/mem_ops_aeabi.S.obj
                0x0000000010003e40                __wrap___aeabi_memcpy
                0x0000000010003e40                __wrap_memcpy
 .text.stdio_out_chars_no_crlf
                0x0000000010003e4c        0xe CMakeFiles/lab05.dir/Users/abhinavsinha/pico/pico-sdk/src/rp2_common/pico_stdio/stdio.c.obj
 *fill*         0x0000000010003e5a        0x2 
 .text.stdio_out_chars_crlf
                0x0000000010003e5c       0x80 CMakeFiles/lab05.dir/Users/abhinavsinha/pico/pico-sdk/src/rp2_common/pico_stdio/stdio.c.obj
 .text.stdio_stack_buffer_flush
                0x0000000010003edc       0x44 CMakeFiles/lab05.dir/Users/abhinavsinha/pico/pico-sdk/src/rp2_common/pico_stdio/stdio.c.obj
 .text.stdio_buffered_printer
                0x0000000010003f20       0x20 CMakeFiles/lab05.dir/Users/abhinavsinha/pico/pico-sdk/src/rp2_common/pico_stdio/stdio.c.obj
 .text.stdout_serialize_begin
                0x0000000010003f40       0x30 CMakeFiles/lab05.dir/Users/abhinavsinha/pico/pico-sdk/src/rp2_common/pico_stdio/stdio.c.obj
                0x0000000010003f40                stdout_serialize_begin
 .text.stdout_serialize_end
                0x0000000010003f70       0x10 CMakeFiles/lab05.dir/Users/abhinavsinha/pico/pico-sdk/src/rp2_common/pico_stdio/stdio.c.obj
                0x0000000010003f70                stdout_serialize_end
 .text.stdio_put_string
                0x0000000010003f80       0x98 CMakeFiles/lab05.dir/Users/abhinavsinha/pico/pico-sdk/src/rp2_common/pico_stdio/stdio.c.obj
 .text.stdio_flush
                0x0000000010004018       0x20 CMakeFiles/lab05.dir/Users/abhinavsinha/pico/pico-sdk/src/rp2_common/pico_stdio/stdio.c.obj
                0x0000000010004018                stdio_flush
 .text.__wrap_puts
                0x0000000010004038       0x1e CMakeFiles/lab05.dir/Users/abhinavsinha/pico/pico-sdk/src/rp2_common/pico_stdio/stdio.c.obj
                0x0000000010004038                __wrap_puts
 *fill*         0x0000000010004056        0x2 
 .text.__wrap_vprintf
                0x0000000010004058       0x44 CMakeFiles/lab05.dir/Users/abhinavsinha/pico/pico-sdk/src/rp2_common/pico_stdio/stdio.c.obj
                0x0000000010004058                __wrap_vprintf
 .text.__wrap_printf
                0x000000001000409c       0x18 CMakeFiles/lab05.dir/Users/abhinavsinha/pico/pico-sdk/src/rp2_common/pico_stdio/stdio.c.obj
                0x000000001000409c                __wrap_printf
 .text.strlen   0x00000000100040b4       0x5c /usr/local/Cellar/arm-none-eabi-gcc/10.3-2021.07/gcc/bin/../lib/gcc/arm-none-eabi/10.3.1/../../../../arm-none-eabi/lib/thumb/v6-m/nofp/libg.a(lib_a-strlen-stub.o)
                0x00000000100040b4                strlen
 *(.fini)
 .fini          0x0000000010004110        0x4 /usr/local/Cellar/arm-none-eabi-gcc/10.3-2021.07/gcc/bin/../lib/gcc/arm-none-eabi/10.3.1/thumb/v6-m/nofp/crti.o
                0x0000000010004110                _fini
 *fill*         0x0000000010004114        0x4 
 .fini.__stub   0x0000000010004118       0x50 linker stubs
 *crtbegin.o(.ctors)
 *crtbegin?.o(.ctors)
 *(EXCLUDE_FILE(*crtend.o *crtend?.o) .ctors)
 *(SORT_BY_NAME(.ctors.*))
 *(.ctors)
 *crtbegin.o(.dtors)
 *crtbegin?.o(.dtors)
 *(EXCLUDE_FILE(*crtend.o *crtend?.o) .dtors)
 *(SORT_BY_NAME(.dtors.*))
 *(.dtors)
 *(.eh_frame*)
 .eh_frame      0x0000000010004168        0x0 /usr/local/Cellar/arm-none-eabi-gcc/10.3-2021.07/gcc/bin/../lib/gcc/arm-none-eabi/10.3.1/thumb/v6-m/nofp/crtbegin.o
                0x0000000010004168                . = ALIGN (0x4)

.glue_7         0x0000000010004168        0x0
 .glue_7        0x0000000010004168        0x0 linker stubs

.glue_7t        0x0000000010004168        0x0
 .glue_7t       0x0000000010004168        0x0 linker stubs

.vfp11_veneer   0x0000000010004168        0x0
 .vfp11_veneer  0x0000000010004168        0x0 linker stubs

.v4_bx          0x0000000010004168        0x0
 .v4_bx         0x0000000010004168        0x0 linker stubs

.iplt           0x0000000010004168        0x0
 .iplt          0x0000000010004168        0x0 /usr/local/Cellar/arm-none-eabi-gcc/10.3-2021.07/gcc/bin/../lib/gcc/arm-none-eabi/10.3.1/thumb/v6-m/nofp/crtbegin.o

.rodata         0x0000000010004168      0xe84
 *(EXCLUDE_FILE(*libm.a: *libc.a:*lib_a-mem*.o *libgcc.a:) .rodata*)
 .rodata.repeating_timer_callback.str1.4
                0x0000000010004168       0x52 CMakeFiles/lab05.dir/Users/abhinavsinha/pico/pico-sdk/src/common/pico_time/time.c.obj
 *fill*         0x00000000100041ba        0x2 
 .rodata.alarm_pool_dump_key.str1.4
                0x00000000100041bc       0x33 CMakeFiles/lab05.dir/Users/abhinavsinha/pico/pico-sdk/src/common/pico_time/time.c.obj
 *fill*         0x00000000100041ef        0x1 
 .rodata.ph_add_child_node.str1.4
                0x00000000100041f0       0x9e CMakeFiles/lab05.dir/Users/abhinavsinha/pico/pico-sdk/src/common/pico_time/time.c.obj
 *fill*         0x000000001000428e        0x2 
 .rodata.add_alarm_under_lock.str1.4
                0x0000000010004290       0x28 CMakeFiles/lab05.dir/Users/abhinavsinha/pico/pico-sdk/src/common/pico_time/time.c.obj
                                         0x2b (size before relaxing)
 .rodata.alarm_pool_alarm_callback.str1.4
                0x00000000100042b8       0xea CMakeFiles/lab05.dir/Users/abhinavsinha/pico/pico-sdk/src/common/pico_time/time.c.obj
 *fill*         0x00000000100043a2        0x2 
 .rodata.alarm_pool_get_default.str1.4
                0x00000000100043a4       0x21 CMakeFiles/lab05.dir/Users/abhinavsinha/pico/pico-sdk/src/common/pico_time/time.c.obj
 *fill*         0x00000000100043c5        0x3 
 .rodata.sleep_until.str1.4
                0x00000000100043c8       0x4d CMakeFiles/lab05.dir/Users/abhinavsinha/pico/pico-sdk/src/common/pico_time/time.c.obj
 *fill*         0x0000000010004415        0x3 
 .rodata.__func__.10
                0x0000000010004418       0x15 CMakeFiles/lab05.dir/Users/abhinavsinha/pico/pico-sdk/src/common/pico_time/time.c.obj
 *fill*         0x000000001000442d        0x3 
 .rodata.__func__.11
                0x0000000010004430       0x1a CMakeFiles/lab05.dir/Users/abhinavsinha/pico/pico-sdk/src/common/pico_time/time.c.obj
 *fill*         0x000000001000444a        0x2 
 .rodata.__func__.12
                0x000000001000444c        0xa CMakeFiles/lab05.dir/Users/abhinavsinha/pico/pico-sdk/src/common/pico_time/time.c.obj
 *fill*         0x0000000010004456        0x2 
 .rodata.__func__.3
                0x0000000010004458       0x17 CMakeFiles/lab05.dir/Users/abhinavsinha/pico/pico-sdk/src/common/pico_time/time.c.obj
 *fill*         0x000000001000446f        0x1 
 .rodata.__func__.4
                0x0000000010004470       0x12 CMakeFiles/lab05.dir/Users/abhinavsinha/pico/pico-sdk/src/common/pico_time/time.c.obj
 *fill*         0x0000000010004482        0x2 
 .rodata.__func__.5
                0x0000000010004484        0xd CMakeFiles/lab05.dir/Users/abhinavsinha/pico/pico-sdk/src/common/pico_time/time.c.obj
 *fill*         0x0000000010004491        0x3 
 .rodata.__func__.6
                0x0000000010004494       0x12 CMakeFiles/lab05.dir/Users/abhinavsinha/pico/pico-sdk/src/common/pico_time/time.c.obj
 *fill*         0x00000000100044a6        0x2 
 .rodata.__func__.7
                0x00000000100044a8        0xf CMakeFiles/lab05.dir/Users/abhinavsinha/pico/pico-sdk/src/common/pico_time/time.c.obj
 *fill*         0x00000000100044b7        0x1 
 .rodata.__func__.8
                0x00000000100044b8        0xc CMakeFiles/lab05.dir/Users/abhinavsinha/pico/pico-sdk/src/common/pico_time/time.c.obj
 .rodata.__func__.9
                0x00000000100044c4       0x15 CMakeFiles/lab05.dir/Users/abhinavsinha/pico/pico-sdk/src/common/pico_time/time.c.obj
 *fill*         0x00000000100044d9        0x3 
 .rodata.hardware_alarm_claim.str1.4
                0x00000000100044dc       0x22 CMakeFiles/lab05.dir/Users/abhinavsinha/pico/pico-sdk/src/rp2_common/hardware_timer/timer.c.obj
 *fill*         0x00000000100044fe        0x2 
 .rodata.hardware_alarm_set_target.str1.4
                0x0000000010004500       0x6c CMakeFiles/lab05.dir/Users/abhinavsinha/pico/pico-sdk/src/rp2_common/hardware_timer/timer.c.obj
 .rodata.__func__.0
                0x000000001000456c       0x1a CMakeFiles/lab05.dir/Users/abhinavsinha/pico/pico-sdk/src/rp2_common/hardware_timer/timer.c.obj
 *fill*         0x0000000010004586        0x2 
 .rodata.str1.4
                0x0000000010004588       0x91 CMakeFiles/lab05.dir/Users/abhinavsinha/pico/pico-sdk/src/common/pico_sync/mutex.c.obj
                                         0xf9 (size before relaxing)
 *fill*         0x0000000010004619        0x3 
 .rodata.__func__.1
                0x000000001000461c        0xb CMakeFiles/lab05.dir/Users/abhinavsinha/pico/pico-sdk/src/common/pico_sync/mutex.c.obj
 .rodata.ph_add_child_node.str1.4
                0x0000000010004627       0x9e CMakeFiles/lab05.dir/Users/abhinavsinha/pico/pico-sdk/src/common/pico_util/pheap.c.obj
 *fill*         0x0000000010004627        0x1 
 .rodata.ph_remove_any_head.str1.4
                0x0000000010004628       0x94 CMakeFiles/lab05.dir/Users/abhinavsinha/pico/pico-sdk/src/common/pico_util/pheap.c.obj
 .rodata.ph_remove_and_free_node.str1.4
                0x00000000100046bc       0x26 CMakeFiles/lab05.dir/Users/abhinavsinha/pico/pico-sdk/src/common/pico_util/pheap.c.obj
 *fill*         0x00000000100046e2        0x2 
 .rodata.__func__.0
                0x00000000100046e4       0x18 CMakeFiles/lab05.dir/Users/abhinavsinha/pico/pico-sdk/src/common/pico_util/pheap.c.obj
 .rodata.__func__.1
                0x00000000100046fc       0x13 CMakeFiles/lab05.dir/Users/abhinavsinha/pico/pico-sdk/src/common/pico_util/pheap.c.obj
 *fill*         0x000000001000470f        0x1 
 .rodata.__func__.2
                0x0000000010004710       0x12 CMakeFiles/lab05.dir/Users/abhinavsinha/pico/pico-sdk/src/common/pico_util/pheap.c.obj
 *fill*         0x0000000010004722        0x2 
 .rodata.__func__.3
                0x0000000010004724        0xc CMakeFiles/lab05.dir/Users/abhinavsinha/pico/pico-sdk/src/common/pico_util/pheap.c.obj
 .rodata.__assert_func.str1.4
                0x0000000010004730       0x3f CMakeFiles/lab05.dir/Users/abhinavsinha/pico/pico-sdk/src/rp2_common/pico_runtime/runtime.c.obj
                                         0x43 (size before relaxing)
 *fill*         0x000000001000476f        0x1 
 .rodata.runtime_init.str1.4
                0x0000000010004770       0x68 CMakeFiles/lab05.dir/Users/abhinavsinha/pico/pico-sdk/src/rp2_common/pico_runtime/runtime.c.obj
 .rodata.panic.str1.4
                0x00000000100047d8       0x12 CMakeFiles/lab05.dir/Users/abhinavsinha/pico/pico-sdk/src/rp2_common/pico_runtime/runtime.c.obj
 *fill*         0x00000000100047ea        0x2 
 .rodata.__func__.1
                0x00000000100047ec        0xd CMakeFiles/lab05.dir/Users/abhinavsinha/pico/pico-sdk/src/rp2_common/pico_runtime/runtime.c.obj
 *fill*         0x00000000100047f9        0x3 
 .rodata.clock_configure.str1.4
                0x00000000100047fc       0x5e CMakeFiles/lab05.dir/Users/abhinavsinha/pico/pico-sdk/src/rp2_common/hardware_clocks/clocks.c.obj
 *fill*         0x000000001000485a        0x2 
 .rodata.__func__.1
                0x000000001000485c       0x10 CMakeFiles/lab05.dir/Users/abhinavsinha/pico/pico-sdk/src/rp2_common/hardware_clocks/clocks.c.obj
 .rodata.make_branch.str1.4
                0x000000001000486c       0x54 CMakeFiles/lab05.dir/Users/abhinavsinha/pico/pico-sdk/src/rp2_common/hardware_irq/irq.c.obj
 .rodata.irq_set_exclusive_handler.str1.4
                0x00000000100048c0       0x36 CMakeFiles/lab05.dir/Users/abhinavsinha/pico/pico-sdk/src/rp2_common/hardware_irq/irq.c.obj
 *fill*         0x00000000100048f6        0x2 
 .rodata.irq_add_shared_handler.str1.4
                0x00000000100048f8       0xd9 CMakeFiles/lab05.dir/Users/abhinavsinha/pico/pico-sdk/src/rp2_common/hardware_irq/irq.c.obj
 *fill*         0x00000000100049d1        0x3 
 .rodata.irq_remove_handler.str1.4
                0x00000000100049d4       0x2a CMakeFiles/lab05.dir/Users/abhinavsinha/pico/pico-sdk/src/rp2_common/hardware_irq/irq.c.obj
 *fill*         0x00000000100049fe        0x2 
 .rodata.irq_add_tail_to_free_list.str1.4
                0x0000000010004a00       0x32 CMakeFiles/lab05.dir/Users/abhinavsinha/pico/pico-sdk/src/rp2_common/hardware_irq/irq.c.obj
                                         0x3a (size before relaxing)
 *fill*         0x0000000010004a32        0x2 
 .rodata.__func__.0
                0x0000000010004a34       0x1a CMakeFiles/lab05.dir/Users/abhinavsinha/pico/pico-sdk/src/rp2_common/hardware_irq/irq.c.obj
 *fill*         0x0000000010004a4e        0x2 
 .rodata.__func__.1
                0x0000000010004a50       0x17 CMakeFiles/lab05.dir/Users/abhinavsinha/pico/pico-sdk/src/rp2_common/hardware_irq/irq.c.obj
 *fill*         0x0000000010004a67        0x1 
 .rodata.__func__.2
                0x0000000010004a68       0x13 CMakeFiles/lab05.dir/Users/abhinavsinha/pico/pico-sdk/src/rp2_common/hardware_irq/irq.c.obj
 *fill*         0x0000000010004a7b        0x1 
 .rodata.__func__.3
                0x0000000010004a7c        0xc CMakeFiles/lab05.dir/Users/abhinavsinha/pico/pico-sdk/src/rp2_common/hardware_irq/irq.c.obj
 .rodata.__func__.4
                0x0000000010004a88        0xf CMakeFiles/lab05.dir/Users/abhinavsinha/pico/pico-sdk/src/rp2_common/hardware_irq/irq.c.obj
 *fill*         0x0000000010004a97        0x1 
 .rodata.__func__.6
                0x0000000010004a98       0x1a CMakeFiles/lab05.dir/Users/abhinavsinha/pico/pico-sdk/src/rp2_common/hardware_irq/irq.c.obj
 *fill*         0x0000000010004ab2        0x2 
 .rodata.pll_init.str1.4
                0x0000000010004ab4       0xdf CMakeFiles/lab05.dir/Users/abhinavsinha/pico/pico-sdk/src/rp2_common/hardware_pll/pll.c.obj
 *fill*         0x0000000010004b93        0x1 
 .rodata.__func__.0
                0x0000000010004b94        0x9 CMakeFiles/lab05.dir/Users/abhinavsinha/pico/pico-sdk/src/rp2_common/hardware_pll/pll.c.obj
 *fill*         0x0000000010004b9d        0x3 
 .rodata._ftoa.str1.4
                0x0000000010004ba0       0x15 CMakeFiles/lab05.dir/Users/abhinavsinha/pico/pico-sdk/src/rp2_common/pico_printf/printf.c.obj
 *fill*         0x0000000010004bb5        0x3 
 .rodata._vsnprintf
                0x0000000010004bb8      0x1e0 CMakeFiles/lab05.dir/Users/abhinavsinha/pico/pico-sdk/src/rp2_common/pico_printf/printf.c.obj
 .rodata.pow10.0
                0x0000000010004d98       0x50 CMakeFiles/lab05.dir/Users/abhinavsinha/pico/pico-sdk/src/rp2_common/pico_printf/printf.c.obj
 .rodata.__aeabi_double_init.str1.4
                0x0000000010004de8       0xaf CMakeFiles/lab05.dir/Users/abhinavsinha/pico/pico-sdk/src/rp2_common/pico_double/double_init_rom.c.obj
 *fill*         0x0000000010004e97        0x1 
 .rodata.__func__.0
                0x0000000010004e98       0x14 CMakeFiles/lab05.dir/Users/abhinavsinha/pico/pico-sdk/src/rp2_common/pico_double/double_init_rom.c.obj
 .rodata.__aeabi_float_init.str1.4
                0x0000000010004eac       0x81 CMakeFiles/lab05.dir/Users/abhinavsinha/pico/pico-sdk/src/rp2_common/pico_float/float_init_rom.c.obj
                                         0x85 (size before relaxing)
 *fill*         0x0000000010004f2d        0x3 
 .rodata.__func__.0
                0x0000000010004f30       0x13 CMakeFiles/lab05.dir/Users/abhinavsinha/pico/pico-sdk/src/rp2_common/pico_float/float_init_rom.c.obj
 *fill*         0x0000000010004f43        0x1 
 .rodata.str1.4
                0x0000000010004f44       0x74 CMakeFiles/lab05.dir/Users/abhinavsinha/pico/pico-sdk/src/rp2_common/pico_standard_link/binary_info.c.obj
                                         0x7c (size before relaxing)
 .rodata.__bi_44
                0x0000000010004fb8        0xc CMakeFiles/lab05.dir/Users/abhinavsinha/pico/pico-sdk/src/rp2_common/pico_standard_link/binary_info.c.obj
 .rodata.__bi_69
                0x0000000010004fc4        0xc CMakeFiles/lab05.dir/Users/abhinavsinha/pico/pico-sdk/src/rp2_common/pico_standard_link/binary_info.c.obj
 .rodata.__bi_75
                0x0000000010004fd0        0xc CMakeFiles/lab05.dir/Users/abhinavsinha/pico/pico-sdk/src/rp2_common/pico_standard_link/binary_info.c.obj
 .rodata.__bi_81
                0x0000000010004fdc        0xc CMakeFiles/lab05.dir/Users/abhinavsinha/pico/pico-sdk/src/rp2_common/pico_standard_link/binary_info.c.obj
 .rodata.crlf_str.3
                0x0000000010004fe8        0x2 CMakeFiles/lab05.dir/Users/abhinavsinha/pico/pico-sdk/src/rp2_common/pico_stdio/stdio.c.obj
                0x0000000010004fec                . = ALIGN (0x4)
 *fill*         0x0000000010004fea        0x2 
 *(SORT_BY_ALIGNMENT(SORT_BY_NAME(.flashdata*)))
                0x0000000010004fec                . = ALIGN (0x4)

.rel.dyn        0x0000000010004fec        0x0
 .rel.iplt      0x0000000010004fec        0x0 /usr/local/Cellar/arm-none-eabi-gcc/10.3-2021.07/gcc/bin/../lib/gcc/arm-none-eabi/10.3.1/thumb/v6-m/nofp/crtbegin.o

.ARM.extab
 *(.ARM.extab* .gnu.linkonce.armextab.*)
                0x0000000010004fec                __exidx_start = .

.ARM.exidx
 *(.ARM.exidx* .gnu.linkonce.armexidx.*)
                0x0000000010004fec                __exidx_end = .
                0x0000000010004fec                . = ALIGN (0x4)
                0x0000000010004fec                __binary_info_start = .

.binary_info    0x0000000010004fec       0x20
 *(.binary_info.keep.*)
 .binary_info.keep.__bi_ptr22
                0x0000000010004fec        0x4 CMakeFiles/lab05.dir/Users/abhinavsinha/pico/pico-sdk/src/rp2_common/pico_standard_link/binary_info.c.obj
 .binary_info.keep.__bi_ptr30
                0x0000000010004ff0        0x4 CMakeFiles/lab05.dir/Users/abhinavsinha/pico/pico-sdk/src/rp2_common/pico_standard_link/binary_info.c.obj
 .binary_info.keep.__bi_ptr38
                0x0000000010004ff4        0x4 CMakeFiles/lab05.dir/Users/abhinavsinha/pico/pico-sdk/src/rp2_common/pico_standard_link/binary_info.c.obj
 .binary_info.keep.__bi_ptr44
                0x0000000010004ff8        0x4 CMakeFiles/lab05.dir/Users/abhinavsinha/pico/pico-sdk/src/rp2_common/pico_standard_link/binary_info.c.obj
 .binary_info.keep.__bi_ptr50
                0x0000000010004ffc        0x4 CMakeFiles/lab05.dir/Users/abhinavsinha/pico/pico-sdk/src/rp2_common/pico_standard_link/binary_info.c.obj
 .binary_info.keep.__bi_ptr69
                0x0000000010005000        0x4 CMakeFiles/lab05.dir/Users/abhinavsinha/pico/pico-sdk/src/rp2_common/pico_standard_link/binary_info.c.obj
 .binary_info.keep.__bi_ptr75
                0x0000000010005004        0x4 CMakeFiles/lab05.dir/Users/abhinavsinha/pico/pico-sdk/src/rp2_common/pico_standard_link/binary_info.c.obj
 .binary_info.keep.__bi_ptr81
                0x0000000010005008        0x4 CMakeFiles/lab05.dir/Users/abhinavsinha/pico/pico-sdk/src/rp2_common/pico_standard_link/binary_info.c.obj
 *(.binary_info.*)
                0x000000001000500c                __binary_info_end = .
                0x000000001000500c                . = ALIGN (0x4)
                0x000000001000500c                __etext = .

.ram_vector_table
                0x0000000020000000       0xc0
 *(.ram_vector_table)
 .ram_vector_table
                0x0000000020000000       0xc0 CMakeFiles/lab05.dir/Users/abhinavsinha/pico/pico-sdk/src/rp2_common/pico_runtime/runtime.c.obj
                0x0000000020000000                ram_vector_table

.data           0x00000000200000c0      0x1ac load address 0x000000001000500c
                0x00000000200000c0                __data_start__ = .
 *(vtable)
 *(.time_critical*)
 .time_critical.mutex_enter_blocking
                0x00000000200000c0       0x48 CMakeFiles/lab05.dir/Users/abhinavsinha/pico/pico-sdk/src/common/pico_sync/mutex.c.obj
                0x00000000200000c0                mutex_enter_blocking
 .time_critical.mutex_try_enter
                0x0000000020000108       0x46 CMakeFiles/lab05.dir/Users/abhinavsinha/pico/pico-sdk/src/common/pico_sync/mutex.c.obj
                0x0000000020000108                mutex_try_enter
 *fill*         0x000000002000014e        0x2 
 .time_critical.mutex_exit
                0x0000000020000150       0x4c CMakeFiles/lab05.dir/Users/abhinavsinha/pico/pico-sdk/src/common/pico_sync/mutex.c.obj
                0x0000000020000150                mutex_exit
 *(.text*)
 .text          0x000000002000019c        0x4 /usr/local/Cellar/arm-none-eabi-gcc/10.3-2021.07/gcc/bin/../lib/gcc/arm-none-eabi/10.3.1/thumb/v6-m/nofp/libgcc.a(_dvmd_tls.o)
                0x000000002000019c                __aeabi_ldiv0
                0x000000002000019c                __aeabi_idiv0
 .text.__stub   0x00000000200001a0       0x10 linker stubs
                0x00000000200001b0                . = ALIGN (0x4)
 *(.rodata*)
                0x00000000200001b0                . = ALIGN (0x4)
 *(.data*)
 .data.striped_spin_lock_num
                0x00000000200001b0        0x1 CMakeFiles/lab05.dir/Users/abhinavsinha/pico/pico-sdk/src/rp2_common/hardware_sync/sync.c.obj
 *fill*         0x00000000200001b1        0x3 
 .data.default_alarm_pool
                0x00000000200001b4       0x18 CMakeFiles/lab05.dir/Users/abhinavsinha/pico/pico-sdk/src/common/pico_time/time.c.obj
 .data.default_alarm_pool_heap
                0x00000000200001cc       0x10 CMakeFiles/lab05.dir/Users/abhinavsinha/pico/pico-sdk/src/common/pico_time/time.c.obj
 .data          0x00000000200001dc       0x48 CMakeFiles/lab05.dir/Users/abhinavsinha/pico/pico-sdk/src/rp2_common/hardware_irq/irq_handler_chain.S.obj
                0x00000000200001dc                irq_handler_chain_slots
                0x000000002000020c                irq_handler_chain_first_slot
                0x0000000020000216                irq_handler_chain_remove_tail
 *fill*         0x0000000020000224        0xc 
 .data.aeabi_bits_funcs
                0x0000000020000230       0x10 CMakeFiles/lab05.dir/Users/abhinavsinha/pico/pico-sdk/src/rp2_common/pico_bit_ops/bit_ops_aeabi.S.obj
                0x0000000020000230                aeabi_bits_funcs
                0x0000000020000240                aeabi_bits_funcs_end
 .data.aeabi_mem_funcs
                0x0000000020000240       0x10 CMakeFiles/lab05.dir/Users/abhinavsinha/pico/pico-sdk/src/rp2_common/pico_mem_ops/mem_ops_aeabi.S.obj
                0x0000000020000240                aeabi_mem_funcs
                0x0000000020000250                aeabi_mem_funcs_end
                0x0000000020000250                . = ALIGN (0x4)
 *(.after_data.*)
                0x0000000020000250                . = ALIGN (0x4)
                0x0000000020000250                PROVIDE (__mutex_array_start = .)
 *(SORT_BY_NAME(.mutex_array.*))
 *(.mutex_array)
 .mutex_array   0x0000000020000250        0x8 CMakeFiles/lab05.dir/Users/abhinavsinha/pico/pico-sdk/src/rp2_common/pico_stdio/stdio.c.obj
                0x0000000020000258                PROVIDE (__mutex_array_end = .)
                0x0000000020000258                . = ALIGN (0x4)
                0x0000000020000258                PROVIDE (__preinit_array_start = .)
 *(SORT_BY_NAME(.preinit_array.*))
 .preinit_array.00001
                0x0000000020000258        0x4 CMakeFiles/lab05.dir/Users/abhinavsinha/pico/pico-sdk/src/rp2_common/pico_mem_ops/mem_ops_aeabi.S.obj
 .preinit_array.00010
                0x000000002000025c        0x4 CMakeFiles/lab05.dir/Users/abhinavsinha/pico/pico-sdk/src/rp2_common/pico_bit_ops/bit_ops_aeabi.S.obj
 .preinit_array.00020
                0x0000000020000260        0x4 CMakeFiles/lab05.dir/Users/abhinavsinha/pico/pico-sdk/src/rp2_common/pico_double/double_aeabi.S.obj
 .preinit_array.00020
                0x0000000020000264        0x4 CMakeFiles/lab05.dir/Users/abhinavsinha/pico/pico-sdk/src/rp2_common/pico_float/float_aeabi.S.obj
 *(.preinit_array)
                0x0000000020000268                PROVIDE (__preinit_array_end = .)
                0x0000000020000268                . = ALIGN (0x4)
                0x0000000020000268                PROVIDE (__init_array_start = .)
 *(SORT_BY_NAME(.init_array.*))
 *(.init_array)
 .init_array    0x0000000020000268        0x4 /usr/local/Cellar/arm-none-eabi-gcc/10.3-2021.07/gcc/bin/../lib/gcc/arm-none-eabi/10.3.1/thumb/v6-m/nofp/crtbegin.o
                0x000000002000026c                PROVIDE (__init_array_end = .)
                0x000000002000026c                . = ALIGN (0x4)
                [!provide]                        PROVIDE (__fini_array_start = .)
 *(SORT_BY_NAME(.fini_array.*))
 *(.fini_array)
                [!provide]                        PROVIDE (__fini_array_end = .)
 *(.jcr)
                0x000000002000026c                . = ALIGN (0x4)
                0x000000002000026c                __data_end__ = .

.igot.plt       0x000000002000026c        0x0 load address 0x00000000100051b8
 .igot.plt      0x000000002000026c        0x0 /usr/local/Cellar/arm-none-eabi-gcc/10.3-2021.07/gcc/bin/../lib/gcc/arm-none-eabi/10.3.1/thumb/v6-m/nofp/crtbegin.o

.uninitialized_data
                0x000000002000026c        0x0 load address 0x00000000100051b8
                0x000000002000026c                . = ALIGN (0x4)
 *(.uninitialized_data*)

.scratch_x      0x0000000020040000        0x0 load address 0x00000000100051b8
                0x0000000020040000                __scratch_x_start__ = .
 *(.scratch_x.*)
                0x0000000020040000                . = ALIGN (0x4)
                0x0000000020040000                __scratch_x_end__ = .
                0x00000000100051b8                __scratch_x_source__ = LOADADDR (.scratch_x)

.scratch_y      0x0000000020041000        0x0 load address 0x00000000100051b8
                0x0000000020041000                __scratch_y_start__ = .
 *(.scratch_y.*)
                0x0000000020041000                . = ALIGN (0x4)
                0x0000000020041000                __scratch_y_end__ = .
                0x00000000100051b8                __scratch_y_source__ = LOADADDR (.scratch_y)

.bss            0x0000000020000270      0x3c8
                0x0000000020000270                . = ALIGN (0x4)
                0x0000000020000270                __bss_start__ = .
 *(SORT_BY_ALIGNMENT(SORT_BY_NAME(.bss*)))
 .bss.default_alarm_pool_entries
                0x0000000020000270      0x100 CMakeFiles/lab05.dir/Users/abhinavsinha/pico/pico-sdk/src/common/pico_time/time.c.obj
 .bss           0x0000000020000370       0x1c /usr/local/Cellar/arm-none-eabi-gcc/10.3-2021.07/gcc/bin/../lib/gcc/arm-none-eabi/10.3.1/thumb/v6-m/nofp/crtbegin.o
 .bss.alarm_callbacks
                0x000000002000038c       0x10 CMakeFiles/lab05.dir/Users/abhinavsinha/pico/pico-sdk/src/rp2_common/hardware_timer/timer.c.obj
 .bss.configured_freq
                0x000000002000039c       0x28 CMakeFiles/lab05.dir/Users/abhinavsinha/pico/pico-sdk/src/rp2_common/hardware_clocks/clocks.c.obj
 .bss.default_alarm_pool_entry_ids_high
                0x00000000200003c4       0x10 CMakeFiles/lab05.dir/Users/abhinavsinha/pico/pico-sdk/src/common/pico_time/time.c.obj
 .bss.default_alarm_pool_heap_nodes
                0x00000000200003d4       0x30 CMakeFiles/lab05.dir/Users/abhinavsinha/pico/pico-sdk/src/common/pico_time/time.c.obj
 .bss.drivers   0x0000000020000404        0x4 CMakeFiles/lab05.dir/Users/abhinavsinha/pico/pico-sdk/src/rp2_common/pico_stdio/stdio.c.obj
 .bss.filter    0x0000000020000408        0x4 CMakeFiles/lab05.dir/Users/abhinavsinha/pico/pico-sdk/src/rp2_common/pico_stdio/stdio.c.obj
 .bss.pools     0x000000002000040c       0x10 CMakeFiles/lab05.dir/Users/abhinavsinha/pico/pico-sdk/src/common/pico_time/time.c.obj
 .bss.sd_table  0x000000002000041c      0x100 CMakeFiles/lab05.dir/Users/abhinavsinha/pico/pico-sdk/src/rp2_common/pico_double/double_init_rom.c.obj
                0x000000002000041c                sd_table
 .bss.sf_clz_func
                0x000000002000051c        0x4 CMakeFiles/lab05.dir/Users/abhinavsinha/pico/pico-sdk/src/rp2_common/pico_double/double_init_rom.c.obj
                0x000000002000051c                sf_clz_func
 .bss.sf_table  0x0000000020000520      0x100 CMakeFiles/lab05.dir/Users/abhinavsinha/pico/pico-sdk/src/rp2_common/pico_float/float_init_rom.c.obj
                0x0000000020000520                sf_table
 .bss.sleep_notifier
                0x0000000020000620        0x4 CMakeFiles/lab05.dir/Users/abhinavsinha/pico/pico-sdk/src/common/pico_time/time.c.obj
 .bss.target_hi
                0x0000000020000624       0x10 CMakeFiles/lab05.dir/Users/abhinavsinha/pico/pico-sdk/src/rp2_common/hardware_timer/timer.c.obj
 .bss.claimed   0x0000000020000634        0x1 CMakeFiles/lab05.dir/Users/abhinavsinha/pico/pico-sdk/src/rp2_common/hardware_timer/timer.c.obj
 .bss.irq_hander_chain_free_slot_head
                0x0000000020000635        0x1 CMakeFiles/lab05.dir/Users/abhinavsinha/pico/pico-sdk/src/rp2_common/hardware_irq/irq.c.obj
 .bss.timer_callbacks_pending
                0x0000000020000636        0x1 CMakeFiles/lab05.dir/Users/abhinavsinha/pico/pico-sdk/src/rp2_common/hardware_timer/timer.c.obj
 *(COMMON)
                0x0000000020000638                . = ALIGN (0x4)
 *fill*         0x0000000020000637        0x1 
                0x0000000020000638                __bss_end__ = .

.heap           0x0000000020000638      0x800
                0x0000000020000638                __end__ = .
                0x0000000020000638                end = __end__
 *(.heap*)
 .heap          0x0000000020000638      0x800 CMakeFiles/lab05.dir/Users/abhinavsinha/pico/pico-sdk/src/rp2_common/pico_standard_link/crt0.S.obj
                0x0000000020000e38                __HeapLimit = .

.stack1_dummy   0x0000000020040000        0x0
 *(.stack1*)

.stack_dummy    0x0000000020041000      0x800
 *(.stack*)
 .stack         0x0000000020041000      0x800 CMakeFiles/lab05.dir/Users/abhinavsinha/pico/pico-sdk/src/rp2_common/pico_standard_link/crt0.S.obj

.flash_end      0x00000000100051b8        0x0
                0x00000000100051b8                __flash_binary_end = .
                0x0000000020040000                __StackLimit = (ORIGIN (RAM) + LENGTH (RAM))
                0x0000000020041000                __StackOneTop = (ORIGIN (SCRATCH_X) + LENGTH (SCRATCH_X))
                0x0000000020042000                __StackTop = (ORIGIN (SCRATCH_Y) + LENGTH (SCRATCH_Y))
                0x0000000020041000                __StackOneBottom = (__StackOneTop - SIZEOF (.stack1_dummy))
                0x0000000020041800                __StackBottom = (__StackTop - SIZEOF (.stack_dummy))
                0x0000000020042000                PROVIDE (__stack = __StackTop)
                0x0000000000000001                ASSERT ((__StackLimit >= __HeapLimit), region RAM overflowed)
                0x0000000000000001                ASSERT (((__binary_info_header_end - __logical_binary_start) <= 0x100), Binary info must be in first 256 bytes of the binary)
LOAD CMakeFiles/lab05.dir/lab05.c.obj
LOAD CMakeFiles/lab05.dir/lab05.S.obj
LOAD CMakeFiles/lab05.dir/Users/abhinavsinha/pico/pico-sdk/src/rp2_common/pico_stdlib/stdlib.c.obj
LOAD CMakeFiles/lab05.dir/Users/abhinavsinha/pico/pico-sdk/src/rp2_common/hardware_gpio/gpio.c.obj
LOAD CMakeFiles/lab05.dir/Users/abhinavsinha/pico/pico-sdk/src/rp2_common/hardware_claim/claim.c.obj
LOAD CMakeFiles/lab05.dir/Users/abhinavsinha/pico/pico-sdk/src/rp2_common/pico_platform/platform.c.obj
LOAD CMakeFiles/lab05.dir/Users/abhinavsinha/pico/pico-sdk/src/rp2_common/hardware_sync/sync.c.obj
LOAD CMakeFiles/lab05.dir/Users/abhinavsinha/pico/pico-sdk/src/rp2_common/hardware_uart/uart.c.obj
LOAD CMakeFiles/lab05.dir/Users/abhinavsinha/pico/pico-sdk/src/rp2_common/hardware_divider/divider.S.obj
LOAD CMakeFiles/lab05.dir/Users/abhinavsinha/pico/pico-sdk/src/common/pico_time/time.c.obj
LOAD CMakeFiles/lab05.dir/Users/abhinavsinha/pico/pico-sdk/src/common/pico_time/timeout_helper.c.obj
LOAD CMakeFiles/lab05.dir/Users/abhinavsinha/pico/pico-sdk/src/rp2_common/hardware_timer/timer.c.obj
LOAD CMakeFiles/lab05.dir/Users/abhinavsinha/pico/pico-sdk/src/common/pico_sync/sem.c.obj
LOAD CMakeFiles/lab05.dir/Users/abhinavsinha/pico/pico-sdk/src/common/pico_sync/lock_core.c.obj
LOAD CMakeFiles/lab05.dir/Users/abhinavsinha/pico/pico-sdk/src/common/pico_sync/mutex.c.obj
LOAD CMakeFiles/lab05.dir/Users/abhinavsinha/pico/pico-sdk/src/common/pico_sync/critical_section.c.obj
LOAD CMakeFiles/lab05.dir/Users/abhinavsinha/pico/pico-sdk/src/common/pico_util/datetime.c.obj
LOAD CMakeFiles/lab05.dir/Users/abhinavsinha/pico/pico-sdk/src/common/pico_util/pheap.c.obj
LOAD CMakeFiles/lab05.dir/Users/abhinavsinha/pico/pico-sdk/src/common/pico_util/queue.c.obj
LOAD CMakeFiles/lab05.dir/Users/abhinavsinha/pico/pico-sdk/src/rp2_common/pico_runtime/runtime.c.obj
LOAD CMakeFiles/lab05.dir/Users/abhinavsinha/pico/pico-sdk/src/rp2_common/hardware_clocks/clocks.c.obj
LOAD CMakeFiles/lab05.dir/Users/abhinavsinha/pico/pico-sdk/src/rp2_common/hardware_irq/irq.c.obj
LOAD CMakeFiles/lab05.dir/Users/abhinavsinha/pico/pico-sdk/src/rp2_common/hardware_irq/irq_handler_chain.S.obj
LOAD CMakeFiles/lab05.dir/Users/abhinavsinha/pico/pico-sdk/src/rp2_common/hardware_pll/pll.c.obj
LOAD CMakeFiles/lab05.dir/Users/abhinavsinha/pico/pico-sdk/src/rp2_common/hardware_vreg/vreg.c.obj
LOAD CMakeFiles/lab05.dir/Users/abhinavsinha/pico/pico-sdk/src/rp2_common/hardware_watchdog/watchdog.c.obj
LOAD CMakeFiles/lab05.dir/Users/abhinavsinha/pico/pico-sdk/src/rp2_common/hardware_xosc/xosc.c.obj
LOAD CMakeFiles/lab05.dir/Users/abhinavsinha/pico/pico-sdk/src/rp2_common/pico_printf/printf.c.obj
LOAD CMakeFiles/lab05.dir/Users/abhinavsinha/pico/pico-sdk/src/rp2_common/pico_bit_ops/bit_ops_aeabi.S.obj
LOAD CMakeFiles/lab05.dir/Users/abhinavsinha/pico/pico-sdk/src/rp2_common/pico_bootrom/bootrom.c.obj
LOAD CMakeFiles/lab05.dir/Users/abhinavsinha/pico/pico-sdk/src/rp2_common/pico_divider/divider.S.obj
LOAD CMakeFiles/lab05.dir/Users/abhinavsinha/pico/pico-sdk/src/rp2_common/pico_double/double_aeabi.S.obj
LOAD CMakeFiles/lab05.dir/Users/abhinavsinha/pico/pico-sdk/src/rp2_common/pico_double/double_init_rom.c.obj
LOAD CMakeFiles/lab05.dir/Users/abhinavsinha/pico/pico-sdk/src/rp2_common/pico_double/double_math.c.obj
LOAD CMakeFiles/lab05.dir/Users/abhinavsinha/pico/pico-sdk/src/rp2_common/pico_double/double_v1_rom_shim.S.obj
LOAD CMakeFiles/lab05.dir/Users/abhinavsinha/pico/pico-sdk/src/rp2_common/pico_int64_ops/pico_int64_ops_aeabi.S.obj
LOAD CMakeFiles/lab05.dir/Users/abhinavsinha/pico/pico-sdk/src/rp2_common/pico_float/float_aeabi.S.obj
LOAD CMakeFiles/lab05.dir/Users/abhinavsinha/pico/pico-sdk/src/rp2_common/pico_float/float_init_rom.c.obj
LOAD CMakeFiles/lab05.dir/Users/abhinavsinha/pico/pico-sdk/src/rp2_common/pico_float/float_math.c.obj
LOAD CMakeFiles/lab05.dir/Users/abhinavsinha/pico/pico-sdk/src/rp2_common/pico_float/float_v1_rom_shim.S.obj
LOAD CMakeFiles/lab05.dir/Users/abhinavsinha/pico/pico-sdk/src/rp2_common/pico_malloc/pico_malloc.c.obj
LOAD CMakeFiles/lab05.dir/Users/abhinavsinha/pico/pico-sdk/src/rp2_common/pico_mem_ops/mem_ops_aeabi.S.obj
LOAD CMakeFiles/lab05.dir/Users/abhinavsinha/pico/pico-sdk/src/rp2_common/pico_standard_link/crt0.S.obj
LOAD CMakeFiles/lab05.dir/Users/abhinavsinha/pico/pico-sdk/src/rp2_common/pico_standard_link/new_delete.cpp.obj
LOAD CMakeFiles/lab05.dir/Users/abhinavsinha/pico/pico-sdk/src/rp2_common/pico_standard_link/binary_info.c.obj
LOAD CMakeFiles/lab05.dir/Users/abhinavsinha/pico/pico-sdk/src/rp2_common/pico_stdio/stdio.c.obj
LOAD CMakeFiles/lab05.dir/Users/abhinavsinha/pico/pico-sdk/src/rp2_common/pico_stdio_uart/stdio_uart.c.obj
LOAD /var/folders/lz/hcc81f1d27g1pv9918wtrd6m0000gn/T//ccpKOjPT.o
LOAD /usr/local/Cellar/arm-none-eabi-gcc/10.3-2021.07/gcc/bin/../lib/gcc/arm-none-eabi/10.3.1/../../../../arm-none-eabi/lib/thumb/v6-m/nofp/libstdc++.a
LOAD /usr/local/Cellar/arm-none-eabi-gcc/10.3-2021.07/gcc/bin/../lib/gcc/arm-none-eabi/10.3.1/../../../../arm-none-eabi/lib/thumb/v6-m/nofp/libm.a
START GROUP
LOAD /usr/local/Cellar/arm-none-eabi-gcc/10.3-2021.07/gcc/bin/../lib/gcc/arm-none-eabi/10.3.1/thumb/v6-m/nofp/libgcc.a
LOAD /usr/local/Cellar/arm-none-eabi-gcc/10.3-2021.07/gcc/bin/../lib/gcc/arm-none-eabi/10.3.1/../../../../arm-none-eabi/lib/thumb/v6-m/nofp/libg.a
LOAD /usr/local/Cellar/arm-none-eabi-gcc/10.3-2021.07/gcc/bin/../lib/gcc/arm-none-eabi/10.3.1/../../../../arm-none-eabi/lib/thumb/v6-m/nofp/libc.a
END GROUP
START GROUP
LOAD /usr/local/Cellar/arm-none-eabi-gcc/10.3-2021.07/gcc/bin/../lib/gcc/arm-none-eabi/10.3.1/thumb/v6-m/nofp/libgcc.a
LOAD /usr/local/Cellar/arm-none-eabi-gcc/10.3-2021.07/gcc/bin/../lib/gcc/arm-none-eabi/10.3.1/../../../../arm-none-eabi/lib/thumb/v6-m/nofp/libc.a
LOAD /usr/local/Cellar/arm-none-eabi-gcc/10.3-2021.07/gcc/bin/../lib/gcc/arm-none-eabi/10.3.1/../../../../arm-none-eabi/lib/thumb/v6-m/nofp/libnosys.a
END GROUP
LOAD /usr/local/Cellar/arm-none-eabi-gcc/10.3-2021.07/gcc/bin/../lib/gcc/arm-none-eabi/10.3.1/thumb/v6-m/nofp/crtend.o
LOAD /usr/local/Cellar/arm-none-eabi-gcc/10.3-2021.07/gcc/bin/../lib/gcc/arm-none-eabi/10.3.1/thumb/v6-m/nofp/crtn.o
OUTPUT(lab05.elf elf32-littlearm)
LOAD linker stubs

.ARM.attributes
                0x0000000000000000       0x28
 .ARM.attributes
                0x0000000000000000       0x1e /usr/local/Cellar/arm-none-eabi-gcc/10.3-2021.07/gcc/bin/../lib/gcc/arm-none-eabi/10.3.1/thumb/v6-m/nofp/crti.o
 .ARM.attributes
                0x000000000000001e       0x2c /usr/local/Cellar/arm-none-eabi-gcc/10.3-2021.07/gcc/bin/../lib/gcc/arm-none-eabi/10.3.1/thumb/v6-m/nofp/crtbegin.o
 .ARM.attributes
                0x000000000000004a       0x2c CMakeFiles/lab05.dir/lab05.c.obj
 .ARM.attributes
                0x0000000000000076       0x22 CMakeFiles/lab05.dir/lab05.S.obj
 .ARM.attributes
                0x0000000000000098       0x2c CMakeFiles/lab05.dir/Users/abhinavsinha/pico/pico-sdk/src/rp2_common/hardware_gpio/gpio.c.obj
 .ARM.attributes
                0x00000000000000c4       0x2c CMakeFiles/lab05.dir/Users/abhinavsinha/pico/pico-sdk/src/rp2_common/hardware_claim/claim.c.obj
 .ARM.attributes
                0x00000000000000f0       0x2c CMakeFiles/lab05.dir/Users/abhinavsinha/pico/pico-sdk/src/rp2_common/pico_platform/platform.c.obj
 .ARM.attributes
                0x000000000000011c       0x2c CMakeFiles/lab05.dir/Users/abhinavsinha/pico/pico-sdk/src/rp2_common/hardware_sync/sync.c.obj
 .ARM.attributes
                0x0000000000000148       0x2c CMakeFiles/lab05.dir/Users/abhinavsinha/pico/pico-sdk/src/common/pico_time/time.c.obj
 .ARM.attributes
                0x0000000000000174       0x2c CMakeFiles/lab05.dir/Users/abhinavsinha/pico/pico-sdk/src/rp2_common/hardware_timer/timer.c.obj
 .ARM.attributes
                0x00000000000001a0       0x2c CMakeFiles/lab05.dir/Users/abhinavsinha/pico/pico-sdk/src/common/pico_sync/lock_core.c.obj
 .ARM.attributes
                0x00000000000001cc       0x2c CMakeFiles/lab05.dir/Users/abhinavsinha/pico/pico-sdk/src/common/pico_sync/mutex.c.obj
 .ARM.attributes
                0x00000000000001f8       0x2c CMakeFiles/lab05.dir/Users/abhinavsinha/pico/pico-sdk/src/common/pico_util/pheap.c.obj
 .ARM.attributes
                0x0000000000000224       0x2c CMakeFiles/lab05.dir/Users/abhinavsinha/pico/pico-sdk/src/rp2_common/pico_runtime/runtime.c.obj
 .ARM.attributes
                0x0000000000000250       0x2c CMakeFiles/lab05.dir/Users/abhinavsinha/pico/pico-sdk/src/rp2_common/hardware_clocks/clocks.c.obj
 .ARM.attributes
                0x000000000000027c       0x2c CMakeFiles/lab05.dir/Users/abhinavsinha/pico/pico-sdk/src/rp2_common/hardware_irq/irq.c.obj
 .ARM.attributes
                0x00000000000002a8       0x22 CMakeFiles/lab05.dir/Users/abhinavsinha/pico/pico-sdk/src/rp2_common/hardware_irq/irq_handler_chain.S.obj
 .ARM.attributes
                0x00000000000002ca       0x2c CMakeFiles/lab05.dir/Users/abhinavsinha/pico/pico-sdk/src/rp2_common/hardware_pll/pll.c.obj
 .ARM.attributes
                0x00000000000002f6       0x2c CMakeFiles/lab05.dir/Users/abhinavsinha/pico/pico-sdk/src/rp2_common/hardware_watchdog/watchdog.c.obj
 .ARM.attributes
                0x0000000000000322       0x2c CMakeFiles/lab05.dir/Users/abhinavsinha/pico/pico-sdk/src/rp2_common/hardware_xosc/xosc.c.obj
 .ARM.attributes
                0x000000000000034e       0x2c CMakeFiles/lab05.dir/Users/abhinavsinha/pico/pico-sdk/src/rp2_common/pico_printf/printf.c.obj
 .ARM.attributes
                0x000000000000037a       0x22 CMakeFiles/lab05.dir/Users/abhinavsinha/pico/pico-sdk/src/rp2_common/pico_bit_ops/bit_ops_aeabi.S.obj
 .ARM.attributes
                0x000000000000039c       0x2c CMakeFiles/lab05.dir/Users/abhinavsinha/pico/pico-sdk/src/rp2_common/pico_bootrom/bootrom.c.obj
 .ARM.attributes
                0x00000000000003c8       0x22 CMakeFiles/lab05.dir/Users/abhinavsinha/pico/pico-sdk/src/rp2_common/pico_divider/divider.S.obj
 .ARM.attributes
                0x00000000000003ea       0x22 CMakeFiles/lab05.dir/Users/abhinavsinha/pico/pico-sdk/src/rp2_common/pico_double/double_aeabi.S.obj
 .ARM.attributes
                0x000000000000040c       0x2c CMakeFiles/lab05.dir/Users/abhinavsinha/pico/pico-sdk/src/rp2_common/pico_double/double_init_rom.c.obj
 .ARM.attributes
                0x0000000000000438       0x22 CMakeFiles/lab05.dir/Users/abhinavsinha/pico/pico-sdk/src/rp2_common/pico_double/double_v1_rom_shim.S.obj
 .ARM.attributes
                0x000000000000045a       0x22 CMakeFiles/lab05.dir/Users/abhinavsinha/pico/pico-sdk/src/rp2_common/pico_int64_ops/pico_int64_ops_aeabi.S.obj
 .ARM.attributes
                0x000000000000047c       0x22 CMakeFiles/lab05.dir/Users/abhinavsinha/pico/pico-sdk/src/rp2_common/pico_float/float_aeabi.S.obj
 .ARM.attributes
                0x000000000000049e       0x2c CMakeFiles/lab05.dir/Users/abhinavsinha/pico/pico-sdk/src/rp2_common/pico_float/float_init_rom.c.obj
 .ARM.attributes
                0x00000000000004ca       0x22 CMakeFiles/lab05.dir/Users/abhinavsinha/pico/pico-sdk/src/rp2_common/pico_float/float_v1_rom_shim.S.obj
 .ARM.attributes
                0x00000000000004ec       0x22 CMakeFiles/lab05.dir/Users/abhinavsinha/pico/pico-sdk/src/rp2_common/pico_mem_ops/mem_ops_aeabi.S.obj
 .ARM.attributes
                0x000000000000050e       0x22 CMakeFiles/lab05.dir/Users/abhinavsinha/pico/pico-sdk/src/rp2_common/pico_standard_link/crt0.S.obj
 .ARM.attributes
                0x0000000000000530       0x32 CMakeFiles/lab05.dir/Users/abhinavsinha/pico/pico-sdk/src/rp2_common/pico_standard_link/binary_info.c.obj
 .ARM.attributes
                0x0000000000000562       0x2c CMakeFiles/lab05.dir/Users/abhinavsinha/pico/pico-sdk/src/rp2_common/pico_stdio/stdio.c.obj
 .ARM.attributes
                0x000000000000058e       0x22 /var/folders/lz/hcc81f1d27g1pv9918wtrd6m0000gn/T//ccpKOjPT.o
 .ARM.attributes
                0x00000000000005b0       0x1e /usr/local/Cellar/arm-none-eabi-gcc/10.3-2021.07/gcc/bin/../lib/gcc/arm-none-eabi/10.3.1/thumb/v6-m/nofp/libgcc.a(_dvmd_tls.o)
 .ARM.attributes
                0x00000000000005ce       0x2c /usr/local/Cellar/arm-none-eabi-gcc/10.3-2021.07/gcc/bin/../lib/gcc/arm-none-eabi/10.3.1/../../../../arm-none-eabi/lib/thumb/v6-m/nofp/libg.a(lib_a-strlen-stub.o)

.comment        0x0000000000000000       0x49
 .comment       0x0000000000000000       0x49 CMakeFiles/lab05.dir/lab05.c.obj
                                         0x4a (size before relaxing)
 .comment       0x0000000000000049       0x4a CMakeFiles/lab05.dir/Users/abhinavsinha/pico/pico-sdk/src/rp2_common/hardware_gpio/gpio.c.obj
 .comment       0x0000000000000049       0x4a CMakeFiles/lab05.dir/Users/abhinavsinha/pico/pico-sdk/src/rp2_common/hardware_claim/claim.c.obj
 .comment       0x0000000000000049       0x4a CMakeFiles/lab05.dir/Users/abhinavsinha/pico/pico-sdk/src/rp2_common/pico_platform/platform.c.obj
 .comment       0x0000000000000049       0x4a CMakeFiles/lab05.dir/Users/abhinavsinha/pico/pico-sdk/src/rp2_common/hardware_sync/sync.c.obj
 .comment       0x0000000000000049       0x4a CMakeFiles/lab05.dir/Users/abhinavsinha/pico/pico-sdk/src/common/pico_time/time.c.obj
 .comment       0x0000000000000049       0x4a CMakeFiles/lab05.dir/Users/abhinavsinha/pico/pico-sdk/src/rp2_common/hardware_timer/timer.c.obj
 .comment       0x0000000000000049       0x4a CMakeFiles/lab05.dir/Users/abhinavsinha/pico/pico-sdk/src/common/pico_sync/lock_core.c.obj
 .comment       0x0000000000000049       0x4a CMakeFiles/lab05.dir/Users/abhinavsinha/pico/pico-sdk/src/common/pico_sync/mutex.c.obj
 .comment       0x0000000000000049       0x4a CMakeFiles/lab05.dir/Users/abhinavsinha/pico/pico-sdk/src/common/pico_util/pheap.c.obj
 .comment       0x0000000000000049       0x4a CMakeFiles/lab05.dir/Users/abhinavsinha/pico/pico-sdk/src/rp2_common/pico_runtime/runtime.c.obj
 .comment       0x0000000000000049       0x4a CMakeFiles/lab05.dir/Users/abhinavsinha/pico/pico-sdk/src/rp2_common/hardware_clocks/clocks.c.obj
 .comment       0x0000000000000049       0x4a CMakeFiles/lab05.dir/Users/abhinavsinha/pico/pico-sdk/src/rp2_common/hardware_irq/irq.c.obj
 .comment       0x0000000000000049       0x4a CMakeFiles/lab05.dir/Users/abhinavsinha/pico/pico-sdk/src/rp2_common/hardware_pll/pll.c.obj
 .comment       0x0000000000000049       0x4a CMakeFiles/lab05.dir/Users/abhinavsinha/pico/pico-sdk/src/rp2_common/hardware_watchdog/watchdog.c.obj
 .comment       0x0000000000000049       0x4a CMakeFiles/lab05.dir/Users/abhinavsinha/pico/pico-sdk/src/rp2_common/hardware_xosc/xosc.c.obj
 .comment       0x0000000000000049       0x4a CMakeFiles/lab05.dir/Users/abhinavsinha/pico/pico-sdk/src/rp2_common/pico_printf/printf.c.obj
 .comment       0x0000000000000049       0x4a CMakeFiles/lab05.dir/Users/abhinavsinha/pico/pico-sdk/src/rp2_common/pico_bootrom/bootrom.c.obj
 .comment       0x0000000000000049       0x4a CMakeFiles/lab05.dir/Users/abhinavsinha/pico/pico-sdk/src/rp2_common/pico_double/double_init_rom.c.obj
 .comment       0x0000000000000049       0x4a CMakeFiles/lab05.dir/Users/abhinavsinha/pico/pico-sdk/src/rp2_common/pico_float/float_init_rom.c.obj
 .comment       0x0000000000000049       0x4a CMakeFiles/lab05.dir/Users/abhinavsinha/pico/pico-sdk/src/rp2_common/pico_standard_link/binary_info.c.obj
 .comment       0x0000000000000049       0x4a CMakeFiles/lab05.dir/Users/abhinavsinha/pico/pico-sdk/src/rp2_common/pico_stdio/stdio.c.obj

.debug_info     0x0000000000000000    0x122de
 .debug_info    0x0000000000000000      0x69d CMakeFiles/lab05.dir/lab05.c.obj
 .debug_info    0x000000000000069d       0x26 CMakeFiles/lab05.dir/lab05.S.obj
 .debug_info    0x00000000000006c3     0x1491 CMakeFiles/lab05.dir/Users/abhinavsinha/pico/pico-sdk/src/rp2_common/hardware_gpio/gpio.c.obj
 .debug_info    0x0000000000001b54      0x6bb CMakeFiles/lab05.dir/Users/abhinavsinha/pico/pico-sdk/src/rp2_common/hardware_claim/claim.c.obj
 .debug_info    0x000000000000220f      0x1e3 CMakeFiles/lab05.dir/Users/abhinavsinha/pico/pico-sdk/src/rp2_common/pico_platform/platform.c.obj
 .debug_info    0x00000000000023f2      0x58e CMakeFiles/lab05.dir/Users/abhinavsinha/pico/pico-sdk/src/rp2_common/hardware_sync/sync.c.obj
 .debug_info    0x0000000000002980     0x3b3b CMakeFiles/lab05.dir/Users/abhinavsinha/pico/pico-sdk/src/common/pico_time/time.c.obj
 .debug_info    0x00000000000064bb     0x1134 CMakeFiles/lab05.dir/Users/abhinavsinha/pico/pico-sdk/src/rp2_common/hardware_timer/timer.c.obj
 .debug_info    0x00000000000075ef      0x1a4 CMakeFiles/lab05.dir/Users/abhinavsinha/pico/pico-sdk/src/common/pico_sync/lock_core.c.obj
 .debug_info    0x0000000000007793     0x2022 CMakeFiles/lab05.dir/Users/abhinavsinha/pico/pico-sdk/src/common/pico_sync/mutex.c.obj
 .debug_info    0x00000000000097b5     0x120c CMakeFiles/lab05.dir/Users/abhinavsinha/pico/pico-sdk/src/common/pico_util/pheap.c.obj
 .debug_info    0x000000000000a9c1      0xa87 CMakeFiles/lab05.dir/Users/abhinavsinha/pico/pico-sdk/src/rp2_common/pico_runtime/runtime.c.obj
 .debug_info    0x000000000000b448      0xf6c CMakeFiles/lab05.dir/Users/abhinavsinha/pico/pico-sdk/src/rp2_common/hardware_clocks/clocks.c.obj
 .debug_info    0x000000000000c3b4     0x1968 CMakeFiles/lab05.dir/Users/abhinavsinha/pico/pico-sdk/src/rp2_common/hardware_irq/irq.c.obj
 .debug_info    0x000000000000dd1c      0x51b CMakeFiles/lab05.dir/Users/abhinavsinha/pico/pico-sdk/src/rp2_common/hardware_pll/pll.c.obj
 .debug_info    0x000000000000e237      0x4ee CMakeFiles/lab05.dir/Users/abhinavsinha/pico/pico-sdk/src/rp2_common/hardware_watchdog/watchdog.c.obj
 .debug_info    0x000000000000e725      0x1d8 CMakeFiles/lab05.dir/Users/abhinavsinha/pico/pico-sdk/src/rp2_common/hardware_xosc/xosc.c.obj
 .debug_info    0x000000000000e8fd     0x1a5f CMakeFiles/lab05.dir/Users/abhinavsinha/pico/pico-sdk/src/rp2_common/pico_printf/printf.c.obj
 .debug_info    0x000000000001035c       0x22 CMakeFiles/lab05.dir/Users/abhinavsinha/pico/pico-sdk/src/rp2_common/pico_bit_ops/bit_ops_aeabi.S.obj
 .debug_info    0x000000000001037e      0x27c CMakeFiles/lab05.dir/Users/abhinavsinha/pico/pico-sdk/src/rp2_common/pico_bootrom/bootrom.c.obj
 .debug_info    0x00000000000105fa       0x22 CMakeFiles/lab05.dir/Users/abhinavsinha/pico/pico-sdk/src/rp2_common/pico_divider/divider.S.obj
 .debug_info    0x000000000001061c       0x22 CMakeFiles/lab05.dir/Users/abhinavsinha/pico/pico-sdk/src/rp2_common/pico_double/double_aeabi.S.obj
 .debug_info    0x000000000001063e      0x2d1 CMakeFiles/lab05.dir/Users/abhinavsinha/pico/pico-sdk/src/rp2_common/pico_double/double_init_rom.c.obj
 .debug_info    0x000000000001090f       0x22 CMakeFiles/lab05.dir/Users/abhinavsinha/pico/pico-sdk/src/rp2_common/pico_double/double_v1_rom_shim.S.obj
 .debug_info    0x0000000000010931       0x26 CMakeFiles/lab05.dir/Users/abhinavsinha/pico/pico-sdk/src/rp2_common/pico_int64_ops/pico_int64_ops_aeabi.S.obj
 .debug_info    0x0000000000010957       0x22 CMakeFiles/lab05.dir/Users/abhinavsinha/pico/pico-sdk/src/rp2_common/pico_float/float_aeabi.S.obj
 .debug_info    0x0000000000010979      0x2eb CMakeFiles/lab05.dir/Users/abhinavsinha/pico/pico-sdk/src/rp2_common/pico_float/float_init_rom.c.obj
 .debug_info    0x0000000000010c64       0x22 CMakeFiles/lab05.dir/Users/abhinavsinha/pico/pico-sdk/src/rp2_common/pico_float/float_v1_rom_shim.S.obj
 .debug_info    0x0000000000010c86       0x22 CMakeFiles/lab05.dir/Users/abhinavsinha/pico/pico-sdk/src/rp2_common/pico_mem_ops/mem_ops_aeabi.S.obj
 .debug_info    0x0000000000010ca8       0x22 CMakeFiles/lab05.dir/Users/abhinavsinha/pico/pico-sdk/src/rp2_common/pico_standard_link/crt0.S.obj
 .debug_info    0x0000000000010cca      0x327 CMakeFiles/lab05.dir/Users/abhinavsinha/pico/pico-sdk/src/rp2_common/pico_standard_link/binary_info.c.obj
 .debug_info    0x0000000000010ff1     0x12ed CMakeFiles/lab05.dir/Users/abhinavsinha/pico/pico-sdk/src/rp2_common/pico_stdio/stdio.c.obj

.debug_abbrev   0x0000000000000000     0x3995
 .debug_abbrev  0x0000000000000000      0x239 CMakeFiles/lab05.dir/lab05.c.obj
 .debug_abbrev  0x0000000000000239       0x14 CMakeFiles/lab05.dir/lab05.S.obj
 .debug_abbrev  0x000000000000024d      0x2c4 CMakeFiles/lab05.dir/Users/abhinavsinha/pico/pico-sdk/src/rp2_common/hardware_gpio/gpio.c.obj
 .debug_abbrev  0x0000000000000511      0x2e9 CMakeFiles/lab05.dir/Users/abhinavsinha/pico/pico-sdk/src/rp2_common/hardware_claim/claim.c.obj
 .debug_abbrev  0x00000000000007fa       0xeb CMakeFiles/lab05.dir/Users/abhinavsinha/pico/pico-sdk/src/rp2_common/pico_platform/platform.c.obj
 .debug_abbrev  0x00000000000008e5      0x21b CMakeFiles/lab05.dir/Users/abhinavsinha/pico/pico-sdk/src/rp2_common/hardware_sync/sync.c.obj
 .debug_abbrev  0x0000000000000b00      0x54d CMakeFiles/lab05.dir/Users/abhinavsinha/pico/pico-sdk/src/common/pico_time/time.c.obj
 .debug_abbrev  0x000000000000104d      0x3a2 CMakeFiles/lab05.dir/Users/abhinavsinha/pico/pico-sdk/src/rp2_common/hardware_timer/timer.c.obj
 .debug_abbrev  0x00000000000013ef      0x116 CMakeFiles/lab05.dir/Users/abhinavsinha/pico/pico-sdk/src/common/pico_sync/lock_core.c.obj
 .debug_abbrev  0x0000000000001505      0x386 CMakeFiles/lab05.dir/Users/abhinavsinha/pico/pico-sdk/src/common/pico_sync/mutex.c.obj
 .debug_abbrev  0x000000000000188b      0x297 CMakeFiles/lab05.dir/Users/abhinavsinha/pico/pico-sdk/src/common/pico_util/pheap.c.obj
 .debug_abbrev  0x0000000000001b22      0x3aa CMakeFiles/lab05.dir/Users/abhinavsinha/pico/pico-sdk/src/rp2_common/pico_runtime/runtime.c.obj
 .debug_abbrev  0x0000000000001ecc      0x3a5 CMakeFiles/lab05.dir/Users/abhinavsinha/pico/pico-sdk/src/rp2_common/hardware_clocks/clocks.c.obj
 .debug_abbrev  0x0000000000002271      0x4cd CMakeFiles/lab05.dir/Users/abhinavsinha/pico/pico-sdk/src/rp2_common/hardware_irq/irq.c.obj
 .debug_abbrev  0x000000000000273e      0x1ea CMakeFiles/lab05.dir/Users/abhinavsinha/pico/pico-sdk/src/rp2_common/hardware_pll/pll.c.obj
 .debug_abbrev  0x0000000000002928      0x1a8 CMakeFiles/lab05.dir/Users/abhinavsinha/pico/pico-sdk/src/rp2_common/hardware_watchdog/watchdog.c.obj
 .debug_abbrev  0x0000000000002ad0      0x109 CMakeFiles/lab05.dir/Users/abhinavsinha/pico/pico-sdk/src/rp2_common/hardware_xosc/xosc.c.obj
 .debug_abbrev  0x0000000000002bd9      0x384 CMakeFiles/lab05.dir/Users/abhinavsinha/pico/pico-sdk/src/rp2_common/pico_printf/printf.c.obj
 .debug_abbrev  0x0000000000002f5d       0x12 CMakeFiles/lab05.dir/Users/abhinavsinha/pico/pico-sdk/src/rp2_common/pico_bit_ops/bit_ops_aeabi.S.obj
 .debug_abbrev  0x0000000000002f6f      0x13b CMakeFiles/lab05.dir/Users/abhinavsinha/pico/pico-sdk/src/rp2_common/pico_bootrom/bootrom.c.obj
 .debug_abbrev  0x00000000000030aa       0x12 CMakeFiles/lab05.dir/Users/abhinavsinha/pico/pico-sdk/src/rp2_common/pico_divider/divider.S.obj
 .debug_abbrev  0x00000000000030bc       0x12 CMakeFiles/lab05.dir/Users/abhinavsinha/pico/pico-sdk/src/rp2_common/pico_double/double_aeabi.S.obj
 .debug_abbrev  0x00000000000030ce      0x179 CMakeFiles/lab05.dir/Users/abhinavsinha/pico/pico-sdk/src/rp2_common/pico_double/double_init_rom.c.obj
 .debug_abbrev  0x0000000000003247       0x12 CMakeFiles/lab05.dir/Users/abhinavsinha/pico/pico-sdk/src/rp2_common/pico_double/double_v1_rom_shim.S.obj
 .debug_abbrev  0x0000000000003259       0x14 CMakeFiles/lab05.dir/Users/abhinavsinha/pico/pico-sdk/src/rp2_common/pico_int64_ops/pico_int64_ops_aeabi.S.obj
 .debug_abbrev  0x000000000000326d       0x12 CMakeFiles/lab05.dir/Users/abhinavsinha/pico/pico-sdk/src/rp2_common/pico_float/float_aeabi.S.obj
 .debug_abbrev  0x000000000000327f      0x18c CMakeFiles/lab05.dir/Users/abhinavsinha/pico/pico-sdk/src/rp2_common/pico_float/float_init_rom.c.obj
 .debug_abbrev  0x000000000000340b       0x12 CMakeFiles/lab05.dir/Users/abhinavsinha/pico/pico-sdk/src/rp2_common/pico_float/float_v1_rom_shim.S.obj
 .debug_abbrev  0x000000000000341d       0x12 CMakeFiles/lab05.dir/Users/abhinavsinha/pico/pico-sdk/src/rp2_common/pico_mem_ops/mem_ops_aeabi.S.obj
 .debug_abbrev  0x000000000000342f       0x12 CMakeFiles/lab05.dir/Users/abhinavsinha/pico/pico-sdk/src/rp2_common/pico_standard_link/crt0.S.obj
 .debug_abbrev  0x0000000000003441       0xad CMakeFiles/lab05.dir/Users/abhinavsinha/pico/pico-sdk/src/rp2_common/pico_standard_link/binary_info.c.obj
 .debug_abbrev  0x00000000000034ee      0x4a7 CMakeFiles/lab05.dir/Users/abhinavsinha/pico/pico-sdk/src/rp2_common/pico_stdio/stdio.c.obj

.debug_loc      0x0000000000000000     0xcbd1
 .debug_loc     0x0000000000000000      0x19f CMakeFiles/lab05.dir/lab05.c.obj
 .debug_loc     0x000000000000019f      0xede CMakeFiles/lab05.dir/Users/abhinavsinha/pico/pico-sdk/src/rp2_common/hardware_gpio/gpio.c.obj
 .debug_loc     0x000000000000107d      0x45f CMakeFiles/lab05.dir/Users/abhinavsinha/pico/pico-sdk/src/rp2_common/hardware_claim/claim.c.obj
 .debug_loc     0x00000000000014dc       0xe9 CMakeFiles/lab05.dir/Users/abhinavsinha/pico/pico-sdk/src/rp2_common/pico_platform/platform.c.obj
 .debug_loc     0x00000000000015c5      0x233 CMakeFiles/lab05.dir/Users/abhinavsinha/pico/pico-sdk/src/rp2_common/hardware_sync/sync.c.obj
 .debug_loc     0x00000000000017f8     0x2e2a CMakeFiles/lab05.dir/Users/abhinavsinha/pico/pico-sdk/src/common/pico_time/time.c.obj
 .debug_loc     0x0000000000004622      0x952 CMakeFiles/lab05.dir/Users/abhinavsinha/pico/pico-sdk/src/rp2_common/hardware_timer/timer.c.obj
 .debug_loc     0x0000000000004f74       0x60 CMakeFiles/lab05.dir/Users/abhinavsinha/pico/pico-sdk/src/common/pico_sync/lock_core.c.obj
 .debug_loc     0x0000000000004fd4     0x1469 CMakeFiles/lab05.dir/Users/abhinavsinha/pico/pico-sdk/src/common/pico_sync/mutex.c.obj
 .debug_loc     0x000000000000643d     0x1439 CMakeFiles/lab05.dir/Users/abhinavsinha/pico/pico-sdk/src/common/pico_util/pheap.c.obj
 .debug_loc     0x0000000000007876      0x3f0 CMakeFiles/lab05.dir/Users/abhinavsinha/pico/pico-sdk/src/rp2_common/pico_runtime/runtime.c.obj
 .debug_loc     0x0000000000007c66      0x7eb CMakeFiles/lab05.dir/Users/abhinavsinha/pico/pico-sdk/src/rp2_common/hardware_clocks/clocks.c.obj
 .debug_loc     0x0000000000008451     0x1274 CMakeFiles/lab05.dir/Users/abhinavsinha/pico/pico-sdk/src/rp2_common/hardware_irq/irq.c.obj
 .debug_loc     0x00000000000096c5      0x300 CMakeFiles/lab05.dir/Users/abhinavsinha/pico/pico-sdk/src/rp2_common/hardware_pll/pll.c.obj
 .debug_loc     0x00000000000099c5      0x2ec CMakeFiles/lab05.dir/Users/abhinavsinha/pico/pico-sdk/src/rp2_common/hardware_watchdog/watchdog.c.obj
 .debug_loc     0x0000000000009cb1       0x71 CMakeFiles/lab05.dir/Users/abhinavsinha/pico/pico-sdk/src/rp2_common/hardware_xosc/xosc.c.obj
 .debug_loc     0x0000000000009d22     0x2095 CMakeFiles/lab05.dir/Users/abhinavsinha/pico/pico-sdk/src/rp2_common/pico_printf/printf.c.obj
 .debug_loc     0x000000000000bdb7      0x1a1 CMakeFiles/lab05.dir/Users/abhinavsinha/pico/pico-sdk/src/rp2_common/pico_bootrom/bootrom.c.obj
 .debug_loc     0x000000000000bf58       0x59 CMakeFiles/lab05.dir/Users/abhinavsinha/pico/pico-sdk/src/rp2_common/pico_double/double_init_rom.c.obj
 .debug_loc     0x000000000000bfb1       0x73 CMakeFiles/lab05.dir/Users/abhinavsinha/pico/pico-sdk/src/rp2_common/pico_float/float_init_rom.c.obj
 .debug_loc     0x000000000000c024      0xbad CMakeFiles/lab05.dir/Users/abhinavsinha/pico/pico-sdk/src/rp2_common/pico_stdio/stdio.c.obj

.debug_aranges  0x0000000000000000      0xd18
 .debug_aranges
                0x0000000000000000       0x40 CMakeFiles/lab05.dir/lab05.c.obj
 .debug_aranges
                0x0000000000000040       0x20 CMakeFiles/lab05.dir/lab05.S.obj
 .debug_aranges
                0x0000000000000060       0xd8 CMakeFiles/lab05.dir/Users/abhinavsinha/pico/pico-sdk/src/rp2_common/hardware_gpio/gpio.c.obj
 .debug_aranges
                0x0000000000000138       0x48 CMakeFiles/lab05.dir/Users/abhinavsinha/pico/pico-sdk/src/rp2_common/hardware_claim/claim.c.obj
 .debug_aranges
                0x0000000000000180       0x28 CMakeFiles/lab05.dir/Users/abhinavsinha/pico/pico-sdk/src/rp2_common/pico_platform/platform.c.obj
 .debug_aranges
                0x00000000000001a8       0x58 CMakeFiles/lab05.dir/Users/abhinavsinha/pico/pico-sdk/src/rp2_common/hardware_sync/sync.c.obj
 .debug_aranges
                0x0000000000000200       0xd0 CMakeFiles/lab05.dir/Users/abhinavsinha/pico/pico-sdk/src/common/pico_time/time.c.obj
 .debug_aranges
                0x00000000000002d0       0x78 CMakeFiles/lab05.dir/Users/abhinavsinha/pico/pico-sdk/src/rp2_common/hardware_timer/timer.c.obj
 .debug_aranges
                0x0000000000000348       0x20 CMakeFiles/lab05.dir/Users/abhinavsinha/pico/pico-sdk/src/common/pico_sync/lock_core.c.obj
 .debug_aranges
                0x0000000000000368       0x88 CMakeFiles/lab05.dir/Users/abhinavsinha/pico/pico-sdk/src/common/pico_sync/mutex.c.obj
 .debug_aranges
                0x00000000000003f0       0x78 CMakeFiles/lab05.dir/Users/abhinavsinha/pico/pico-sdk/src/common/pico_util/pheap.c.obj
 .debug_aranges
                0x0000000000000468       0x60 CMakeFiles/lab05.dir/Users/abhinavsinha/pico/pico-sdk/src/rp2_common/pico_runtime/runtime.c.obj
 .debug_aranges
                0x00000000000004c8       0x70 CMakeFiles/lab05.dir/Users/abhinavsinha/pico/pico-sdk/src/rp2_common/hardware_clocks/clocks.c.obj
 .debug_aranges
                0x0000000000000538       0x98 CMakeFiles/lab05.dir/Users/abhinavsinha/pico/pico-sdk/src/rp2_common/hardware_irq/irq.c.obj
 .debug_aranges
                0x00000000000005d0       0x28 CMakeFiles/lab05.dir/Users/abhinavsinha/pico/pico-sdk/src/rp2_common/hardware_pll/pll.c.obj
 .debug_aranges
                0x00000000000005f8       0x58 CMakeFiles/lab05.dir/Users/abhinavsinha/pico/pico-sdk/src/rp2_common/hardware_watchdog/watchdog.c.obj
 .debug_aranges
                0x0000000000000650       0x30 CMakeFiles/lab05.dir/Users/abhinavsinha/pico/pico-sdk/src/rp2_common/hardware_xosc/xosc.c.obj
 .debug_aranges
                0x0000000000000680       0x90 CMakeFiles/lab05.dir/Users/abhinavsinha/pico/pico-sdk/src/rp2_common/pico_printf/printf.c.obj
 .debug_aranges
                0x0000000000000710       0x68 CMakeFiles/lab05.dir/Users/abhinavsinha/pico/pico-sdk/src/rp2_common/pico_bit_ops/bit_ops_aeabi.S.obj
 .debug_aranges
                0x0000000000000778       0x30 CMakeFiles/lab05.dir/Users/abhinavsinha/pico/pico-sdk/src/rp2_common/pico_bootrom/bootrom.c.obj
 .debug_aranges
                0x00000000000007a8       0x40 CMakeFiles/lab05.dir/Users/abhinavsinha/pico/pico-sdk/src/rp2_common/pico_divider/divider.S.obj
 .debug_aranges
                0x00000000000007e8      0x140 CMakeFiles/lab05.dir/Users/abhinavsinha/pico/pico-sdk/src/rp2_common/pico_double/double_aeabi.S.obj
 .debug_aranges
                0x0000000000000928       0x20 CMakeFiles/lab05.dir/Users/abhinavsinha/pico/pico-sdk/src/rp2_common/pico_double/double_init_rom.c.obj
 .debug_aranges
                0x0000000000000948       0xc8 CMakeFiles/lab05.dir/Users/abhinavsinha/pico/pico-sdk/src/rp2_common/pico_double/double_v1_rom_shim.S.obj
 .debug_aranges
                0x0000000000000a10       0x20 CMakeFiles/lab05.dir/Users/abhinavsinha/pico/pico-sdk/src/rp2_common/pico_int64_ops/pico_int64_ops_aeabi.S.obj
 .debug_aranges
                0x0000000000000a30      0x130 CMakeFiles/lab05.dir/Users/abhinavsinha/pico/pico-sdk/src/rp2_common/pico_float/float_aeabi.S.obj
 .debug_aranges
                0x0000000000000b60       0x20 CMakeFiles/lab05.dir/Users/abhinavsinha/pico/pico-sdk/src/rp2_common/pico_float/float_init_rom.c.obj
 .debug_aranges
                0x0000000000000b80       0x50 CMakeFiles/lab05.dir/Users/abhinavsinha/pico/pico-sdk/src/rp2_common/pico_float/float_v1_rom_shim.S.obj
 .debug_aranges
                0x0000000000000bd0       0x38 CMakeFiles/lab05.dir/Users/abhinavsinha/pico/pico-sdk/src/rp2_common/pico_mem_ops/mem_ops_aeabi.S.obj
 .debug_aranges
                0x0000000000000c08       0x28 CMakeFiles/lab05.dir/Users/abhinavsinha/pico/pico-sdk/src/rp2_common/pico_standard_link/crt0.S.obj
 .debug_aranges
                0x0000000000000c30       0x18 CMakeFiles/lab05.dir/Users/abhinavsinha/pico/pico-sdk/src/rp2_common/pico_standard_link/binary_info.c.obj
 .debug_aranges
                0x0000000000000c48       0xd0 CMakeFiles/lab05.dir/Users/abhinavsinha/pico/pico-sdk/src/rp2_common/pico_stdio/stdio.c.obj

.debug_ranges   0x0000000000000000     0x2bd0
 .debug_ranges  0x0000000000000000       0x60 CMakeFiles/lab05.dir/lab05.c.obj
 .debug_ranges  0x0000000000000060       0xe0 CMakeFiles/lab05.dir/Users/abhinavsinha/pico/pico-sdk/src/rp2_common/hardware_gpio/gpio.c.obj
 .debug_ranges  0x0000000000000140       0xd8 CMakeFiles/lab05.dir/Users/abhinavsinha/pico/pico-sdk/src/rp2_common/hardware_claim/claim.c.obj